D/StateMachine(  468): handleMessage: X
D/wpa_supplicant( 5958): Scan requested (ret=0) - scan timeout 30 seconds
D/wpa_supplicant( 5958): nl80211: Event message available
D/wpa_supplicant( 5958): nl80211: Scan trigger
I/ActivityThread(32133): Pub com.sina.weibo.userlog: com.sina.weibo.log.UserLogProvider
I/ActivityThread(32133): Pub com.sina.weibo.spProvider: com.sina.weibo.datasource.SinaWeiboSPProvider
I/ActivityThread(32133): Pub com.sina.weibo.blogProvider: com.sina.weibo.datasource.SinaWeiboDBProvider
I/ActivityThread(32133): Pub com.sina.weibo.sdkProvider: com.sina.weibo.datasource.SinaWeiboSdkProvider
I/ActivityThread(32133): Pub com.sina.weibo.picListProvider: com.sina.weibo.PictureListProvider
D/dalvikvm(  468): WAIT_FOR_CONCURRENT_GC blocked 0ms
D/dalvikvm(  468): GC_EXPLICIT freed 323K, 46% free 25359K/46343K, paused 5ms+14ms, total 174ms
W/ActivityManager(  468): Unable to start service Intent { act=sina.push.action.service.null (has extras) }: not found
I/ActivityManager(  468): Start proc com.baidu.input:bdservice_v1 for broadcast com.baidu.input/com.baidu.android.moplus.MoPlusReceiver: pid=32162 uid=10093 gids={3003, 1015, 1007, 1006, 1028}
W/System.err(31833): java.text.ParseException: Unparseable date: "" (at offset 0)
W/System.err(31833): 	at java.text.DateFormat.parse(DateFormat.java:626)
W/System.err(31833): 	at com.sina.weibo.localpush.a.a(LocalPushConfiguration.java:177)
W/System.err(31833): 	at com.sina.weibo.localpush.LocalPushService.a(LocalPushService.java:365)
W/System.err(31833): 	at com.sina.weibo.localpush.LocalPushService.onStartCommand(LocalPushService.java:196)
W/System.err(31833): 	at android.app.ActivityThread.handleServiceArgs(ActivityThread.java:2512)
W/System.err(31833): 	at android.app.ActivityThread.access$1900(ActivityThread.java:137)
W/System.err(31833): 	at android.app.ActivityThread$H.handleMessage(ActivityThread.java:1299)
W/System.err(31833): 	at android.os.Handler.dispatchMessage(Handler.java:99)
W/System.err(31833): 	at android.os.Looper.loop(Looper.java:137)
W/System.err(31833): 	at android.app.ActivityThread.main(ActivityThread.java:4819)
W/System.err(31833): 	at java.lang.reflect.Method.invokeNative(Native Method)
W/System.err(31833): 	at java.lang.reflect.Method.invoke(Method.java:511)
W/System.err(31833): 	at com.android.internal.os.ZygoteInit$MethodAndArgsCaller.run(ZygoteInit.java:793)
W/System.err(31833): 	at com.android.internal.os.ZygoteInit.main(ZygoteInit.java:560)
W/System.err(31833): 	at dalvik.system.NativeStart.main(Native Method)
E/Trace   (32162): error opening trace file: No such file or directory (2)
D/ActivityThread(32162): setTargetHeapUtilization:0.25
D/ActivityThread(32162): setTargetHeapIdealFree:8388608
D/ActivityThread(32162): setTargetHeapConcurrentStart:2097152
I/ActivityManager(  468): Process com.baidu.input:bdservice_v1 (pid 32162) has died.
D/wpa_supplicant( 5958): nl80211: Event message available
D/wpa_supplicant( 5958): nl80211: New scan results available
D/wpa_supplicant( 5958): nl80211: Associated on 2437 MHz
D/wpa_supplicant( 5958): nl80211: Associated with 14:75:90:42:29:ef
D/wpa_supplicant( 5958): nl80211: Received scan results (9 BSSes)
D/wpa_supplicant( 5958): nl80211: Survey data missing
D/wpa_supplicant( 5958): nl80211: Scan results indicate BSS status with 14:75:90:42:29:ef as associated
D/wpa_supplicant( 5958): Sorted scan results
D/wpa_supplicant( 5958): 14:75:90:42:29:ef freq=2437 qual=0 noise=0 level=-30 flags=0x2b
D/wpa_supplicant( 5958): 58:93:96:64:7b:e8 freq=2412 qual=0 noise=0 level=-58 flags=0xb
D/wpa_supplicant( 5958): 6c:70:9f:dc:a6:6a freq=2462 qual=0 noise=0 level=-59 flags=0xb
D/wpa_supplicant( 5958): 5a:d7:05:ee:c2:e6 freq=2462 qual=0 noise=0 level=-69 flags=0xb
D/wpa_supplicant( 5958): 48:d7:05:ee:c2:e6 freq=2462 qual=0 noise=0 level=-71 flags=0xb
D/wpa_supplicant( 5958): 28:c6:8e:1f:62:a0 freq=2412 qual=0 noise=0 level=-85 flags=0xb
D/wpa_supplicant( 5958): 64:a0:e7:0b:14:b0 freq=2457 qual=0 noise=0 level=-89 flags=0xb
D/wpa_supplicant( 5958): 00:26:c7:61:64:07 freq=2422 qual=0 noise=0 level=-94 flags=0xb
D/wpa_supplicant( 5958): c8:3a:35:1a:87:90 freq=2457 qual=0 noise=0 level=-95 flags=0xb
D/wpa_supplicant( 5958): Add randomness: count=10581 entropy=950
D/wpa_supplicant( 5958): Add randomness: count=10582 entropy=951
D/wpa_supplicant( 5958): Add randomness: count=10583 entropy=952
D/wpa_supplicant( 5958): Add randomness: count=10584 entropy=953
D/wpa_supplicant( 5958): Add randomness: count=10585 entropy=954
D/wpa_supplicant( 5958): Add randomness: count=10586 entropy=955
D/wpa_supplicant( 5958): Add randomness: count=10587 entropy=956
D/wpa_supplicant( 5958): Add randomness: count=10588 entropy=957
D/wpa_supplicant( 5958): Add randomness: count=10589 entropy=958
D/StateMachine(  468): handleMessage: E msg.what=147461
D/StateMachine(  468): processMsg: VerifyingLinkState
D/StateMachine(  468): processMsg: L2ConnectedState
D/WifiStateMachine(  468): L2ConnectedState{ what=147461 when=-1ms }
D/StateMachine(  468): processMsg: ConnectModeState
D/WifiStateMachine(  468): ConnectModeState{ what=147461 when=-2ms }
D/wpa_supplicant( 5958): wpa_s 0x41f78648 cmd AP_SCAN 1
D/StateMachine(  468): processMsg: DriverStartedState
D/WifiStateMachine(  468): DriverStartedState{ what=147461 when=-3ms }
D/StateMachine(  468): processMsg: SupplicantStartedState
D/WifiStateMachine(  468): SupplicantStartedState{ what=147461 when=-4ms }
D/wpa_supplicant( 5958): wpa_s 0x41f78648 cmd SCAN_RESULTS
D/StateMachine(  468): handleMessage: X
D/BootReceiver(26287): onReceive| intent.getAction = android.net.conn.CONNECTIVITY_CHANGE
D/BusinessService(26287): Service | onStart
I/ActivityManager(  468): Start proc com.example.killedapplication for broadcast com.example.killedapplication/.MyReceiver: pid=32181 uid=10089 gids={1028}
W/ActivityManager(  468): Unable to start service Intent { act=com.iflytek.business.plusbusinessservice }: not found
E/Trace   (32181): error opening trace file: No such file or directory (2)
D/ActivityThread(32181): setTargetHeapUtilization:0.25
D/ActivityThread(32181): setTargetHeapIdealFree:8388608
D/ActivityThread(32181): setTargetHeapConcurrentStart:2097152
I/MyReceiver(32181): onReceive
I/MyTestService(26456): onStartCommand
I/MyTestService(26456): onStart
D/NetworkChangeReceiver(31627):  lastNetworkType:-1lastNetworkStatus:-1
D/NetworkChangeReceiver(31627):  currentNetworkType:-1currentNetworkStatus:-1
D/NetworkChangeReceiver(31627):  :
I/ActivityManager(  468): Start proc com.baidu.video:bdservice_v1 for broadcast com.baidu.video/com.baidu.android.pushservice.PushServiceReceiver: pid=32195 uid=10091 gids={1028, 1015, 3003, 3002, 3001}
E/Trace   (32195): error opening trace file: No such file or directory (2)
D/ActivityThread(32195): setTargetHeapUtilization:0.25
D/ActivityThread(32195): setTargetHeapIdealFree:8388608
D/ActivityThread(32195): setTargetHeapConcurrentStart:2097152
D/dalvikvm(32195): WAIT_FOR_CONCURRENT_GC blocked 0ms
I/ActivityManager(  468): Process com.sina.weibo (pid 32133) has died.
W/ImageLoader(32195): You set too large memory cache size (more than 16 Mb)
W/System.err(32195): java.io.FileNotFoundException: customize.json
W/System.err(32195): 	at android.content.res.AssetManager.openAsset(Native Method)
W/System.err(32195): 	at android.content.res.AssetManager.open(AssetManager.java:324)
W/System.err(32195): 	at android.content.res.AssetManager.open(AssetManager.java:298)
W/System.err(32195): 	at bzn.a(Utils.java:458)
W/System.err(32195): 	at bzn.a(Utils.java:449)
W/System.err(32195): 	at aid.a(CustomizeManagerNew.java:82)
W/System.err(32195): 	at aid.<init>(CustomizeManagerNew.java:58)
W/System.err(32195): 	at aid.a(CustomizeManagerNew.java:69)
W/System.err(32195): 	at aie.<init>(FeatureManagerNew.java:37)
W/System.err(32195): 	at aie.a(FeatureManagerNew.java:50)
W/System.err(32195): 	at com.baidu.video.VideoApplication.onCreate(VideoApplication.java:100)
W/System.err(32195): 	at android.app.Instrumentation.callApplicationOnCreate(Instrumentation.java:999)
W/System.err(32195): 	at com.lbe.security.service.core.client.b.x.callApplicationOnCreate(Unknown Source)
W/System.err(32195): 	at android.app.ActivityThread.handleBindApplication(ActivityThread.java:4220)
W/System.err(32195): 	at android.app.ActivityThread.access$1300(ActivityThread.java:137)
W/System.err(32195): 	at android.app.ActivityThread$H.handleMessage(ActivityThread.java:1262)
W/System.err(32195): 	at android.os.Handler.dispatchMessage(Handler.java:99)
W/System.err(32195): 	at android.os.Looper.loop(Looper.java:137)
W/System.err(32195): 	at android.app.ActivityThread.main(ActivityThread.java:4819)
W/System.err(32195): 	at java.lang.reflect.Method.invokeNative(Native Method)
W/System.err(32195): 	at java.lang.reflect.Method.invoke(Method.java:511)
W/System.err(32195): 	at com.android.internal.os.ZygoteInit$MethodAndArgsCaller.run(ZygoteInit.java:793)
W/System.err(32195): 	at com.android.internal.os.ZygoteInit.main(ZygoteInit.java:560)
W/System.err(32195): 	at dalvik.system.NativeStart.main(Native Method)
D/AppEnv  (32195): no appenv asset json found
D/ActivityThread(32195): Loading provider com.baidu.video.bdprovider: com.baidu.video.db.provider.VideoContentProvider
I/PushServiceReceiver(32195): start PushSerevice for ACTION_BOOT_COMPLETED or CONNECTIVITY_ACTION
E/dalvikvm(32195): Could not find class 'android.app.IActivityWatcher', referenced from method id.a
W/dalvikvm(32195): VFY: unable to resolve const-class 440 (Landroid/app/IActivityWatcher;) in Lid;
E/dalvikvm(32195): Could not find class 'android.app.IActivityWatcher', referenced from method id.g
W/dalvikvm(32195): VFY: unable to resolve const-class 440 (Landroid/app/IActivityWatcher;) in Lid;
W/dalvikvm(32195): Unable to resolve superclass of Lia; (439)
W/dalvikvm(32195): Link of class 'Lia;' failed
E/dalvikvm(32195): Could not find class 'ia', referenced from method id.h
W/dalvikvm(32195): VFY: unable to resolve new-instance 6486 (Lia;) in Lid;
W/dalvikvm(32195): Unable to resolve superclass of Lia; (439)
W/dalvikvm(32195): Link of class 'Lia;' failed
D/PushService(32195): onCreate from : com.baidu.video
D/PushSDK (32195): Create PushSDK from : com.baidu.video
D/Utility (32195): updateServiceInfo2  isForce =false
I/Utility (32195): --- isDisableService : false
D/PushSDK (32195): shouldStopSelf-------localPriority = 0;  other packageName = qsbk.app--priority =288
D/PushSDK (32195): onCreate shouldStopSelf
D/PushService(32195): stopSelf : exitOnDestroy=true --- immediate=true
D/PushService(32195): -- onStartCommand -- Intent { act=com.baidu.pushservice.action.START cmp=com.baidu.video/com.baidu.android.pushservice.PushService }
D/PushSDK (32195): handleOnStart intent action = com.baidu.pushservice.action.START
D/PushService(32195): stopSelf : exitOnDestroy=true --- immediate=true
I/PushService(32195): onDestroy
D/PushSDK (32195): destory
D/dalvikvm(  146): WAIT_FOR_CONCURRENT_GC blocked 0ms
I/ActivityManager(  468): Start proc sina.mobile.tianqitong for broadcast sina.mobile.tianqitong/.appwidget.TQTReciever: pid=32221 uid=10075 gids={3003, 1015, 1028}
D/dalvikvm(  146): GC_EXPLICIT freed 39K, 60% free 6278K/15427K, paused 1ms+2ms, total 21ms
D/dalvikvm(  146): WAIT_FOR_CONCURRENT_GC blocked 0ms
D/dalvikvm(  146): GC_EXPLICIT freed <1K, 60% free 6278K/15427K, paused 2ms+1ms, total 22ms
D/dalvikvm(  146): WAIT_FOR_CONCURRENT_GC blocked 0ms
E/Trace   (32221): error opening trace file: No such file or directory (2)
D/ActivityThread(32221): setTargetHeapUtilization:0.25
D/ActivityThread(32221): setTargetHeapIdealFree:8388608
D/ActivityThread(32221): setTargetHeapConcurrentStart:2097152
D/dalvikvm(  146): GC_EXPLICIT freed <1K, 60% free 6278K/15427K, paused 2ms+3ms, total 28ms
I/ActivityManager(  468): Process com.xiaomi.gamecenter (pid 32114) has died.
I/ActivityThread(32221): Pub com.sina.tianqitong.LiveActionBgDataProvider: com.sina.tianqitong.provider.LiveActionBgDataProvider
I/ActivityThread(32221): Pub com.sina.tianqitong.AdInfoProvider: com.sina.tianqitong.provider.AdInfoProvider
I/ActivityThread(32221): Pub com.sina.tianqitong.LiveactionInfoProvider: com.sina.tianqitong.provider.LiveactionInfoProvider
I/ActivityThread(32221): Pub com.sina.tianqitong.HomepageInfoProvider: com.sina.tianqitong.provider.HomepageInfoProvider
I/ActivityThread(32221): Pub com.sina.tianqitong.ResourceCenterInfoProvider: com.sina.tianqitong.provider.ResourceCenterInfoProvider
I/ActivityThread(32221): Pub com.sina.tianqitong.LifeInfoProvider: com.sina.tianqitong.provider.LifeInfoProvider
I/ActivityThread(32221): Pub com.sina.tianqitong.SpecialTopicProvider: com.sina.tianqitong.provider.SpecialTopicProvider
I/ActivityThread(32221): Pub com.sina.tianqitong.RefinedForecastInfoProvider: com.sina.tianqitong.provider.RefinedForecastInfoProvider
I/ActivityThread(32221): Pub com.sina.tianqitong.LogInfoProvider: com.sina.tianqitong.provider.log.LogInfoProvider
I/ActivityThread(32221): Pub com.sina.tianqitong.DownloadInfoProvider: com.sina.tianqitong.provider.download.DownloadInfoProvider
I/ActivityThread(32221): Pub com.sina.tianqitong.lib2.weibo: com.sina.tianqitong.provider.WeiboProvider
I/ActivityThread(32221): Pub sina.mobile.tianqitong: com.sina.tianqitong.provider.TqtContentProvider
I/ActivityThread(32221): Pub sina.mobile.tianqitong.Citys: com.sina.tianqitong.provider.CitysDBProvider
I/ActivityThread(32221): Pub com.sina.tianqitong.provider: com.sina.tianqitong.provider.SubscribeInfoProvider
I/ActivityThread(32221): Pub com.sina.tianqitong.WeatherInfoProvider: com.sina.tianqitong.provider.callweather.WeatherInfoProvider
W/dalvikvm(32221): VFY: unable to resolve static method 983: Landroid/provider/Settings$Global;.getInt (Landroid/content/ContentResolver;Ljava/lang/String;I)I
D/dalvikvm(29634): GC_CONCURRENT freed 6295K, 28% free 20660K/28551K, paused 12ms+55ms, total 173ms
D/StateMachine(  468): handleMessage: E msg.what=131143
D/StateMachine(  468): processMsg: VerifyingLinkState
D/StateMachine(  468): processMsg: L2ConnectedState
D/WifiStateMachine(  468): L2ConnectedState{ what=131143 when=-3ms arg1=2 }
D/wpa_supplicant( 5958): wpa_s 0x41f78648 cmd AP_SCAN 2
D/StateMachine(  468): processMsg: ConnectModeState
D/WifiStateMachine(  468): ConnectModeState{ what=131143 when=-4ms arg1=2 }
D/StateMachine(  468): processMsg: DriverStartedState
D/WifiStateMachine(  468): DriverStartedState{ what=131143 when=-4ms arg1=2 }
D/wpa_supplicant( 5958): wpa_s 0x41f78648 cmd SCAN
D/wpa_supplicant( 5958): WPS: Building WPS IE for Probe Request
D/wpa_supplicant( 5958): WPS:  * Version (hardcoded 0x10)
D/wpa_supplicant( 5958): WPS:  * Request Type
D/wpa_supplicant( 5958): WPS:  * Config Methods (4388)
D/wpa_supplicant( 5958): WPS:  * UUID-E
D/wpa_supplicant( 5958): WPS:  * Primary Device Type
D/wpa_supplicant( 5958): WPS:  * RF Bands (1)
D/wpa_supplicant( 5958): WPS:  * Association State
D/wpa_supplicant( 5958): WPS:  * Configuration Error (0)
D/wpa_supplicant( 5958): WPS:  * Device Password ID (0)
D/wpa_supplicant( 5958): WPS:  * Manufacturer
D/wpa_supplicant( 5958): WPS:  * Model Name
D/wpa_supplicant( 5958): WPS:  * Model Number
D/wpa_supplicant( 5958): WPS:  * Device Name
D/wpa_supplicant( 5958): WPS:  * Version2 (0x20)
D/wpa_supplicant( 5958): P2P: * P2P IE header
D/wpa_supplicant( 5958): P2P: * Capability dev=23 group=00
D/wpa_supplicant( 5958): P2P: * Listen Channel: Regulatory Class 81 Channel 11
D/StateMachine(  468): handleMessage: X
D/wpa_supplicant( 5958): Scan requested (ret=0) - scan timeout 30 seconds
D/wpa_supplicant( 5958): nl80211: Event message available
D/wpa_supplicant( 5958): nl80211: Scan trigger
W/SignalStrength(32221): Size of signalstrength parcel:168
I/ActivityManager(  468): Start proc sina.mobile.tianqitong:remote for content provider sina.mobile.tianqitong/com.sina.push.datacenter.PushProvider: pid=32249 uid=10075 gids={3003, 1015, 1028}
E/Trace   (32249): error opening trace file: No such file or directory (2)
D/ActivityThread(32249): setTargetHeapUtilization:0.25
D/ActivityThread(32249): setTargetHeapIdealFree:8388608
D/ActivityThread(32249): setTargetHeapConcurrentStart:2097152
I/ActivityManager(  468): Process android.process.media (pid 32063) has died.
I/ActivityManager(  468): Process com.android.updater (pid 32077) has died.
I/ActivityThread(32249): Pub com.sina.push.pushprovider.1003: com.sina.push.datacenter.PushProvider
I/ActivityManager(  468): Start proc com.baidu.wenku for broadcast com.baidu.wenku/com.baidu.sapi2.share.ShareReceiver: pid=32270 uid=10186 gids={1015, 3001, 3002, 1007, 3003, 1028}
D/PhoneStatusBar(  587): updateNotification pkg=sina.mobile.tianqitong;id=5
D/SizeAdaptiveLayout(  587): com.android.internal.widget.SizeAdaptiveLayout@4182b3f8child view android.widget.LinearLayout@4288ee08 measured out of bounds at 97px clamped to 98px
E/Trace   (32270): error opening trace file: No such file or directory (2)
D/ActivityThread(32270): setTargetHeapUtilization:0.25
D/ActivityThread(32270): setTargetHeapIdealFree:8388608
D/ActivityThread(32270): setTargetHeapConcurrentStart:2097152
D/dalvikvm(32270): WAIT_FOR_CONCURRENT_GC blocked 0ms
W/dalvikvm(32249): VFY: unable to resolve static method 983: Landroid/provider/Settings$Global;.getInt (Landroid/content/ContentResolver;Ljava/lang/String;I)I
D/StateMachine(  468): handleMessage: E msg.what=131143
D/StateMachine(  468): processMsg: VerifyingLinkState
D/StateMachine(  468): processMsg: L2ConnectedState
D/WifiStateMachine(  468): L2ConnectedState{ what=131143 when=0 arg1=2 }
D/wpa_supplicant( 5958): wpa_s 0x41f78648 cmd AP_SCAN 2
D/StateMachine(  468): processMsg: ConnectModeState
D/WifiStateMachine(  468): ConnectModeState{ what=131143 when=0 arg1=2 }
D/StateMachine(  468): processMsg: DriverStartedState
D/WifiStateMachine(  468): DriverStartedState{ what=131143 when=-1ms arg1=2 }
D/wpa_supplicant( 5958): wpa_s 0x41f78648 cmd SCAN
D/wpa_supplicant( 5958): Ongoing scan action - reject new request
D/StateMachine(  468): handleMessage: X
D/dalvikvm(32221): GC_CONCURRENT freed 5784K, 44% free 8719K/15427K, paused 12ms+58ms, total 260ms
I/ActivityManager(  468): Process sina.mobile.tianqitong:remote (pid 32249) has died.
I/ActivityThread(32270): Pub com.baidu.wenku: com.baidu.wenku.provider.InboxProvider
W/ImageLoader(32270): discCache() and discCacheFileNameGenerator() calls overlap each other
D/wpa_supplicant( 5958): nl80211: Event message available
D/wpa_supplicant( 5958): nl80211: New scan results available
D/wpa_supplicant( 5958): nl80211: Associated on 2437 MHz
D/wpa_supplicant( 5958): nl80211: Associated with 14:75:90:42:29:ef
D/wpa_supplicant( 5958): nl80211: Received scan results (8 BSSes)
D/wpa_supplicant( 5958): nl80211: Survey data missing
D/wpa_supplicant( 5958): nl80211: Scan results indicate BSS status with 14:75:90:42:29:ef as associated
D/wpa_supplicant( 5958): Sorted scan results
D/wpa_supplicant( 5958): 14:75:90:42:29:ef freq=2437 qual=0 noise=0 level=-47 flags=0x2b
D/wpa_supplicant( 5958): 58:93:96:24:7b:e8 freq=2412 qual=0 noise=0 level=-57 flags=0xb
D/wpa_supplicant( 5958): 58:93:96:64:7b:e8 freq=2412 qual=0 noise=0 level=-61 flags=0xb
D/wpa_supplicant( 5958): 48:d7:05:ee:c2:e6 freq=2462 qual=0 noise=0 level=-69 flags=0xb
D/wpa_supplicant( 5958): 6c:70:9f:dc:a6:6a freq=2462 qual=0 noise=0 level=-71 flags=0xb
D/wpa_supplicant( 5958): 28:c6:8e:1f:62:a0 freq=2412 qual=0 noise=0 level=-81 flags=0xb
D/wpa_supplicant( 5958): ec:6c:9f:13:62:92 freq=2427 qual=0 noise=0 level=-87 flags=0xb
D/wpa_supplicant( 5958): 62:f8:1d:35:9d:07 freq=2412 qual=0 noise=0 level=-98 flags=0xb
D/wpa_supplicant( 5958): Add randomness: count=10590 entropy=959
D/wpa_supplicant( 5958): Add randomness: count=10591 entropy=960
D/wpa_supplicant( 5958): Add randomness: count=10592 entropy=961
D/wpa_supplicant( 5958): Add randomness: count=10593 entropy=962
D/wpa_supplicant( 5958): Add randomness: count=10594 entropy=963
D/wpa_supplicant( 5958): Add randomness: count=10595 entropy=964
D/wpa_supplicant( 5958): Add randomness: count=10596 entropy=965
D/wpa_supplicant( 5958): Add randomness: count=10597 entropy=966
D/StateMachine(  468): handleMessage: E msg.what=147461
D/StateMachine(  468): processMsg: VerifyingLinkState
D/StateMachine(  468): processMsg: L2ConnectedState
D/WifiStateMachine(  468): L2ConnectedState{ what=147461 when=-1ms }
D/StateMachine(  468): processMsg: ConnectModeState
D/WifiStateMachine(  468): ConnectModeState{ what=147461 when=-1ms }
D/wpa_supplicant( 5958): wpa_s 0x41f78648 cmd AP_SCAN 1
D/StateMachine(  468): processMsg: DriverStartedState
D/WifiStateMachine(  468): DriverStartedState{ what=147461 when=-2ms }
D/StateMachine(  468): processMsg: SupplicantStartedState
D/WifiStateMachine(  468): SupplicantStartedState{ what=147461 when=-2ms }
D/wpa_supplicant( 5958): wpa_s 0x41f78648 cmd SCAN_RESULTS
I/ActivityManager(  468): Start proc com.baidu.travel for broadcast com.baidu.travel/.receiver.AccountChangedReceiver: pid=32290 uid=10222 gids={3003, 1015, 1006, 1007, 1028}
D/StateMachine(  468): handleMessage: X
I/ActivityManager(  468): Process com.baidu.wenku (pid 32270) has died.
E/Trace   (32290): error opening trace file: No such file or directory (2)
D/ActivityThread(32290): setTargetHeapUtilization:0.25
D/ActivityThread(32290): setTargetHeapIdealFree:8388608
D/ActivityThread(32290): setTargetHeapConcurrentStart:2097152
D/dalvikvm(32290): WAIT_FOR_CONCURRENT_GC blocked 0ms
W/ActivityManager(  468): Unable to start service Intent { act=sina.push.action.service.null (has extras) }: not found
D/AppCommonMemCache(32290): commonmemcache addr: 1552971076
I/auth info(32290): ak:  heArE8XpQsC10U3E4MADqvZU
I/auth info(32290): mcode:  6E:CF:3E:D0:9D:FC:8D:83:D9:2E:41:40:4C:58:17:65:14:72:9F:47;com.baidu.travel
W/System.err(32290): java.net.UnknownHostException: Unable to resolve host "sapi.map.baidu.com": No address associated with hostname
W/System.err(32290): 	at java.net.InetAddress.lookupHostByName(InetAddress.java:424)
W/System.err(32290): 	at java.net.InetAddress.getAllByNameImpl(InetAddress.java:236)
W/System.err(32290): 	at java.net.InetAddress.getAllByName(InetAddress.java:214)
W/System.err(32290): 	at org.apache.http.impl.conn.DefaultClientConnectionOperator.openConnection(DefaultClientConnectionOperator.java:137)
W/System.err(32290): 	at org.apache.http.impl.conn.AbstractPoolEntry.open(AbstractPoolEntry.java:164)
W/System.err(32290): 	at org.apache.http.impl.conn.AbstractPooledConnAdapter.open(AbstractPooledConnAdapter.java:119)
W/System.err(32290): 	at org.apache.http.impl.client.DefaultRequestDirector.execute(DefaultRequestDirector.java:360)
W/System.err(32290): 	at org.apache.http.impl.client.AbstractHttpClient.execute(AbstractHttpClient.java:555)
W/System.err(32290): 	at org.apache.http.impl.client.AbstractHttpClient.execute(AbstractHttpClient.java:487)
W/System.err(32290): 	at org.apache.http.impl.client.AbstractHttpClient.execute(AbstractHttpClient.java:465)
W/System.err(32290): 	at com.baidu.mapapi.utils.PermissionCheck.permissionCheck(Unknown Source)
W/System.err(32290): 	at dalvik.system.NativeStart.run(Native Method)
W/System.err(32290): Caused by: libcore.io.GaiException: getaddrinfo failed: EAI_NODATA (No address associated with hostname)
W/System.err(32290): 	at libcore.io.Posix.getaddrinfo(Native Method)
W/System.err(32290): 	at libcore.io.ForwardingOs.getaddrinfo(ForwardingOs.java:55)
W/System.err(32290): 	at java.net.InetAddress.lookupHostByName(InetAddress.java:405)
W/System.err(32290): 	... 11 more
W/System.err(32290): Caused by: libcore.io.ErrnoException: getaddrinfo failed: ENETUNREACH (Network is unreachable)
W/System.err(32290): 	... 14 more
I/ActivityManager(  468): Process com.example.killedapplication (pid 32181) has died.
I/ActivityManager(  468): Process com.qihoo.appstore (pid 30926) has died.
W/ActivityManager(  468): Scheduling restart of crashed service com.qihoo.appstore/.express.DownloadCoreService in 62288ms
D/dalvikvm(32290): GC_FOR_ALLOC freed 5009K, 41% free 9163K/15427K, paused 37ms, total 37ms
I/ActivityManager(  468): Start proc com.baidu.wenku for broadcast com.baidu.wenku/com.baidu.sapi2.share.ShareReceiver: pid=32322 uid=10186 gids={1015, 3001, 3002, 1007, 3003, 1028}
E/Trace   (32322): error opening trace file: No such file or directory (2)
D/ActivityThread(32322): setTargetHeapUtilization:0.25
D/ActivityThread(32322): setTargetHeapIdealFree:8388608
D/ActivityThread(32322): setTargetHeapConcurrentStart:2097152
D/dalvikvm(32322): WAIT_FOR_CONCURRENT_GC blocked 0ms
I/ActivityManager(  468): Process com.baidu.travel (pid 32290) has died.
I/ActivityThread(32322): Pub com.baidu.wenku: com.baidu.wenku.provider.InboxProvider
W/ImageLoader(32322): discCache() and discCacheFileNameGenerator() calls overlap each other
I/ActivityManager(  468): Start proc com.baidu.travel for broadcast com.baidu.travel/.receiver.AccountChangedReceiver: pid=32339 uid=10222 gids={3003, 1015, 1006, 1007, 1028}
E/Trace   (32339): error opening trace file: No such file or directory (2)
D/ActivityThread(32339): setTargetHeapUtilization:0.25
D/ActivityThread(32339): setTargetHeapIdealFree:8388608
D/ActivityThread(32339): setTargetHeapConcurrentStart:2097152
D/dalvikvm(32339): WAIT_FOR_CONCURRENT_GC blocked 0ms
D/AppCommonMemCache(32339): commonmemcache addr: 1574923908
I/auth info(32339): ak:  heArE8XpQsC10U3E4MADqvZU
I/auth info(32339): mcode:  6E:CF:3E:D0:9D:FC:8D:83:D9:2E:41:40:4C:58:17:65:14:72:9F:47;com.baidu.travel
W/System.err(32339): java.net.UnknownHostException: Unable to resolve host "sapi.map.baidu.com": No address associated with hostname
W/System.err(32339): 	at java.net.InetAddress.lookupHostByName(InetAddress.java:424)
W/System.err(32339): 	at java.net.InetAddress.getAllByNameImpl(InetAddress.java:236)
W/System.err(32339): 	at java.net.InetAddress.getAllByName(InetAddress.java:214)
W/System.err(32339): 	at org.apache.http.impl.conn.DefaultClientConnectionOperator.openConnection(DefaultClientConnectionOperator.java:137)
W/System.err(32339): 	at org.apache.http.impl.conn.AbstractPoolEntry.open(AbstractPoolEntry.java:164)
W/System.err(32339): 	at org.apache.http.impl.conn.AbstractPooledConnAdapter.open(AbstractPooledConnAdapter.java:119)
W/System.err(32339): 	at org.apache.http.impl.client.DefaultRequestDirector.execute(DefaultRequestDirector.java:360)
W/System.err(32339): 	at org.apache.http.impl.client.AbstractHttpClient.execute(AbstractHttpClient.java:555)
W/System.err(32339): 	at org.apache.http.impl.client.AbstractHttpClient.execute(AbstractHttpClient.java:487)
W/System.err(32339): 	at org.apache.http.impl.client.AbstractHttpClient.execute(AbstractHttpClient.java:465)
W/System.err(32339): 	at com.baidu.mapapi.utils.PermissionCheck.permissionCheck(Unknown Source)
W/System.err(32339): 	at dalvik.system.NativeStart.run(Native Method)
W/System.err(32339): Caused by: libcore.io.GaiException: getaddrinfo failed: EAI_NODATA (No address associated with hostname)
W/System.err(32339): 	at libcore.io.Posix.getaddrinfo(Native Method)
W/System.err(32339): 	at libcore.io.ForwardingOs.getaddrinfo(ForwardingOs.java:55)
W/System.err(32339): 	at java.net.InetAddress.lookupHostByName(InetAddress.java:405)
W/System.err(32339): 	... 11 more
W/System.err(32339): Caused by: libcore.io.ErrnoException: getaddrinfo failed: ENETUNREACH (Network is unreachable)
W/System.err(32339): 	... 14 more
I/ActivityManager(  468): Process com.baidu.wenku (pid 32322) has died.
D/dalvikvm(32339): GC_FOR_ALLOC freed 5113K, 41% free 9170K/15427K, paused 31ms, total 31ms
I/ActivityManager(  468): Start proc cn.etouch.ecalendar for broadcast cn.etouch.ecalendar/.widget.myWidget_weather: pid=32371 uid=10152 gids={3003, 1015, 1007, 1028}
E/Trace   (32371): error opening trace file: No such file or directory (2)
D/ActivityThread(32371): setTargetHeapUtilization:0.25
D/ActivityThread(32371): setTargetHeapIdealFree:8388608
D/ActivityThread(32371): setTargetHeapConcurrentStart:2097152
I/ActivityThread(32371): Pub cn.etouch.ecalendar.provider: cn.etouch.ecalendar.provider.EcalendarProvider
I/ActivityManager(  468): Start proc android.process.media for broadcast com.android.providers.downloads/.DownloadPushMessageReceiver: pid=32385 uid=10015 gids={1015, 1023, 1024, 1028, 2001, 3003, 3007}
D/BatteryInfoReceiver(  846): 24
D/BatteryInfoReceiver(  846): BatteryInfoReceiver.updateBatteryInfo(...).
I/ActivityManager(  468): Start proc com.qihoo.appstore for service com.qihoo.appstore/.express.DownloadCoreService: pid=32396 uid=10094 gids={3003, 1015, 3002, 1006, 3001, 1028}
I/ActivityManager(  468): Process com.baidu.travel (pid 32339) has died.
E/Trace   (32385): error opening trace file: No such file or directory (2)
D/ActivityThread(32385): setTargetHeapUtilization:0.25
D/ActivityThread(32385): setTargetHeapIdealFree:8388608
D/ActivityThread(32385): setTargetHeapConcurrentStart:2097152
D/dalvikvm(  772): WAIT_FOR_CONCURRENT_GC blocked 0ms
E/Trace   (32396): error opening trace file: No such file or directory (2)
D/ActivityThread(32396): setTargetHeapUtilization:0.25
D/ActivityThread(32396): setTargetHeapIdealFree:8388608
D/ActivityThread(32396): setTargetHeapConcurrentStart:2097152
I/ActivityThread(32385): Pub downloads: com.android.providers.downloads.DownloadProvider
I/ActivityThread(32385): Pub drm: com.android.providers.drm.DrmProvider
I/ActivityThread(32385): Pub media: com.android.providers.media.MediaProvider
I/DownloadManager(32385): in removeSpuriousFiles
D/dalvikvm(  772): GC_EXPLICIT freed 4698K, 30% free 22839K/32199K, paused 3ms+37ms, total 178ms
E/SQLiteLog(32385): (5) statement aborts at 1: [PRAGMA journal_mode=TRUNCATE;] 
D/ProxyApplication(32396): attachBaseContext mCurrentProcessName : com.qihoo.appstore
D/ProxyApplication(32396): attachBaseContext mIsConfigProcesso : false
I/ActivityManager(  468): Start proc com.sina.weibo for broadcast com.sina.weibo/.weiyouinterface.WeiyouDispatchReceiver: pid=32416 uid=10053 gids={1006, 3003, 1015, 1007, 1028}
E/Trace   (32416): error opening trace file: No such file or directory (2)
D/ActivityThread(32416): setTargetHeapUtilization:0.25
D/ActivityThread(32416): setTargetHeapIdealFree:8388608
D/ActivityThread(32416): setTargetHeapConcurrentStart:2097152
I/ActivityManager(  468): Process cn.etouch.ecalendar (pid 32371) has died.
I/ActivityThread(32396): Pub 360appstoreignoreappinfo: com.qihoo.appstore.provider.appinfoignore.IgnoreUpdateAppProvider
I/ActivityManager(  468): Process com.sina.weibo:remote (pid 31833) has died.
W/ActivityManager(  468): Scheduling restart of crashed service com.sina.weibo/.localpush.LocalPushService in 59696ms
D/dalvikvm(  468): WAIT_FOR_CONCURRENT_GC blocked 0ms
D/dalvikvm(  468): GC_EXPLICIT freed 1023K, 46% free 25459K/46343K, paused 9ms+18ms, total 230ms
D/GpsLocationProvider(  468): updateBatteryStatus invoked and setting values. isBatteryCharging: true
D/GpsLocationProvider(  468): Gps MessageHandler. msg.what 12 msg.arg1:2 msg.arg2: 0
D/GpsLocationProvider(  468): handleNativePhoneContextUpdate called. updateType: 2 mRequestContextType: 0 mRequestType: 0
D/GpsLocationProvider(  468): handleNativePhoneContextUpdate. Update obtained before request. Ignoring
D/dalvikvm(29634): GC_CONCURRENT freed 6266K, 28% free 20714K/28743K, paused 2ms+55ms, total 190ms
I/ActivityThread(32416): Pub com.sina.weibo.userlog: com.sina.weibo.log.UserLogProvider
I/ActivityThread(32416): Pub com.sina.weibo.spProvider: com.sina.weibo.datasource.SinaWeiboSPProvider
I/ActivityThread(32416): Pub com.sina.weibo.blogProvider: com.sina.weibo.datasource.SinaWeiboDBProvider
E/DownloadManager(32385): Unknown domain for uri: non-dwnldmngr-download-dont-retry2download
E/DownloadManager(32385): Unknown domain for uri: non-dwnldmngr-download-dont-retry2download
E/DownloadManager(32385): Unknown domain for uri: non-dwnldmngr-download-dont-retry2download
E/DownloadManager(32385): Unknown domain for uri: non-dwnldmngr-download-dont-retry2download
E/DownloadManager(32385): Unknown domain for uri: non-dwnldmngr-download-dont-retry2download
E/DownloadManager(32385): Unknown domain for uri: non-dwnldmngr-download-dont-retry2download
E/DownloadManager(32385): Unknown domain for uri: non-dwnldmngr-download-dont-retry2download
E/DownloadManager(32385): Unknown domain for uri: non-dwnldmngr-download-dont-retry2download
D/dalvikvm(  468): WAIT_FOR_CONCURRENT_GC blocked 0ms
D/BatteryInfoReceiver(  846): 24
W/PowerUI (  587): unknown intent: Intent { act=android.intent.action.ACTION_POWER_CONNECTED flg=0x8000010 }
D/GpsLocationProvider(  468): updateBatteryStatus invoked and setting values. isBatteryCharging: false
D/GpsLocationProvider(  468): Gps MessageHandler. msg.what 12 msg.arg1:2 msg.arg2: 0
D/GpsLocationProvider(  468): handleNativePhoneContextUpdate called. updateType: 2 mRequestContextType: 0 mRequestType: 0
D/GpsLocationProvider(  468): handleNativePhoneContextUpdate. Update obtained before request. Ignoring
D/PictureClock(  587): newTime=16:09
E/MyLog   (32396): ZY>>LOGD=false
D/SizeAdaptiveLayout(  587): com.android.internal.widget.SizeAdaptiveLayout@41bc5960child view android.widget.FrameLayout@41bc7480 measured out of bounds at 97px clamped to 98px
D/SizeAdaptiveLayout(  587): com.android.internal.widget.SizeAdaptiveLayout@41c6e248child view android.widget.FrameLayout@41c95fb8 measured out of bounds at 97px clamped to 98px
D/SizeAdaptiveLayout(  587): com.android.internal.widget.SizeAdaptiveLayout@426a80c8child view android.widget.FrameLayout@42816638 measured out of bounds at 97px clamped to 98px
I/ActivityThread(32416): Pub com.sina.weibo.sdkProvider: com.sina.weibo.datasource.SinaWeiboSdkProvider
I/ActivityThread(32416): Pub com.sina.weibo.picListProvider: com.sina.weibo.PictureListProvider
D/PhoneStatusBar(  587): addNotification pkg=android;targetpkg=android;id=17040475
D/GpsLocationProvider(  468): updateBatteryStatus invoked and setting values. isBatteryCharging: true
D/GpsLocationProvider(  468): Gps MessageHandler. msg.what 12 msg.arg1:2 msg.arg2: 0
D/GpsLocationProvider(  468): handleNativePhoneContextUpdate called. updateType: 2 mRequestContextType: 0 mRequestType: 0
D/GpsLocationProvider(  468): handleNativePhoneContextUpdate. Update obtained before request. Ignoring
D/dalvikvm(  468): GC_EXPLICIT freed 767K, 46% free 25319K/46343K, paused 340ms+35ms, total 794ms
W/PowerUI (  587): unknown intent: Intent { act=android.intent.action.ACTION_POWER_CONNECTED flg=0x8000010 }
D/SizeAdaptiveLayout(  587): com.android.internal.widget.SizeAdaptiveLayout@4246cf30child view android.widget.FrameLayout@41eff980 measured out of bounds at 97px clamped to 98px
I/StorageNotification(  587): UMS connection changed to true (media state mounted)
D/VoldCmdListener(  139): volume shared /storage/sdcard0 ums
I/StorageNotification(  587): UMS connection changed to true (media state mounted)
D/VoldCmdListener(  139): volume shared /storage/sdcard0 ums
D/PhoneStatusBar(  587): addNotification pkg=com.android.systemui;targetpkg=com.android.systemui;id=3
D/PhoneStatusBar(  587): updateNotification pkg=com.android.systemui;id=3
W/StatusBar(  587): updateNotification for unknown key: android.os.BinderProxy@41d0abe0
W/ActivityManager(  468): Unable to start service Intent { act=sina.push.action.service.null (has extras) }: not found
I/ActivityManager(  468): Start proc cn.etouch.ecalendar for broadcast cn.etouch.ecalendar/.widget.myWidget_weather2: pid=32477 uid=10152 gids={3003, 1015, 1007, 1028}
E/Trace   (32477): error opening trace file: No such file or directory (2)
D/ActivityThread(32477): setTargetHeapUtilization:0.25
D/ActivityThread(32477): setTargetHeapIdealFree:8388608
D/ActivityThread(32477): setTargetHeapConcurrentStart:2097152
D/BatteryInfoReceiver(  846): 24
I/ActivityManager(  468): Process com.sina.weibo (pid 32416) has died.
I/ActivityThread(32477): Pub cn.etouch.ecalendar.provider: cn.etouch.ecalendar.provider.EcalendarProvider
D/dalvikvm(  146): WAIT_FOR_CONCURRENT_GC blocked 0ms
I/ActivityManager(  468): Start proc com.miui.cloudservice for broadcast com.miui.cloudservice/.push.PushServiceStartedReceiver: pid=32492 uid=10012 gids={3003, 2001, 1028}
D/dalvikvm(  146): GC_EXPLICIT freed 38K, 60% free 6278K/15427K, paused 2ms+2ms, total 44ms
D/dalvikvm(  146): WAIT_FOR_CONCURRENT_GC blocked 0ms
D/dalvikvm(  146): GC_EXPLICIT freed <1K, 60% free 6278K/15427K, paused 2ms+2ms, total 31ms
D/dalvikvm(  146): WAIT_FOR_CONCURRENT_GC blocked 0ms
D/dalvikvm(  146): GC_EXPLICIT freed <1K, 60% free 6278K/15427K, paused 2ms+2ms, total 23ms
E/Trace   (32492): error opening trace file: No such file or directory (2)
D/ActivityThread(32492): setTargetHeapUtilization:0.25
D/ActivityThread(32492): setTargetHeapIdealFree:8388608
D/ActivityThread(32492): setTargetHeapConcurrentStart:2097152
D/dalvikvm(32385): WAIT_FOR_CONCURRENT_GC blocked 0ms
D/dalvikvm(32385): GC_EXPLICIT freed 1278K, 50% free 7863K/15427K, paused 2ms+12ms, total 78ms
I/ActivityThread(32492): Pub com.miui.cloudservice: com.miui.cloudservice.push.MicloudPushProviderImpl
D/MicloudPushService(32492): push service action : com.xiaomi.push.channel_closed
D/MicloudPushService(32492): channel closed
I/ActivityManager(  468): Start proc com.sina.weibo for broadcast com.sina.weibo/.weiyouinterface.WeiyouDispatchReceiver: pid=32507 uid=10053 gids={1006, 3003, 1015, 1007, 1028}
D/dalvikvm(  468): WAIT_FOR_CONCURRENT_GC blocked 0ms
D/dalvikvm(  468): GC_EXPLICIT freed 375K, 46% free 25251K/46343K, paused 7ms+16ms, total 189ms
E/Trace   (32507): error opening trace file: No such file or directory (2)
D/ActivityThread(32507): setTargetHeapUtilization:0.25
D/ActivityThread(32507): setTargetHeapIdealFree:8388608
D/ActivityThread(32507): setTargetHeapConcurrentStart:2097152
D/BatteryInfoReceiver(  846): 24
I/ActivityManager(  468): Start proc sina.mobile.tianqitong:remote for service sina.mobile.tianqitong/com.sina.push.service.SinaPushService: pid=32520 uid=10075 gids={3003, 1015, 1028}
E/Trace   (32520): error opening trace file: No such file or directory (2)
D/ActivityThread(32520): setTargetHeapUtilization:0.25
D/ActivityThread(32520): setTargetHeapIdealFree:8388608
D/ActivityThread(32520): setTargetHeapConcurrentStart:2097152
I/ActivityManager(  468): Process android.process.media (pid 32385) has died.
I/ActivityThread(32507): Pub com.sina.weibo.userlog: com.sina.weibo.log.UserLogProvider
I/ActivityThread(32507): Pub com.sina.weibo.spProvider: com.sina.weibo.datasource.SinaWeiboSPProvider
I/ActivityThread(32507): Pub com.sina.weibo.blogProvider: com.sina.weibo.datasource.SinaWeiboDBProvider
I/ActivityManager(  468): Process cn.etouch.ecalendar (pid 32477) has died.
I/ActivityThread(32507): Pub com.sina.weibo.sdkProvider: com.sina.weibo.datasource.SinaWeiboSdkProvider
I/ActivityThread(32507): Pub com.sina.weibo.picListProvider: com.sina.weibo.PictureListProvider
I/ActivityThread(32520): Pub com.sina.push.pushprovider.1003: com.sina.push.datacenter.PushProvider
D/dalvikvm(  668): WAIT_FOR_CONCURRENT_GC blocked 0ms
D/dalvikvm(  668): GC_EXPLICIT freed 467K, 46% free 8474K/15427K, paused 2ms+4ms, total 43ms
W/dalvikvm(32520): VFY: unable to resolve static method 983: Landroid/provider/Settings$Global;.getInt (Landroid/content/ContentResolver;Ljava/lang/String;I)I
D/StateMachine(  468): handleMessage: E msg.what=131143
D/StateMachine(  468): processMsg: VerifyingLinkState
D/StateMachine(  468): processMsg: L2ConnectedState
D/WifiStateMachine(  468): L2ConnectedState{ what=131143 when=-1ms arg1=2 }
D/wpa_supplicant( 5958): wpa_s 0x41f78648 cmd AP_SCAN 2
D/StateMachine(  468): processMsg: ConnectModeState
D/WifiStateMachine(  468): ConnectModeState{ what=131143 when=-1ms arg1=2 }
D/StateMachine(  468): processMsg: DriverStartedState
D/WifiStateMachine(  468): DriverStartedState{ what=131143 when=-2ms arg1=2 }
D/wpa_supplicant( 5958): wpa_s 0x41f78648 cmd SCAN
D/wpa_supplicant( 5958): WPS: Building WPS IE for Probe Request
D/wpa_supplicant( 5958): WPS:  * Version (hardcoded 0x10)
D/wpa_supplicant( 5958): WPS:  * Request Type
D/wpa_supplicant( 5958): WPS:  * Config Methods (4388)
D/wpa_supplicant( 5958): WPS:  * UUID-E
D/wpa_supplicant( 5958): WPS:  * Primary Device Type
D/wpa_supplicant( 5958): WPS:  * RF Bands (1)
D/wpa_supplicant( 5958): WPS:  * Association State
D/wpa_supplicant( 5958): WPS:  * Configuration Error (0)
D/wpa_supplicant( 5958): WPS:  * Device Password ID (0)
D/wpa_supplicant( 5958): WPS:  * Manufacturer
D/wpa_supplicant( 5958): WPS:  * Model Name
D/wpa_supplicant( 5958): WPS:  * Model Number
D/wpa_supplicant( 5958): WPS:  * Device Name
D/wpa_supplicant( 5958): WPS:  * Version2 (0x20)
D/wpa_supplicant( 5958): P2P: * P2P IE header
D/wpa_supplicant( 5958): P2P: * Capability dev=23 group=00
D/wpa_supplicant( 5958): P2P: * Listen Channel: Regulatory Class 81 Channel 11
D/StateMachine(  468): handleMessage: X
D/wpa_supplicant( 5958): Scan requested (ret=0) - scan timeout 30 seconds
D/wpa_supplicant( 5958): nl80211: Event message available
D/wpa_supplicant( 5958): nl80211: Scan trigger
W/ActivityManager(  468): Unable to start service Intent { act=sina.push.action.service.null (has extras) }: not found
D/StateMachine(  468): handleMessage: E msg.what=131131
D/StateMachine(  468): processMsg: VerifyingLinkState
D/StateMachine(  468): processMsg: L2ConnectedState
D/WifiStateMachine(  468): L2ConnectedState{ what=131131 when=0 }
D/StateMachine(  468): processMsg: ConnectModeState
D/WifiStateMachine(  468): ConnectModeState{ what=131131 when=0 }
D/StateMachine(  468): processMsg: DriverStartedState
D/WifiStateMachine(  468): DriverStartedState{ what=131131 when=0 }
D/StateMachine(  468): processMsg: SupplicantStartedState
D/WifiStateMachine(  468): SupplicantStartedState{ what=131131 when=0 }
D/StateMachine(  468): handleMessage: X
D/StateMachine(  468): handleMessage: E msg.what=131131
D/StateMachine(  468): processMsg: VerifyingLinkState
D/StateMachine(  468): processMsg: L2ConnectedState
D/WifiStateMachine(  468): L2ConnectedState{ what=131131 when=0 }
D/StateMachine(  468): processMsg: ConnectModeState
D/WifiStateMachine(  468): ConnectModeState{ what=131131 when=0 }
D/StateMachine(  468): processMsg: DriverStartedState
D/WifiStateMachine(  468): DriverStartedState{ what=131131 when=0 }
D/StateMachine(  468): processMsg: SupplicantStartedState
D/WifiStateMachine(  468): SupplicantStartedState{ what=131131 when=0 }
W/SignalStrength(32520): Size of signalstrength parcel:168
D/StateMachine(  468): handleMessage: X
D/StateMachine(  468): handleMessage: E msg.what=131131
D/StateMachine(  468): processMsg: VerifyingLinkState
D/StateMachine(  468): processMsg: L2ConnectedState
D/WifiStateMachine(  468): L2ConnectedState{ what=131131 when=0 }
D/StateMachine(  468): processMsg: ConnectModeState
D/WifiStateMachine(  468): ConnectModeState{ what=131131 when=-1ms }
D/StateMachine(  468): processMsg: DriverStartedState
D/WifiStateMachine(  468): DriverStartedState{ what=131131 when=-1ms }
D/StateMachine(  468): processMsg: SupplicantStartedState
D/WifiStateMachine(  468): SupplicantStartedState{ what=131131 when=-1ms }
D/StateMachine(  468): handleMessage: X
I/ActivityManager(  468): Start proc android.process.media for broadcast com.android.providers.downloads/.DownloadPushMessageReceiver: pid=32557 uid=10015 gids={1015, 1023, 1024, 1028, 2001, 3003, 3007}
D/StateMachine(  468): handleMessage: E msg.what=131131
D/StateMachine(  468): processMsg: VerifyingLinkState
D/StateMachine(  468): processMsg: L2ConnectedState
D/WifiStateMachine(  468): L2ConnectedState{ what=131131 when=0 }
D/StateMachine(  468): processMsg: ConnectModeState
D/WifiStateMachine(  468): ConnectModeState{ what=131131 when=0 }
D/StateMachine(  468): processMsg: DriverStartedState
D/WifiStateMachine(  468): DriverStartedState{ what=131131 when=0 }
D/StateMachine(  468): processMsg: SupplicantStartedState
D/WifiStateMachine(  468): SupplicantStartedState{ what=131131 when=0 }
D/StateMachine(  468): handleMessage: X
E/Trace   (32557): error opening trace file: No such file or directory (2)
D/ActivityThread(32557): setTargetHeapUtilization:0.25
D/ActivityThread(32557): setTargetHeapIdealFree:8388608
D/ActivityThread(32557): setTargetHeapConcurrentStart:2097152
I/ActivityManager(  468): Process com.sina.weibo (pid 32507) has died.
I/ActivityThread(32557): Pub downloads: com.android.providers.downloads.DownloadProvider
I/ActivityThread(32557): Pub drm: com.android.providers.drm.DrmProvider
I/DownloadManager(32557): in removeSpuriousFiles
I/ActivityThread(32557): Pub media: com.android.providers.media.MediaProvider
E/SQLiteLog(32557): (5) statement aborts at 1: [PRAGMA journal_mode=TRUNCATE;] 
D/dalvikvm(  468): WAIT_FOR_CONCURRENT_GC blocked 0ms
I/ActivityManager(  468): Start proc cn.etouch.ecalendar:xg_service_v2 for broadcast cn.etouch.ecalendar/com.tencent.android.tpush.XGPushReceiver: pid=32588 uid=10152 gids={3003, 1015, 1007, 1028}
E/mdb_debug(  172): usb_linux_client.c:usb_read[L-304]: ERROR: fd = 16, n = -1: 5, I/O error
E/mdb_debug(  172): transport_usb.c:remote_read[L-61]: remote usb: read terminated (message): 5, I/O error
E/mdb_debug(  172): transport.c:output_thread[L-214]: usb_fd16: remote read failed for transport: 5, I/O error
E/mdb_debug(  172): transport.c:output_thread[L-231]: usb_fd16: transport output thread is exiting: 5, I/O error
E/mdb_debug(  172): transport.c:input_thread[L-279]: usb_fd16: transport input thread is exiting, fd 18
E/mdb_debug(  172): : 0, Success
E/Trace   (32588): error opening trace file: No such file or directory (2)
D/ActivityThread(32588): setTargetHeapUtilization:0.25
D/ActivityThread(32588): setTargetHeapIdealFree:8388608
D/ActivityThread(32588): setTargetHeapConcurrentStart:2097152
D/GpsLocationProvider(  468): updateBatteryStatus invoked and setting values. isBatteryCharging: false
D/BatteryInfoReceiver(  846): 24
E/mdb_debug(  172): usb_linux_client.c:usb_open_thread[L-215]: not support data port: data_port = 0: 25, Not a typewriter
D/GpsLocationProvider(  468): Gps MessageHandler. msg.what 12 msg.arg1:2 msg.arg2: 0
D/GpsLocationProvider(  468): handleNativePhoneContextUpdate called. updateType: 2 mRequestContextType: 0 mRequestType: 0
D/GpsLocationProvider(  468): handleNativePhoneContextUpdate. Update obtained before request. Ignoring
D/dalvikvm(  468): GC_EXPLICIT freed 633K, 46% free 25256K/46343K, paused 6ms+32ms, total 279ms
I/ActivityManager(  468): Process sina.mobile.tianqitong (pid 32221) has died.
W/ActivityManager(  468): Scheduling restart of crashed service sina.mobile.tianqitong/com.sina.tianqitong.service.TQTService in 64437ms
I/ActivityManager(  468): Process com.miui.cloudservice (pid 32492) has died.
I/StorageNotification(  587): UMS connection changed to false (media state mounted)
W/StatusBar(  587): removeNotification for unknown key: android.os.BinderProxy@41d0abe0
I/TpnsSecurity(32588): JNI_OnLoad
E/NotificationService(  468): Ignoring notification with icon==0: Notification(pri=0 contentView=null vibrate=null sound=null defaults=0x0 flags=0x62 kind=[null])
I/ActivityManager(  468): Start proc com.miui.gallery for broadcast com.miui.gallery/.cloud.PowerChangedRequestSyncReceiver: pid=32608 uid=10028 gids={3003, 1028, 1015, 1023, 1006}
E/NotificationService(  468): Ignoring notification with icon==0: Notification(pri=0 contentView=null vibrate=null sound=null defaults=0x0 flags=0x62 kind=[null])
E/NotificationService(  468): Ignoring notification with icon==0: Notification(pri=0 contentView=null vibrate=null sound=null defaults=0x0 flags=0x62 kind=[null])
E/Trace   (32608): error opening trace file: No such file or directory (2)
D/ActivityThread(32608): setTargetHeapUtilization:0.25
D/ActivityThread(32608): setTargetHeapIdealFree:8388608
D/ActivityThread(32608): setTargetHeapConcurrentStart:2097152
I/ActivityManager(  468): Process cn.etouch.ecalendar:xg_service_v2 (pid 32588) has died.
W/ActivityManager(  468): Scheduling restart of crashed service cn.etouch.ecalendar/com.tencent.android.tpush.service.XGPushService in 5000ms
D/PhoneStatusBar(  587): updateNotification pkg=sina.mobile.tianqitong;id=5
D/SizeAdaptiveLayout(  587): com.android.internal.widget.SizeAdaptiveLayout@4182b3f8child view android.widget.LinearLayout@4288ee08 measured out of bounds at 97px clamped to 98px
D/wpa_supplicant( 5958): nl80211: Event message available
D/wpa_supplicant( 5958): nl80211: New scan results available
D/wpa_supplicant( 5958): nl80211: Associated on 2437 MHz
D/wpa_supplicant( 5958): nl80211: Associated with 14:75:90:42:29:ef
D/wpa_supplicant( 5958): nl80211: Received scan results (6 BSSes)
D/wpa_supplicant( 5958): nl80211: Survey data missing
D/wpa_supplicant( 5958): nl80211: Scan results indicate BSS status with 14:75:90:42:29:ef as associated
D/wpa_supplicant( 5958): Sorted scan results
D/wpa_supplicant( 5958): 14:75:90:42:29:ef freq=2437 qual=0 noise=0 level=-29 flags=0x2b
D/wpa_supplicant( 5958): 6c:70:9f:dc:a6:6a freq=2462 qual=0 noise=0 level=-62 flags=0xb
D/wpa_supplicant( 5958): 5a:d7:05:ee:c2:e6 freq=2462 qual=0 noise=0 level=-71 flags=0xb
D/wpa_supplicant( 5958): 0c:d9:96:db:aa:30 freq=2467 qual=0 noise=0 level=-75 flags=0xb
D/wpa_supplicant( 5958): 28:c6:8e:1f:62:a0 freq=2412 qual=0 noise=0 level=-77 flags=0xb
D/wpa_supplicant( 5958): 24:fd:52:a7:a1:4a freq=2427 qual=0 noise=0 level=-90 flags=0xb
D/wpa_supplicant( 5958): Add randomness: count=10598 entropy=967
D/wpa_supplicant( 5958): Add randomness: count=10599 entropy=968
D/wpa_supplicant( 5958): Add randomness: count=10600 entropy=969
D/wpa_supplicant( 5958): Add randomness: count=10601 entropy=970
D/wpa_supplicant( 5958): Add randomness: count=10602 entropy=971
D/wpa_supplicant( 5958): Add randomness: count=10603 entropy=972
D/StateMachine(  468): handleMessage: E msg.what=147461
D/StateMachine(  468): processMsg: VerifyingLinkState
D/StateMachine(  468): processMsg: L2ConnectedState
D/WifiStateMachine(  468): L2ConnectedState{ what=147461 when=-1ms }
D/StateMachine(  468): processMsg: ConnectModeState
