W/ImageLoader(31211): You set too large memory cache size (more than 16 Mb)
W/System.err(31211): java.io.FileNotFoundException: customize.json
W/System.err(31211): 	at android.content.res.AssetManager.openAsset(Native Method)
W/System.err(31211): 	at android.content.res.AssetManager.open(AssetManager.java:324)
W/System.err(31211): 	at android.content.res.AssetManager.open(AssetManager.java:298)
W/System.err(31211): 	at bzn.a(Utils.java:458)
W/System.err(31211): 	at bzn.a(Utils.java:449)
W/System.err(31211): 	at aid.a(CustomizeManagerNew.java:82)
W/System.err(31211): 	at aid.<init>(CustomizeManagerNew.java:58)
W/System.err(31211): 	at aid.a(CustomizeManagerNew.java:69)
W/System.err(31211): 	at aie.<init>(FeatureManagerNew.java:37)
W/System.err(31211): 	at aie.a(FeatureManagerNew.java:50)
W/System.err(31211): 	at com.baidu.video.VideoApplication.onCreate(VideoApplication.java:100)
W/System.err(31211): 	at android.app.Instrumentation.callApplicationOnCreate(Instrumentation.java:999)
W/System.err(31211): 	at com.lbe.security.service.core.client.b.x.callApplicationOnCreate(Unknown Source)
W/System.err(31211): 	at android.app.ActivityThread.handleBindApplication(ActivityThread.java:4220)
W/System.err(31211): 	at android.app.ActivityThread.access$1300(ActivityThread.java:137)
W/System.err(31211): 	at android.app.ActivityThread$H.handleMessage(ActivityThread.java:1262)
W/System.err(31211): 	at android.os.Handler.dispatchMessage(Handler.java:99)
W/System.err(31211): 	at android.os.Looper.loop(Looper.java:137)
W/System.err(31211): 	at android.app.ActivityThread.main(ActivityThread.java:4819)
W/System.err(31211): 	at java.lang.reflect.Method.invokeNative(Native Method)
W/System.err(31211): 	at java.lang.reflect.Method.invoke(Method.java:511)
W/System.err(31211): 	at com.android.internal.os.ZygoteInit$MethodAndArgsCaller.run(ZygoteInit.java:793)
W/System.err(31211): 	at com.android.internal.os.ZygoteInit.main(ZygoteInit.java:560)
W/System.err(31211): 	at dalvik.system.NativeStart.main(Native Method)
I/ActivityThread(31196): Pub com.sina.push.pushprovider.1004: com.sina.push.datacenter.PushProvider
D/AppEnv  (31211): no appenv asset json found
E/LSH:AuthProvider(31167): init bind information, gdid=adc7cbfe232e8f6ab3f5, gsid=from=1046195010&gsid=4uQp1cc93Eeh82c05T0EI8F3G2v&s=fc3e8c7b&c=android&wm=20005_0002&ua=Xiaomi-MI+1S__weibo__4.6.1__android__android4.1.2
D/ActivityThread(31211): Loading provider com.baidu.video.bdprovider: com.baidu.video.db.provider.VideoContentProvider
E/LSH:DMSQLiteHelper(31167): DMSQLiteHelper(Context context,String uid:2064456155)
E/LSH:DMService(31167): service start, uid=2064456155
E/LSH:DMPostEngine(31167): init transaction id with time:1417074271906
E/LSH:DMMultiPostDataThread(31167): multi send thread[0], mQueue=com.sina.weibo.weiyou.refactor.service.b.e@41b493f8
E/LSH:DMMultiPostDataThread(31167): multi send thread[1], mQueue=com.sina.weibo.weiyou.refactor.service.b.e@41b493f8
E/LSH:DMMultiPostDataThread(31167): multi send thread[2], mQueue=com.sina.weibo.weiyou.refactor.service.b.e@41b493f8
E/LSH:DMMultiPostDataThread(31167): multi send thread[3], mQueue=com.sina.weibo.weiyou.refactor.service.b.e@41b493f8
E/LSH:DMPushEngine(31167): push db name: dm_push_db2064456155
I/LevelDB (31167): Opening database /data/data/com.sina.weibo/cache/dm_push_db2064456155
I/LevelDB (31167): Opened database
E/LSH:DMPushEngine(31167): push engine start ---------------
E/LSH:PushMessageThread(31167): push msg thread start, id=133434, name=PushMessageThread
E/LSH:DMPostEngine(31167): post engine start ---------------
E/LSH:DMSinglePostThread(31167): single post thread start, id=133436, name=DMSinglePostThread
E/LSH:PushBufferThread(31167): push buffer thread start, id=133435, name=PushBufferThread, dbname=dm_push_db2064456155
E/LSH:DMMultiPostRequestThread(31167): multiu request thread start, id=133437, name=DMMultiPostRequestThread
E/LSH:Dispatcher(31167): http exception
E/LSH:Dispatcher(31167): dispatcher result:null
E/LSH:Dispatcher(31167): http response == null
I/ActivityThread(31223): Pub cn.etouch.ecalendar.provider: cn.etouch.ecalendar.provider.EcalendarProvider
E/LSH:DMService(31167): service onStartCommand
E/LSH:DMService(31167): service start, uid=2064456155
E/LSH:DMDisplayUnreadHelper(31167): refreshUnreadNum
E/LSH:DMService(31167): onReceiveIntent, unexpected intent null.
D/PictureClock(  587): newTime=15:46
I/ActivityManager(  468): Process com.sina.weibo:remote (pid 31196) has died.
I/NotifierManager(  468): onNotify: miui.maml.NotifierManager$BroadcastNotifier@429596d0
E/BaiduPush(31211): connection.connect(): 
E/BaiduPush(31211): connection.connect(): 
E/BaiduPush(31211): connection.connect(): 
E/LSH:Dispatcher(31167): http exception
E/LSH:Dispatcher(31167): dispatcher result:null
E/LSH:Dispatcher(31167): http response == null
E/LSH:NetWorkMethodSwizzle(31167): getUnreadNum
E/LSH:NetWorkMethodSwizzle(31167): com.sina.weibo.net.o$d: NoSignalException
E/LSH:NetWorkMethodSwizzle(31167): 	at com.sina.weibo.net.o.a(NetUtils.java:907)
E/LSH:NetWorkMethodSwizzle(31167): 	at com.sina.weibo.net.o.a(NetUtils.java:899)
E/LSH:NetWorkMethodSwizzle(31167): 	at com.sina.weibo.net.o.a(NetUtils.java:894)
E/LSH:NetWorkMethodSwizzle(31167): 	at com.sina.weibo.net.o.a(NetUtils.java:872)
E/LSH:NetWorkMethodSwizzle(31167): 	at com.sina.weibo.net.f.a(NetEngine.java:2141)
E/LSH:NetWorkMethodSwizzle(31167): 	at com.sina.weibo.weiyou.refactor.h.b(NetWorkMethodSwizzle.java:157)
E/LSH:NetWorkMethodSwizzle(31167): 	at com.sina.weibo.weiyou.ai.c(DMDisplayUnreadHelper.java:66)
E/LSH:NetWorkMethodSwizzle(31167): 	at com.sina.weibo.weiyou.ai.a(DMDisplayUnreadHelper.java:14)
E/LSH:NetWorkMethodSwizzle(31167): 	at com.sina.weibo.weiyou.aj.run(DMDisplayUnreadHelper.java:59)
E/LSH:NetWorkMethodSwizzle(31167): 	at android.os.Handler.handleCallback(Handler.java:615)
E/LSH:NetWorkMethodSwizzle(31167): 	at android.os.Handler.dispatchMessage(Handler.java:92)
E/LSH:NetWorkMethodSwizzle(31167): 	at android.os.Looper.loop(Looper.java:137)
E/LSH:NetWorkMethodSwizzle(31167): 	at android.os.HandlerThread.run(HandlerThread.java:60)
D/dalvikvm(  468): WAIT_FOR_CONCURRENT_GC blocked 0ms
D/dalvikvm(  468): GC_EXPLICIT freed 531K, 46% free 25363K/46343K, paused 7ms+23ms, total 260ms
E/LSH:Dispatcher(31167): http exception
E/LSH:Dispatcher(31167): dispatcher result:null
E/LSH:Dispatcher(31167): http response == null
I/drm     (  468): check theme drm event received
I/drm     (  468): validate theme in /data/system/theme/
I/drm     (  468): validate theme in /data/local/bootanimation.zip
D/PictureClock(  587): newTime=15:49
I/NotifierManager(  468): onNotify: miui.maml.NotifierManager$BroadcastNotifier@429596d0
W/System.err(31223): java.lang.IllegalStateException: Can't parcel a recycled bitmap
W/System.err(31223): 	at android.graphics.Bitmap.checkRecycled(Bitmap.java:239)
W/System.err(31223): 	at android.graphics.Bitmap.writeToParcel(Bitmap.java:1119)
W/System.err(31223): 	at android.widget.RemoteViews$BitmapCache.writeBitmapsToParcel(RemoteViews.java:744)
W/System.err(31223): 	at android.widget.RemoteViews.writeToParcel(RemoteViews.java:2223)
W/System.err(31223): 	at com.android.internal.appwidget.IAppWidgetService$Stub$Proxy.updateAppWidgetProvider(IAppWidgetService.java:602)
W/System.err(31223): 	at android.appwidget.AppWidgetManager.updateAppWidget(AppWidgetManager.java:471)
W/System.err(31223): 	at cn.etouch.ecalendar.widget.WeatherTrendWidget4x4.a(Unknown Source)
W/System.err(31223): 	at cn.etouch.ecalendar.widget.WeatherTrendWidget4x4$3.handleMessage(Unknown Source)
W/System.err(31223): 	at android.os.Handler.dispatchMessage(Handler.java:99)
W/System.err(31223): 	at android.os.Looper.loop(Looper.java:137)
W/System.err(31223): 	at android.app.ActivityThread.main(ActivityThread.java:4819)
W/System.err(31223): 	at java.lang.reflect.Method.invokeNative(Native Method)
W/System.err(31223): 	at java.lang.reflect.Method.invoke(Method.java:511)
W/System.err(31223): 	at com.android.internal.os.ZygoteInit$MethodAndArgsCaller.run(ZygoteInit.java:793)
W/System.err(31223): 	at com.android.internal.os.ZygoteInit.main(ZygoteInit.java:560)
W/System.err(31223): 	at dalvik.system.NativeStart.main(Native Method)
D/MSF.C.NetConnTag( 1067): [E]try open Conn /125.39.240.104:443 noneProxy
D/MSF.C.NetConnTag( 1067): [E]open 125.39.240.104/125.39.240.104:443 failed connError_unreachable costTime: 3 configTimeout: 8000 noneProxy
W/ThrottleService(  468): unable to find stats for iface rmnet0
D/PictureClock(  587): newTime=15:50
I/NotifierManager(  468): onNotify: miui.maml.NotifierManager$BroadcastNotifier@429596d0
V/BackupManagerService(  468): Running a backup pass
V/BackupManagerService(  468): Backup requested but nothing pending
D/PictureClock(  587): newTime=15:54
I/NotifierManager(  468): onNotify: miui.maml.NotifierManager$BroadcastNotifier@429596d0
I/ActivityManager(  468): Process cn.etouch.ecalendar (pid 31223) has died.
E/LSH:Dispatcher(31167): http exception
E/LSH:Dispatcher(31167): dispatcher result:null
E/LSH:Dispatcher(31167): http response == null
I/ActivityManager(  468): Start proc com.sina.weibo:remote for service com.sina.weibo/com.sina.push.service.SinaPushService: pid=31312 uid=10053 gids={1006, 3003, 1015, 1007, 1028}
E/Trace   (31312): error opening trace file: No such file or directory (2)
D/ActivityThread(31312): setTargetHeapUtilization:0.25
D/ActivityThread(31312): setTargetHeapIdealFree:8388608
D/ActivityThread(31312): setTargetHeapConcurrentStart:2097152
E/LSH:Dispatcher(31167): http exception
E/LSH:Dispatcher(31167): dispatcher result:null
E/LSH:Dispatcher(31167): http response == null
I/ActivityThread(31312): Pub com.sina.push.pushprovider.1004: com.sina.push.datacenter.PushProvider
D/MSF.C.NetConnTag( 1067): [E]try open Conn /125.39.240.104:443 noneProxy
D/MSF.C.NetConnTag( 1067): [E]open 125.39.240.104/125.39.240.104:443 failed connError_unreachable costTime: 6 configTimeout: 8000 noneProxy
D/WifiDetector( 1067): [E]WIFI detect onWifiAllConnFailed!
D/WifiDetector( 1067): [E]WIFI detect start failed, wifi is not connected!
D/MSF.C.NetConnTag( 1067): [E]try open Conn /125.39.240.104:443 noneProxy
D/MSF.C.NetConnTag( 1067): [E]open 125.39.240.104/125.39.240.104:443 failed connError_unreachable costTime: 3 configTimeout: 8000 noneProxy
W/ActivityManager(  468): Unable to start service Intent { act=sina.push.action.service.null (has extras) }: not found
I/ActivityManager(  468): Start proc cn.etouch.ecalendar for broadcast cn.etouch.ecalendar/.widget.myWidget_weather: pid=31345 uid=10152 gids={3003, 1015, 1007, 1028}
E/Trace   (31345): error opening trace file: No such file or directory (2)
D/ActivityThread(31345): setTargetHeapUtilization:0.25
D/ActivityThread(31345): setTargetHeapIdealFree:8388608
D/ActivityThread(31345): setTargetHeapConcurrentStart:2097152
E/LSH:Dispatcher(31167): http exception
E/LSH:Dispatcher(31167): dispatcher result:null
E/LSH:Dispatcher(31167): http response == null
I/ActivityManager(  468): Process android.process.media (pid 31069) has died.
I/ActivityThread(31345): Pub cn.etouch.ecalendar.provider: cn.etouch.ecalendar.provider.EcalendarProvider
D/PictureClock(  587): newTime=15:59
I/NotifierManager(  468): onNotify: miui.maml.NotifierManager$BroadcastNotifier@429596d0
W/ThrottleService(  468): unable to find stats for iface rmnet0
D/PictureClock(  587): newTime=16:04
I/TrafficManageService( 1549): mina mTrafficStatsReceiver onReceive
I/TrafficManageService( 1549): mina checkNormalTrafficStatus 
I/NotifierManager(  468): onNotify: miui.maml.NotifierManager$BroadcastNotifier@429596d0
D/MSF.C.NetConnTag( 1067): [E]try open Conn /125.39.240.104:443 noneProxy
D/MSF.C.NetConnTag( 1067): [E]open 125.39.240.104/125.39.240.104:443 failed connError_unreachable costTime: 4 configTimeout: 8000 noneProxy
I/Email   (31028): ReconcilePopImapAccountsSync: start
I/Email   (31028): ReconcilePopImapAccountsSync: done
D/dalvikvm(  468): WAIT_FOR_CONCURRENT_GC blocked 0ms
D/dalvikvm(  468): GC_EXPLICIT freed 2899K, 46% free 25435K/46343K, paused 5ms+20ms, total 204ms
D/Email   (31028): *** synchronizeMailboxGeneric ***
D/PictureClock(  587): newTime=16:08
I/NotifierManager(  468): onNotify: miui.maml.NotifierManager$BroadcastNotifier@429596d0
W/TextToSpeech(30972): stop failed: not bound to TTS engine
E/MionePlus PowerHAL(  468): Error opening /sys/devices/system/cpu/cpu1/cpufreq/scaling_max_freq: Permission denied
D/AwesomeLockScreen(  468): onResume
D/AwesomeLockScreen(  468): onRefreshBatteryInfo: false false 25
D/AwesomeLockScreen(  468): onRefreshCarrierInfo(, null)
I/RenderThread(  468): RenderThread resumed
D/FramerateTokenList(  468): createToken: miui.maml.elements.FramerateController@423e3970
D/MediaPlayer(  587): stop() mUri is content://settings/system/notification_sound
D/BluetoothA2dpService(  468): uri is content://settings/system/notification_soundmUri is content://settings/system/notification_sound
D/BluetoothA2dpService(  468): PlaySatus is 0
D/FramerateTokenList(  468): createToken: miui.maml.elements.FramerateController@423e3440
D/BluetoothA2dpService(  468): Metadata received
D/BluetoothA2dpService(  468): Duration 2052
D/BluetoothA2dpService(  468): position 2052
D/BluetoothA2dpService(  468): playstate is 0
D/BluetoothA2dpService(  468): Update for same Uri, ignoring
D/AbstractScreenOnProximityLock(  468): try to aquire
D/AbstractScreenOnProximityLock(  468): aquire
E/OMXNodeInstance(  148): OMX_FreeBuffer for buffer header 0x408eb248 successful
E/OMXNodeInstance(  148): OMX_FreeBuffer for buffer header 0x404fc810 successful
E/OMXNodeInstance(  148): OMX_FreeBuffer for buffer header 0x4017fe80 successful
E/OMXNodeInstance(  148): OMX_FreeBuffer for buffer header 0x41afae18 successful
E/OMXNodeInstance(  148): OMX_FreeBuffer for buffer header 0x41275990 successful
E/OMXNodeInstance(  148): OMX_FreeBuffer for buffer header 0x4126bd30 successful
E/OMXNodeInstance(  148): OMX_FreeBuffer for buffer header 0x4126bc38 successful
E/OMXNodeInstance(  148): OMX_FreeBuffer for buffer header 0x4126bf38 successful
I/AudioService(  468):  AudioFocus  abandonAudioFocus() from android.media.AudioManager@417a8c00
I/WindowManager(  468): Lock screen displayed!
D/BatteryInfoReceiver(  846): 25
I/NotifierManager(  468): onNotify: miui.maml.NotifierManager$BroadcastNotifier@4293b3e0
D/AbstractScreenOnProximityLock(  468): handle change = far away
D/AbstractScreenOnProximityLock(  468): far from the screen for a certain time, release proximity sensor...
D/AbstractScreenOnProximityLock(  468): try to release
D/AbstractScreenOnProximityLock(  468): release
D/AbstractScreenOnProximityLock(  468): far from the screen, hide hint...
V/AudioHardwareMSM8660(  148): setParameters() screen_state=on
D/AccelerometerListener(  721): enable(false)
W/SignalStrength(  721): Size of signalstrength parcel:60
W/SignalStrength(  721): Signal before validate=SignalStrength: 26 255 -1 -1 -1 -1 8 99 2147483647 2147483647 2147483647 2147483647 gsm|lte
W/SignalStrength(  721): Signal after validate=SignalStrength: 26 255 -120 -160 -120 -1 8 99 2147483647 2147483647 2147483647 2147483647 gsm|lte
W/SignalStrength(  468): Size of signalstrength parcel:164
W/SignalStrength(  587): Size of signalstrength parcel:168
W/SignalStrength( 1067): Size of signalstrength parcel:168
W/SignalStrength( 1549): Size of signalstrength parcel:168
W/SignalStrength(  468): getLTELevel - rsrp:2147483647 snr:2147483647 rsrpIconLevel:-1 snrIconLevel:-1
W/SignalStrength(  468): getLTELevel - rssi:99 rssiIconLevel:0
W/SignalStrength(  468): getGsmLevel=4
W/SignalStrength(  468): getLevel=4
W/SignalStrength( 1975): Size of signalstrength parcel:168
W/SignalStrength( 1975): Size of signalstrength parcel:168
W/SignalStrength( 1975): Size of signalstrength parcel:168
W/SignalStrength(28864): Size of signalstrength parcel:168
W/SignalStrength(29083): Size of signalstrength parcel:168
W/SignalStrength( 6429): Size of signalstrength parcel:168
D/MSF.C.LogManager( 1067): [E]onReceive broadcastreceiver.action = android.intent.action.SCREEN_ON
D/StateMachine(  468): handleMessage: E msg.what=131073
D/StateMachine(  468): processMsg: DriverStoppedState
D/WifiStateMachine(  468): DriverStoppedState{ what=131073 when=0 arg1=2 }
D/StateMachine(  468): processMsg: SupplicantStartedState
D/WifiStateMachine(  468): SupplicantStartedState{ what=131073 when=-3ms arg1=2 }
D/StateMachine(  468): processMsg: DefaultState
D/WifiStateMachine(  468): DefaultState{ what=131073 when=-3ms arg1=2 }
D/StateMachine(  468): handleMessage: X
D/StateMachine(  468): handleMessage: E msg.what=131083
D/StateMachine(  468): processMsg: DriverStoppedState
D/WifiStateMachine(  468): DriverStoppedState{ what=131083 when=-3ms }
D/StateMachine(  468): processMsg: SupplicantStartedState
D/WifiStateMachine(  468): SupplicantStartedState{ what=131083 when=-4ms }
D/StateMachine(  468): processMsg: DefaultState
D/WifiStateMachine(  468): DefaultState{ what=131083 when=-4ms }
D/StateMachine(  468): handleMessage: X
D/StateMachine(  468): handleMessage: E msg.what=131144
D/StateMachine(  468): processMsg: DriverStoppedState
D/WifiStateMachine(  468): DriverStoppedState{ what=131144 when=-4ms arg1=1 }
D/StateMachine(  468): processMsg: SupplicantStartedState
D/WifiStateMachine(  468): SupplicantStartedState{ what=131144 when=-4ms arg1=1 }
D/StateMachine(  468): handleMessage: X
D/StateMachine(  468): handleMessage: E msg.what=131085
D/StateMachine(  468): processMsg: DriverStoppedState
D/WifiStateMachine(  468): DriverStoppedState{ what=131085 when=-5ms }
D/wpa_supplicant( 5958): wpa_s 0x41f78648 cmd DRIVER START
D/FramerateTokenList(  468): createToken: miui.maml.elements.FramerateController@42408fc8
E/LSH:Dispatcher(31167): http exception
E/LSH:Dispatcher(31167): dispatcher result:null
E/LSH:Dispatcher(31167): http response == null
D/FramerateTokenList(  468): createToken: miui.maml.elements.FramerateController@423ac018
I/LockScreen_AdvancedSlider(  468): unlock touch up
D/AwesomeLockScreen(  468): lockscreen awake time: [73222 sec] in time range: [183047 sec]
I/XIAOMIANALYTICS(  668): start session(com.android.settings)
I/XIAOMIANALYTICS(  668): end session(com.android.settings)
V/AudioHardwareMSM8660(  148): open driver
V/AudioHardwareMSM8660(  148): get config mFd 30
V/AudioHardwareMSM8660(  148): set config
V/AudioHardwareMSM8660(  148): buffer_size: 4800
V/AudioHardwareMSM8660(  148): buffer_count: 2
V/AudioHardwareMSM8660(  148): channel_count: 2
V/AudioHardwareMSM8660(  148): sample_rate: 44100
V/AudioHardwareMSM8660(  148): Enable PCM RX Dump function: 0
D/AudioHardwareMSM8660(  148): write(): dec_id = 1 cur_rx = speaker_stereo_rx
V/AudioHardwareMSM8660(  148): cur_rx for pcm playback = speaker_stereo_rx
D/AudioHardwareMSM8660(  148): value of device and enable is <speaker_stereo_rx> 1 ALSA dev id:2
D/PhoneStatusBar(  587): disable: < expand icons alerts ticker system_info back home recent* clock >
I/XIAOMIANALYTICS(  668): start session(com.android.settings)
I/XIAOMIANALYTICS(  668): end session(com.android.settings)
D/PhoneStatusBar(  587): disable: < expand icons alerts ticker system_info back home recent clock >
D/AwesomeLockScreen(  468): onPause
I/NotifierManager(  468): onUnregister: miui.maml.NotifierManager$BroadcastNotifier@429596d0
V/AudioHardwareMSM8660(  148): ACDB ID Device ID=speaker_stereo_rx
D/ACDB-LOADER(  148): ACDB -> send_audio_cal, acdb_id = 15, path =  0
D/ACDB-LOADER(  148): ACDB -> send_adm_topology
D/ACDB-LOADER(  148): ACDB -> ACDB_CMD_GET_AUDPROC_COMMON_TOPOLOGY_ID
D/ACDB-LOADER(  148): ACDB -> send_audtable
D/ACDB-LOADER(  148): ACDB -> ACDB_CMD_GET_AUDPROC_COMMON_TABLE
D/ACDB-LOADER(  148): ACDB -> AUDIO_SET_AUDPROC_CAL
D/ACDB-LOADER(  148): ACDB -> send_audvoltable
D/ACDB-LOADER(  148): ACDB -> ACDB_CMD_GET_AUDPROC_GAIN_DEP_VOLTBL_STEP_COPP
D/ACDB-LOADER(  148): ACDB -> AUDIO_SET_AUDPROC_VOL_CAL
I/NotifierManager(  468): onUnregister: miui.maml.NotifierManager$MultiBroadcastNotifier@42a6c2f0
I/NotifierManager(  468): onUnregister: miui.maml.NotifierManager$BroadcastNotifier@4293b3e0
I/NotifierManager(  468): onUnregister: miui.maml.NotifierManager$BroadcastNotifier@428274a8
D/LifecycleResourceManager(  468): begin check cache... 
I/RenderThread(  468): RenderThread paused, waiting for signal
D/AudioHardwareMSM8660(  148): addToTable stream 1
I/NotifierManager(  468): releaseNotifier:TimeChanged  miui.maml.elements.TimepanelScreenElement$1@41a4f080
I/NotifierManager(  468): releaseNotifier:android.intent.action.TIME_TICK  miui.maml.elements.TimepanelScreenElement$1@41a4f080
I/ActivityManager(  468): Start proc cn.etouch.ecalendar:xg_service_v2 for broadcast cn.etouch.ecalendar/com.tencent.android.tpush.XGPushReceiver: pid=31417 uid=10152 gids={3003, 1015, 1007, 1028}
I/NotifierManager(  468): releaseNotifier:TimeChanged  miui.maml.data.DateTimeVariableUpdater@423102d8
I/NotifierManager(  468): releaseNotifier:android.intent.action.BATTERY_CHANGED  miui.maml.data.BatteryVariableUpdater@4231ee30
I/NotifierManager(  468): releaseNotifier:android.media.VOLUME_CHANGED_ACTION  miui.maml.data.VolumeVariableUpdater@4231f138
D/RootHolder(  468): cleanUp: com.android.internal.policy.impl.AwesomeLockScreen@41789470 size:0
D/RootHolder(  468): cleanUp finish
V/PhoneStatusBar(  587): setLightsOn(true)
V/AudioHardwareMSM8660(  148): AudioStreamOutMSM8x60::getParameters() voip_flag=
V/AudioHardwareMSM8660(  148): AudioStreamOutMSM8x60::getParameters() voip_flag=
V/AudioHardwareMSM8660(  148): AudioStreamOutMSM8x60::getParameters() voip_flag=
V/AudioHardwareMSM8660(  148): AudioStreamOutMSM8x60::getParameters() voip_flag=
E/Trace   (31417): error opening trace file: No such file or directory (2)
D/ActivityThread(31417): setTargetHeapUtilization:0.25
D/ActivityThread(31417): setTargetHeapIdealFree:8388608
D/ActivityThread(31417): setTargetHeapConcurrentStart:2097152
I/wpa_supplicant( 5958): wlan0: CTRL-EVENT-DRIVER-STATE STARTED
D/wpa_supplicant( 5958): RTM_NEWLINK: operstate=0 ifi_flags=0x11003 ([UP][LOWER_UP])
D/wpa_supplicant( 5958): nl80211: Interface up
D/StateMachine(  468): transitionTo: destState=DriverStartingState
D/StateMachine(  468): handleMessage: new destination call exit
D/StateMachine(  468): setupTempStateStackWithStatesToEnter: X mTempStateStackCount=1,curStateInfo: state=SupplicantStartedState,active=true,parent=DefaultState
D/StateMachine(  468): invokeExitMethods: DriverStoppedState
D/StateMachine(  468): moveTempStackToStateStack: i=0,j=2
D/StateMachine(  468): moveTempStackToStateStack: X mStateStackTop=2,startingIndex=2,Top=DriverStartingState
D/StateMachine(  468): invokeEnterMethods: DriverStartingState
D/WifiStateMachine(  468): DriverStartingState
D/StateMachine(  468): handleMessage: X
D/StateMachine(  468): handleMessage: E msg.what=131149
D/StateMachine(  468): processMsg: DriverStartingState
D/WifiStateMachine(  468): DriverStartingState{ what=131149 when=-748ms }
D/StateMachine(  468): processMsg: SupplicantStartedState
D/WifiStateMachine(  468): SupplicantStartedState{ what=131149 when=-748ms }
D/StateMachine(  468): processMsg: DefaultState
D/WifiStateMachine(  468): DefaultState{ what=131149 when=-748ms }
D/StateMachine(  468): handleMessage: X
D/StateMachine(  468): handleMessage: E msg.what=131143
D/StateMachine(  468): processMsg: DriverStartingState
D/WifiStateMachine(  468): DriverStartingState{ what=131143 when=-685ms arg1=2 }
D/StateMachine(  468): deferMessage: msg=131143
D/StateMachine(  468): handleMessage: X
D/Tethering(  468): sendTetherStateChangedBroadcast 1, 0, 0
D/StateMachine(  468): handleMessage: E msg.what=131101
D/StateMachine(  468): processMsg: DriverStartingState
D/WifiStateMachine(  468): DriverStartingState{ what=131101 when=-1ms obj=android.net.wifi.WifiStateMachine$TetherStateChange@42964270 }
D/StateMachine(  468): processMsg: SupplicantStartedState
D/WifiStateMachine(  468): SupplicantStartedState{ what=131101 when=-1ms obj=android.net.wifi.WifiStateMachine$TetherStateChange@42964270 }
D/StateMachine(  468): processMsg: DefaultState
D/WifiStateMachine(  468): DefaultState{ what=131101 when=-3ms obj=android.net.wifi.WifiStateMachine$TetherStateChange@42964270 }
D/StateMachine(  468): handleMessage: X
I/TrafficManageService( 1549): mina mTrafficStatsReceiver onReceive
I/TrafficManageService( 1549): mina checkNormalTrafficStatus 
D/wpa_supplicant( 5958): wpa_driver_nl80211_set_operstate: operstate 0->0 (DORMANT)
D/wpa_supplicant( 5958): netlink: Operstate: linkmode=-1, operstate=5
D/wpa_supplicant( 5958): Calling set grouple idle_timeout from notif_disconnected
D/wpa_supplicant( 5958): RTM_NEWLINK, IFLA_IFNAME: Interface 'wlan0' added
D/wpa_supplicant( 5958): wpa_driver_nl80211_set_operstate: operstate 0->0 (DORMANT)
D/wpa_supplicant( 5958): netlink: Operstate: linkmode=-1, operstate=5
D/StateMachine(  468): handleMessage: E msg.what=147462
D/StateMachine(  468): processMsg: DriverStartingState
D/WifiStateMachine(  468): DriverStartingState{ what=147462 when=-1ms obj=android.net.wifi.StateChangeResult@42c44a60 }
D/StateMachine(  468): transitionTo: destState=DriverStartedState
D/StateMachine(  468): handleMessage: new destination call exit
D/StateMachine(  468): setupTempStateStackWithStatesToEnter: X mTempStateStackCount=1,curStateInfo: state=SupplicantStartedState,active=true,parent=DefaultState
D/StateMachine(  468): invokeExitMethods: DriverStartingState
D/StateMachine(  468): moveTempStackToStateStack: i=0,j=2
D/StateMachine(  468): moveTempStackToStateStack: X mStateStackTop=2,startingIndex=2,Top=DriverStartedState
D/StateMachine(  468): invokeEnterMethods: DriverStartedState
D/WifiStateMachine(  468): DriverStartedState
D/wpa_supplicant( 5958): wpa_s 0x41f78648 cmd DRIVER BTCOEXSCAN-STOP
D/WifiStateMachine(  468): setDetailed state, old =DISCONNECTED and new state=DISCONNECTED
D/wpa_supplicant( 5958): wpa_s 0x41f78648 cmd DRIVER RXFILTER-STOP
D/wpa_supplicant( 5958): wpa_s 0x41f78648 cmd DRIVER RXFILTER-ADD 3
D/wpa_supplicant( 5958): wpa_s 0x41f78648 cmd DRIVER RXFILTER-START
D/wpa_supplicant( 5958): wpa_s 0x41f78648 cmd DRIVER RXFILTER-STOP
D/wpa_supplicant( 5958): wpa_s 0x41f78648 cmd DRIVER RXFILTER-REMOVE 2
D/wpa_supplicant( 5958): wpa_s 0x41f78648 cmd DRIVER RXFILTER-START
D/wpa_supplicant( 5958): wpa_s 0x41f78648 cmd SET ps 1
D/wpa_supplicant( 5958): CTRL_IFACE SET 'ps'='1'
D/wpa_supplicant( 5958): nl80211: set_p2p_powersave (legacy_ps=1 opp_ps=-1 ctwindow=-1)
D/wpa_supplicant( 5958): wpa_s 0x41f78648 cmd AP_SCAN 1
D/wpa_supplicant( 5958): wpa_s 0x41f78648 cmd RECONNECT
D/wpa_supplicant( 5958): Calling set grouple idle_timeout from notif_disconnected
D/wpa_supplicant( 5958): WPS: Building WPS IE for Probe Request
D/wpa_supplicant( 5958): WPS:  * Version (hardcoded 0x10)
D/wpa_supplicant( 5958): WPS:  * Request Type
D/wpa_supplicant( 5958): WPS:  * Config Methods (4388)
D/wpa_supplicant( 5958): WPS:  * UUID-E
D/wpa_supplicant( 5958): WPS:  * Primary Device Type
D/wpa_supplicant( 5958): WPS:  * RF Bands (1)
D/wpa_supplicant( 5958): WPS:  * Association State
D/wpa_supplicant( 5958): WPS:  * Configuration Error (0)
D/wpa_supplicant( 5958): WPS:  * Device Password ID (0)
D/wpa_supplicant( 5958): WPS:  * Manufacturer
D/wpa_supplicant( 5958): WPS:  * Model Name
D/wpa_supplicant( 5958): WPS:  * Model Number
D/wpa_supplicant( 5958): WPS:  * Device Name
D/wpa_supplicant( 5958): WPS:  * Version2 (0x20)
D/wpa_supplicant( 5958): P2P: * P2P IE header
D/wpa_supplicant( 5958): P2P: * Capability dev=23 group=00
D/wpa_supplicant( 5958): P2P: * Listen Channel: Regulatory Class 81 Channel 11
D/wpa_supplicant( 5958): Scan requested (ret=0) - scan timeout 30 seconds
D/wpa_supplicant( 5958): nl80211: Event message available
D/wpa_supplicant( 5958): nl80211: Scan trigger
D/wpa_supplicant( 5958): wpa_s 0x41f78648 cmd STATUS
V/AudioHardwareMSM8660(  148): AudioStreamOutMSM8x60::write(0x417e44d0, 4800) dev = 2
D/StateMachine(  468): transitionTo: destState=DisconnectedState
D/StateMachine(  468): moveDeferredMessageAtFrontOfQueue; what=131143
D/StateMachine(  468): handleMessage: new destination call exit
D/StateMachine(  468): setupTempStateStackWithStatesToEnter: X mTempStateStackCount=2,curStateInfo: state=DriverStartedState,active=true,parent=SupplicantStartedState
D/StateMachine(  468): moveTempStackToStateStack: i=1,j=3
D/StateMachine(  468): moveTempStackToStateStack: i=0,j=4
D/StateMachine(  468): moveTempStackToStateStack: X mStateStackTop=4,startingIndex=3,Top=DisconnectedState
D/StateMachine(  468): invokeEnterMethods: ConnectModeState
D/WifiStateMachine(  468): ConnectModeState
D/StateMachine(  468): invokeEnterMethods: DisconnectedState
D/WifiStateMachine(  468): DisconnectedState
D/wpa_supplicant( 5958): wpa_s 0x41f78648 cmd SET pno 1
D/wpa_supplicant( 5958): CTRL_IFACE SET 'pno'='1'
D/wpa_supplicant( 5958): PNO: Use only the first 16 SSIDs from 22
I/MobclickAgent(17591): Extend current session: 7AC5C5CBA0736E77A85AF95B96AB7797
D/StateMachine(  468): handleMessage: X
D/StateMachine(  468): handleMessage: E msg.what=131143
D/StateMachine(  468): processMsg: DisconnectedState
D/WifiStateMachine(  468): DisconnectedState{ what=131143 when=-22h57m59s790ms arg1=2 }
D/wpa_supplicant( 5958): wpa_s 0x41f78648 cmd SET pno 0
D/wpa_supplicant( 5958): CTRL_IFACE SET 'pno'='0'
D/StateMachine(  468): processMsg: ConnectModeState
D/WifiStateMachine(  468): ConnectModeState{ what=131143 when=-22h57m59s793ms arg1=2 }
D/StateMachine(  468): processMsg: DriverStartedState
D/WifiStateMachine(  468): DriverStartedState{ what=131143 when=-22h57m59s793ms arg1=2 }
D/wpa_supplicant( 5958): wpa_s 0x41f78648 cmd SCAN
D/wpa_supplicant( 5958): Ongoing scan action - reject new request
D/StateMachine(  468): handleMessage: X
D/StateMachine(  468): handleMessage: E msg.what=131152
D/StateMachine(  468): processMsg: DisconnectedState
D/WifiStateMachine(  468): DisconnectedState{ what=131152 when=-122ms obj=cn }
D/StateMachine(  468): processMsg: ConnectModeState
D/WifiStateMachine(  468): ConnectModeState{ what=131152 when=-122ms obj=cn }
D/StateMachine(  468): processMsg: DriverStartedState
D/WifiStateMachine(  468): DriverStartedState{ what=131152 when=-122ms obj=cn }
D/WifiStateMachine(  468): set country code cn
D/wpa_supplicant( 5958): wpa_s 0x41f78648 cmd DRIVER COUNTRY CN
D/StateMachine(  468): handleMessage: X
D/StateMachine(  468): handleMessage: E msg.what=131162
D/StateMachine(  468): processMsg: DisconnectedState
D/WifiStateMachine(  468): DisconnectedState{ what=131162 when=-126ms }
D/StateMachine(  468): processMsg: ConnectModeState
D/WifiStateMachine(  468): ConnectModeState{ what=131162 when=-126ms }
D/StateMachine(  468): processMsg: DriverStartedState
D/WifiStateMachine(  468): DriverStartedState{ what=131162 when=-126ms }
D/WifiStateMachine(  468): set frequency band 0
D/wpa_supplicant( 5958): wpa_s 0x41f78648 cmd DRIVER SETBAND 0
D/wpa_supplicant( 5958): wpa_driver_nl80211_driver_cmd: SETBAND 0 
D/StateMachine(  468): handleMessage: X
D/StateMachine(  468): handleMessage: E msg.what=147462
D/StateMachine(  468): processMsg: DisconnectedState
D/WifiStateMachine(  468): DisconnectedState{ what=147462 when=-101ms obj=android.net.wifi.StateChangeResult@436be230 }
D/WifiStateMachine(  468): setDetailed state, old =DISCONNECTED and new state=SCANNING
D/StateMachine(  468): processMsg: ConnectModeState
D/WifiStateMachine(  468): ConnectModeState{ what=147462 when=-102ms obj=android.net.wifi.StateChangeResult@436be230 }
D/StateMachine(  468): handleMessage: X
D/StateMachine(  468): handleMessage: E msg.what=147462
D/StateMachine(  468): processMsg: DisconnectedState
D/WifiStateMachine(  468): DisconnectedState{ what=147462 when=-36ms obj=android.net.wifi.StateChangeResult@42766eb8 }
D/WifiStateMachine(  468): setDetailed state, old =SCANNING and new state=SCANNING
D/StateMachine(  468): processMsg: ConnectModeState
D/WifiStateMachine(  468): ConnectModeState{ what=147462 when=-40ms obj=android.net.wifi.StateChangeResult@42766eb8 }
D/StateMachine(  468): handleMessage: X
D/StateMachine(  468): handleMessage: E msg.what=131143
D/StateMachine(  468): processMsg: DisconnectedState
D/WifiStateMachine(  468): DisconnectedState{ what=131143 when=-6ms arg1=1 }
D/wpa_supplicant( 5958): wpa_s 0x41f78648 cmd SET pno 0
D/wpa_supplicant( 5958): CTRL_IFACE SET 'pno'='0'
D/StateMachine(  468): processMsg: ConnectModeState
D/WifiStateMachine(  468): ConnectModeState{ what=131143 when=-7ms arg1=1 }
D/StateMachine(  468): processMsg: DriverStartedState
D/WifiStateMachine(  468): DriverStartedState{ what=131143 when=-7ms arg1=1 }
D/wpa_supplicant( 5958): wpa_s 0x41f78648 cmd DRIVER SCAN-ACTIVE
D/wpa_supplicant( 5958): wpa_s 0x41f78648 cmd SCAN
D/wpa_supplicant( 5958): Ongoing scan action - reject new request
D/wpa_supplicant( 5958): wpa_s 0x41f78648 cmd DRIVER SCAN-PASSIVE
D/StateMachine(  468): handleMessage: X
I/TpnsSecurity(31417): JNI_OnLoad
I/ActivityManager(  468): Start proc com.android.calendar for broadcast com.android.calendar/.birthday.BirthdayReceiver: pid=31433 uid=10006 gids={3003, 1028}
E/NotificationService(  468): Ignoring notification with icon==0: Notification(pri=0 contentView=null vibrate=null sound=null defaults=0x0 flags=0x62 kind=[null])
E/NotificationService(  468): Ignoring notification with icon==0: Notification(pri=0 contentView=null vibrate=null sound=null defaults=0x0 flags=0x62 kind=[null])
E/Trace   (31433): error opening trace file: No such file or directory (2)
D/ActivityThread(31433): setTargetHeapUtilization:0.25
D/ActivityThread(31433): setTargetHeapIdealFree:8388608
D/ActivityThread(31433): setTargetHeapConcurrentStart:2097152
I/ActivityManager(  468): Process cn.etouch.ecalendar:xg_service_v2 (pid 31417) has died.
W/ActivityManager(  468): Scheduling restart of crashed service cn.etouch.ecalendar/com.tencent.android.tpush.service.XGPushService in 46126ms
I/ActivityThread(31433): Pub com.miui.calendar: com.miui.calendar.provider.MiuiCalendarProvider
I/ActivityThread(31433): Pub com.android.calendar.CalendarRecentSuggestionsProvider: com.android.calendar.CalendarRecentSuggestionsProvider
I/ActivityManager(  468): Start proc com.android.providers.calendar for content provider com.android.providers.calendar/.CalendarProvider2: pid=31447 uid=10007 gids={3003, 1015, 2001, 1028}
E/Trace   (31447): error opening trace file: No such file or directory (2)
D/ActivityThread(31447): setTargetHeapUtilization:0.25
D/ActivityThread(31447): setTargetHeapIdealFree:8388608
D/ActivityThread(31447): setTargetHeapConcurrentStart:2097152
I/ActivityThread(31447): Pub com.android.calendar: com.android.providers.calendar.CalendarProvider2
V/AudioHardwareMSM8660(  148): AudioStreamOutMSM8x60::write(0x417e44d0, 4800) dev = 2
I/ActivityManager(  468): Process cn.etouch.ecalendar (pid 31345) has died.
I/ActivityManager(  468): START {cmp=com.fanxin.app/.activity.LoginActivity u=0} from pid 17591
D/wpa_supplicant( 5958): nl80211: Event message available
D/wpa_supplicant( 5958): nl80211: New scan results available
D/wpa_supplicant( 5958): nl80211: Received scan results (8 BSSes)
D/wpa_supplicant( 5958): nl80211: Survey data missing
D/wpa_supplicant( 5958): Sorted scan results
D/wpa_supplicant( 5958): 14:75:90:42:29:ef freq=2437 qual=0 noise=0 level=-46 flags=0xb
D/wpa_supplicant( 5958): 58:93:96:64:7b:e8 freq=2412 qual=0 noise=0 level=-51 flags=0xb
D/wpa_supplicant( 5958): 58:93:96:24:7b:e8 freq=2412 qual=0 noise=0 level=-53 flags=0xb
D/wpa_supplicant( 5958): 6c:70:9f:dc:a6:6a freq=2462 qual=0 noise=0 level=-62 flags=0xb
D/wpa_supplicant( 5958): 0c:d9:96:db:aa:30 freq=2467 qual=0 noise=0 level=-63 flags=0xb
D/wpa_supplicant( 5958): 5a:d7:05:ee:c2:e6 freq=2462 qual=0 noise=0 level=-68 flags=0xb
D/wpa_supplicant( 5958): 20:08:ed:4b:3c:cc freq=2412 qual=0 noise=0 level=-85 flags=0xb
D/wpa_supplicant( 5958): d8:15:0d:0e:80:20 freq=2437 qual=0 noise=0 level=-85 flags=0xb
D/wpa_supplicant( 5958): Add randomness: count=10562 entropy=1004
D/wpa_supplicant( 5958): Add randomness: count=10563 entropy=1004
D/wpa_supplicant( 5958): Add randomness: count=10564 entropy=1004
D/wpa_supplicant( 5958): Add randomness: count=10565 entropy=1004
D/wpa_supplicant( 5958): Add randomness: count=10566 entropy=1004
D/wpa_supplicant( 5958): Add randomness: count=10567 entropy=1004
D/wpa_supplicant( 5958): Add randomness: count=10568 entropy=1004
D/wpa_supplicant( 5958): Add randomness: count=10569 entropy=1004
D/wpa_supplicant( 5958): WPS: attr type=0x104a len=1
D/wpa_supplicant( 5958): WPS: attr type=0x1044 len=1
D/wpa_supplicant( 5958): WPS: attr type=0x1049 len=6
D/wpa_supplicant( 5958): WPS: WFA subelement id=0 len=1
D/wpa_supplicant( 5958): WPS: attr type=0x104a len=1
D/wpa_supplicant( 5958): WPS: attr type=0x1044 len=1
D/wpa_supplicant( 5958): WPS: attr type=0x1049 len=6
D/wpa_supplicant( 5958): WPS: WFA subelement id=0 len=1
D/wpa_supplicant( 5958): WPS: attr type=0x104a len=1
D/wpa_supplicant( 5958): WPS: attr type=0x1044 len=1
D/wpa_supplicant( 5958): WPS: attr type=0x1049 len=6
D/wpa_supplicant( 5958): WPS: WFA subelement id=0 len=1
D/wpa_supplicant( 5958): WPS: attr type=0x104a len=1
D/wpa_supplicant( 5958): WPS: attr type=0x1044 len=1
D/wpa_supplicant( 5958): WPS: attr type=0x1049 len=6
D/wpa_supplicant( 5958): WPS: WFA subelement id=0 len=1
D/wpa_supplicant( 5958): WPS: AP d8:15:0d:0e:80:20 type 0 added
D/wpa_supplicant( 5958): WPS: AP[0] d8:15:0d:0e:80:20 type=0 tries=0 last_attempt=-1 sec ago blacklist=0
D/wpa_supplicant( 5958): wlan0: Request association: reassociate: 1  selected: 14:75:90:42:29:ef  bssid: 00:00:00:00:00:00  pending: 00:00:00:00:00:00  wpa_state: SCANNING
I/wpa_supplicant( 5958): wlan0: Trying to associate with SSID 'easemob-tplink'
D/StateMachine(  468): handleMessage: E msg.what=147461
D/StateMachine(  468): processMsg: DisconnectedState
D/WifiStateMachine(  468): DisconnectedState{ what=147461 when=0 }
D/wpa_supplicant( 5958): RSN: PMKSA cache search - network_ctx=0x0 try_opportunistic=0
D/wpa_supplicant( 5958): RSN: Search for BSSID 14:75:90:42:29:ef
D/wpa_supplicant( 5958): RSN: No PMKSA cache entry found
D/wpa_supplicant( 5958): P2P: * P2P IE header
D/wpa_supplicant( 5958): P2P: * Capability dev=23 group=00
D/wpa_supplicant( 5958): P2P: * Device Info
D/wpa_supplicant( 5958): wpa_driver_nl80211_set_operstate: operstate 0->0 (DORMANT)
D/wpa_supplicant( 5958): netlink: Operstate: linkmode=-1, operstate=5
D/wpa_supplicant( 5958): Calling set grouple idle_timeout from notif_disconnected
D/wpa_supplicant( 5958): nl80211: Get shared freq for PHY phy1
D/wpa_supplicant( 5958): nl80211: No shared interface for PHY (phy1) in associated state
D/wpa_supplicant( 5958): nl80211: Set mode ifindex 15 iftype 2 (STATION)
D/wpa_supplicant( 5958): nl80211: Unsubscribe mgmt frames handle 0x41f7d988 (mode change)
D/wpa_supplicant( 5958): nl80211: Subscribe to mgmt frames with non-AP handle 0x41f7d988
D/wpa_supplicant( 5958): nl80211: Register frame type=0xd0 nl_handle=0x41f7d988
D/wpa_supplicant( 5958): nl80211: Register frame type=0xd0 nl_handle=0x41f7d988
D/wpa_supplicant( 5958): nl80211: Register frame type=0xd0 nl_handle=0x41f7d988
D/wpa_supplicant( 5958): nl80211: Register frame type=0xd0 nl_handle=0x41f7d988
D/wpa_supplicant( 5958): nl80211: Register frame type=0xd0 nl_handle=0x41f7d988
D/wpa_supplicant( 5958): nl80211: Register frame type=0xd0 nl_handle=0x41f7d988
D/wpa_supplicant( 5958): nl80211: Register frame type=0xd0 nl_handle=0x41f7d988
D/wpa_supplicant( 5958): nl80211: Register frame type=0xd0 nl_handle=0x41f7d988
D/wpa_supplicant( 5958): nl80211: Connect (ifindex=15)
D/wpa_supplicant( 5958):   * Auth Type 0
D/wpa_supplicant( 5958):   * WPA Versions 0x2
V/AudioHardwareMSM8660(  148): AudioStreamOutMSM8x60::getParameters() voip_flag=
V/AudioHardwareMSM8660(  148): AudioStreamOutMSM8x60::getParameters() voip_flag=
V/AudioHardwareMSM8660(  148): AudioStreamOutMSM8x60::getParameters() voip_flag=
V/AudioHardwareMSM8660(  148): AudioStreamOutMSM8x60::getParameters() voip_flag=
I/ActivityManager(  468): Start proc com.android.updater for broadcast com.android.updater/.receiver.StartupReceiver: pid=31465 uid=9802 gids={3003, 1015, 2001, 1007, 1028}
V/AudioHardwareMSM8660(  148): AudioStreamOutMSM8x60::getParameters() voip_flag=
E/Trace   (31465): error opening trace file: No such file or directory (2)
D/ActivityThread(31465): setTargetHeapUtilization:0.25
D/ActivityThread(31465): setTargetHeapIdealFree:8388608
D/ActivityThread(31465): setTargetHeapConcurrentStart:2097152
I/MobclickAgent(17591): Extend current session: 7AC5C5CBA0736E77A85AF95B96AB7797
D/wpa_supplicant( 5958): nl80211: Connect request send successfully
D/wpa_supplicant( 5958): EAPOL: External notification - EAP success=0
D/wpa_supplicant( 5958): EAPOL: Supplicant port status: Unauthorized
D/wpa_supplicant( 5958): EAPOL: External notification - EAP fail=0
D/wpa_supplicant( 5958): EAPOL: Supplicant port status: Unauthorized
D/wpa_supplicant( 5958): EAPOL: External notification - portControl=Auto
D/wpa_supplicant( 5958): EAPOL: Supplicant port status: Unauthorized
D/wpa_supplicant( 5958): wpa_s 0x41f78648 cmd SET pno 1
D/wpa_supplicant( 5958): CTRL_IFACE SET 'pno'='1'
D/wpa_supplicant( 5958): PNO: Use only the first 16 SSIDs from 22
D/StateMachine(  468): processMsg: ConnectModeState
D/WifiStateMachine(  468): ConnectModeState{ what=147461 when=-254ms }
D/wpa_supplicant( 5958): wpa_s 0x41f78648 cmd AP_SCAN 1
D/StateMachine(  468): processMsg: DriverStartedState
D/WifiStateMachine(  468): DriverStartedState{ what=147461 when=-254ms }
D/StateMachine(  468): processMsg: SupplicantStartedState
D/WifiStateMachine(  468): SupplicantStartedState{ what=147461 when=-254ms }
D/wpa_supplicant( 5958): wpa_s 0x41f78648 cmd SCAN_RESULTS
D/wpa_supplicant( 5958): WPS: attr type=0x104a len=1
D/wpa_supplicant( 5958): WPS: attr type=0x1044 len=1
D/wpa_supplicant( 5958): WPS: attr type=0x1049 len=6
D/wpa_supplicant( 5958): WPS: WFA subelement id=0 len=1
D/wpa_supplicant( 5958): WPS: attr type=0x104a len=1
D/wpa_supplicant( 5958): WPS: attr type=0x1044 len=1
D/wpa_supplicant( 5958): WPS: attr type=0x1049 len=6
D/wpa_supplicant( 5958): WPS: WFA subelement id=0 len=1
D/wpa_supplicant( 5958): WPS: attr type=0x104a len=1
D/wpa_supplicant( 5958): WPS: attr type=0x1044 len=1
D/wpa_supplicant( 5958): WPS: attr type=0x1049 len=6
D/wpa_supplicant( 5958): WPS: WFA subelement id=0 len=1
D/StateMachine(  468): handleMessage: X
D/StateMachine(  468): handleMessage: E msg.what=147462
D/StateMachine(  468): processMsg: DisconnectedState
D/WifiStateMachine(  468): DisconnectedState{ what=147462 when=-257ms obj=android.net.wifi.StateChangeResult@427eb170 }
D/WifiStateMachine(  468): setDetailed state, old =SCANNING and new state=CONNECTING
D/StateMachine(  468): processMsg: ConnectModeState
D/WifiStateMachine(  468): ConnectModeState{ what=147462 when=-258ms obj=android.net.wifi.StateChangeResult@427eb170 }
D/StateMachine(  468): handleMessage: X
V/PhoneStatusBar(  587): setLightsOn(true)
I/PushUpdater(31465): Register topic : updater_JMACNBH14_0
D/ads-notify-fd5dfce4(31465): app: com.android.updater
D/ads-notify-fd5dfce4(31465): logSender: com.xiaomi.miui.pushads.sdk.a.e@4183d400
D/ads-notify-fd5dfce4(31465): com.android.updater--->init channel
D/ads-notify-fd5dfce4(31465): com.android.updater--->cahnel OK
I/PushUpdater(31465): Push Channel is connected!
D/ads-notify-fd5dfce4(31465): com.android.updater-->set alias: com.xiaomi.miui.pushads.sdk8732327 thread: main
D/dalvikvm(29634): GC_CONCURRENT freed 6485K, 27% free 20843K/28551K, paused 12ms+53ms, total 186ms
I/ActivityManager(  468): Start proc com.miui.weather2:receiverreportweather for broadcast com.miui.weather2/.receiver.ReceiverReportWeather: pid=31482 uid=10081 gids={3003, 1015, 1028}
I/ActivityManager(  468): Displayed com.fanxin.app/.activity.LoginActivity: +482ms
D/ads-notify-fd5dfce4(31465): com.android.updater--->onCommandResult == set-alias resultCode: 0 reason: null
D/ads-notify-fd5dfce4(31465): param: com.xiaomi.miui.pushads.sdk8732327
D/ads-notify-fd5dfce4(31465): com.android.updater--->alias ok: com.xiaomi.miui.pushads.sdk8732327
D/ads-notify-fd5dfce4(31465): com.android.updater--->set topic com.xiaomi.miui.pushads.sdkupdater_JMACNBH14_0
D/ads-notify-fd5dfce4(31465): com.android.updater--->topic resultCode: 0 reason: null topic: com.xiaomi.miui.pushads.sdkupdater_JMACNBH14_0
I/ActivityManager(  468): Process com.android.calendar (pid 31433) has died.
I/ActivityManager(  468): Process com.android.exchange (pid 31059) has died.
E/Trace   (31482): error opening trace file: No such file or directory (2)
D/ActivityThread(31482): setTargetHeapUtilization:0.25
D/ActivityThread(31482): setTargetHeapIdealFree:8388608
D/ActivityThread(31482): setTargetHeapConcurrentStart:2097152
V/AudioHardwareMSM8660(  148): AudioStreamOutMSM8x60::write(0x417e44d0, 4800) dev = 2
I/ActivityManager(  468): Start proc com.miui.weather2:reportweatherservice for service com.miui.weather2/.service.ReportWeatherService: pid=31495 uid=10081 gids={3003, 1015, 1028}
I/CalendarProvider2(31447): Sending notification intent: Intent { act=android.intent.action.PROVIDER_CHANGED dat=content://com.android.calendar }
W/ContentResolver(31447): Failed to get type for: content://com.android.calendar (Unknown URL content://com.android.calendar)
I/ActivityManager(  468): Start proc cn.etouch.ecalendar for broadcast cn.etouch.ecalendar/.widget.myWidget: pid=31505 uid=10152 gids={3003, 1015, 1007, 1028}
E/Trace   (31495): error opening trace file: No such file or directory (2)
D/ActivityThread(31495): setTargetHeapUtilization:0.25
D/ActivityThread(31495): setTargetHeapIdealFree:8388608
D/ActivityThread(31495): setTargetHeapConcurrentStart:2097152
E/Trace   (31505): error opening trace file: No such file or directory (2)
D/ActivityThread(31505): setTargetHeapUtilization:0.25
D/ActivityThread(31505): setTargetHeapIdealFree:8388608
D/ActivityThread(31505): setTargetHeapConcurrentStart:2097152
I/ActivityManager(  468): Process com.android.updater (pid 31465) has died.
I/ActivityManager(  468): Process com.android.providers.calendar (pid 31447) has died.
D/MSF.C.NetConnTag( 1067): [E]try open Conn /125.39.240.104:443 noneProxy
D/MSF.C.NetConnTag( 1067): [E]open 125.39.240.104/125.39.240.104:443 failed connError_unreachable costTime: 12 configTimeout: 8000 noneProxy
I/ActivityThread(31505): Pub cn.etouch.ecalendar.provider: cn.etouch.ecalendar.provider.EcalendarProvider
E/ActivityThread(17591): Activity com.fanxin.app.activity.MainActivity has leaked IntentReceiver com.fanxin.app.activity.MainActivity$2@41d0cf28 that was originally registered here. Are you missing a call to unregisterReceiver()?
E/ActivityThread(17591): android.app.IntentReceiverLeaked: Activity com.fanxin.app.activity.MainActivity has leaked IntentReceiver com.fanxin.app.activity.MainActivity$2@41d0cf28 that was originally registered here. Are you missing a call to unregisterReceiver()?
E/ActivityThread(17591): 	at android.app.LoadedApk$ReceiverDispatcher.<init>(LoadedApk.java:796)
E/ActivityThread(17591): 	at android.app.LoadedApk.getReceiverDispatcher(LoadedApk.java:597)
E/ActivityThread(17591): 	at android.app.ContextImpl.registerReceiverInternal(ContextImpl.java:1155)
E/ActivityThread(17591): 	at android.app.ContextImpl.registerReceiver(ContextImpl.java:1141)
E/ActivityThread(17591): 	at android.app.ContextImpl.registerReceiver(ContextImpl.java:1135)
E/ActivityThread(17591): 	at android.content.ContextWrapper.registerReceiver(ContextWrapper.java:365)
E/ActivityThread(17591): 	at com.fanxin.app.activity.MainActivity.onCreate(MainActivity.java:130)
E/ActivityThread(17591): 	at android.app.Activity.performCreate(Activity.java:5084)
E/ActivityThread(17591): 	at android.app.Instrumentation.callActivityOnCreate(Instrumentation.java:1079)
E/ActivityThread(17591): 	at com.lbe.security.service.core.client.b.x.callActivityOnCreate(Unknown Source)
E/ActivityThread(17591): 	at android.app.ActivityThread.performLaunchActivity(ActivityThread.java:2045)
E/ActivityThread(17591): 	at android.app.ActivityThread.handleLaunchActivity(ActivityThread.java:2106)
E/ActivityThread(17591): 	at android.app.ActivityThread.access$600(ActivityThread.java:137)
E/ActivityThread(17591): 	at android.app.ActivityThread$H.handleMessage(ActivityThread.java:1202)
E/ActivityThread(17591): 	at android.os.Handler.dispatchMessage(Handler.java:99)
E/ActivityThread(17591): 	at android.os.Looper.loop(Looper.java:137)
E/ActivityThread(17591): 	at android.app.ActivityThread.main(ActivityThread.java:4819)
E/ActivityThread(17591): 	at java.lang.reflect.Method.invokeNative(Native Method)
E/ActivityThread(17591): 	at java.lang.reflect.Method.invoke(Method.java:511)
E/ActivityThread(17591): 	at com.android.internal.os.ZygoteInit$MethodAndArgsCaller.run(ZygoteInit.java:793)
E/ActivityThread(17591): 	at com.android.internal.os.ZygoteInit.main(ZygoteInit.java:560)
E/ActivityThread(17591): 	at dalvik.system.NativeStart.main(Native Method)
V/AudioHardwareMSM8660(  148): AudioStreamOutMSM8x60::write(0x417e44d0, 4800) dev = 2
I/ActivityManager(  468): Process com.miui.weather2:receiverreportweather (pid 31482) has died.
I/ActivityManager(  468): Process com.miui.weather2:reportweatherservice (pid 31495) has died.
W/System.err(31505): java.lang.IllegalStateException: Can't parcel a recycled bitmap
W/System.err(31505): 	at android.graphics.Bitmap.checkRecycled(Bitmap.java:239)
W/System.err(31505): 	at android.graphics.Bitmap.writeToParcel(Bitmap.java:1119)
W/System.err(31505): 	at android.widget.RemoteViews$BitmapCache.writeBitmapsToParcel(RemoteViews.java:744)
W/System.err(31505): 	at android.widget.RemoteViews.writeToParcel(RemoteViews.java:2223)
W/System.err(31505): 	at com.android.internal.appwidget.IAppWidgetService$Stub$Proxy.updateAppWidgetProvider(IAppWidgetService.java:602)
W/System.err(31505): 	at android.appwidget.AppWidgetManager.updateAppWidget(AppWidgetManager.java:471)
