W/System.err(31651): Caused by: libcore.io.GaiException: getaddrinfo failed: EAI_NODATA (No address associated with hostname)
W/System.err(31651): 	at libcore.io.Posix.getaddrinfo(Native Method)
W/System.err(31651): 	at libcore.io.ForwardingOs.getaddrinfo(ForwardingOs.java:55)
W/System.err(31651): 	at java.net.InetAddress.lookupHostByName(InetAddress.java:405)
W/System.err(31651): 	... 11 more
W/System.err(31651): Caused by: libcore.io.ErrnoException: getaddrinfo failed: ENETUNREACH (Network is unreachable)
W/System.err(31651): 	... 14 more
D/wpa_supplicant( 5958): wpa_s 0x41f78648 cmd SET ps 0
D/wpa_supplicant( 5958): CTRL_IFACE SET 'ps'='0'
D/wpa_supplicant( 5958): nl80211: set_p2p_powersave (legacy_ps=0 opp_ps=-1 ctwindow=-1)
D/StateMachine(  468): handleMessage: X
D/dalvikvm(31651): GC_FOR_ALLOC freed 5136K, 41% free 9184K/15427K, paused 31ms, total 31ms
I/ActivityManager(  468): Start proc com.baidu.wenku for broadcast com.baidu.wenku/com.baidu.sapi2.share.ShareReceiver: pid=31686 uid=10186 gids={1015, 3001, 3002, 1007, 3003, 1028}
E/Trace   (31686): error opening trace file: No such file or directory (2)
D/ActivityThread(31686): setTargetHeapUtilization:0.25
D/ActivityThread(31686): setTargetHeapIdealFree:8388608
D/ActivityThread(31686): setTargetHeapConcurrentStart:2097152
D/dalvikvm(31686): WAIT_FOR_CONCURRENT_GC blocked 0ms
I/ActivityManager(  468): Process com.baidu.travel (pid 31651) has died.
I/ActivityThread(31686): Pub com.baidu.wenku: com.baidu.wenku.provider.InboxProvider
W/ImageLoader(31686): discCache() and discCacheFileNameGenerator() calls overlap each other
I/ActivityManager(  468): Start proc cn.etouch.ecalendar:xg_service_v2 for broadcast cn.etouch.ecalendar/com.tencent.android.tpush.XGPushReceiver: pid=31702 uid=10152 gids={3003, 1015, 1007, 1028}
D/wpa_supplicant( 5958): EAPOL: startWhen --> 0
D/wpa_supplicant( 5958): EAPOL: disable timer tick
E/Trace   (31702): error opening trace file: No such file or directory (2)
D/ActivityThread(31702): setTargetHeapUtilization:0.25
D/ActivityThread(31702): setTargetHeapIdealFree:8388608
D/ActivityThread(31702): setTargetHeapConcurrentStart:2097152
I/TpnsSecurity(31702): JNI_OnLoad
I/ActivityManager(  468): Start proc com.android.browser for broadcast com.android.browser/com.xiaomi.push.service.receivers.NetworkStatusReceiver: pid=31720 uid=10003 gids={3003, 1015, 1007, 1028}
E/Trace   (31720): error opening trace file: No such file or directory (2)
D/ActivityThread(31720): setTargetHeapUtilization:0.25
D/ActivityThread(31720): setTargetHeapIdealFree:8388608
D/ActivityThread(31720): setTargetHeapConcurrentStart:2097152
I/ActivityManager(  468): Process com.baidu.wenku (pid 31686) has died.
D/dalvikvm(29634): GC_CONCURRENT freed 6469K, 28% free 20678K/28551K, paused 12ms+55ms, total 191ms
I/ActivityManager(  468): Process cn.etouch.ecalendar:xg_service_v2 (pid 31702) has died.
I/ActivityThread(31720): Pub com.android.browser.snapshots: com.android.browser.provider.SnapshotProvider
I/ActivityThread(31720): Pub com.android.browser;browser: com.android.browser.provider.MiuiBrowserProvider2
I/ActivityThread(31720): Pub com.android.browser.home: com.android.browser.homepages.HomeProvider
I/ActivityThread(31720): Pub com.android.browser.push: com.android.browser.PushProvider
I/ActivityThread(31720): Pub miui.browser.webapps: miui.browser.webapps.db.WebappsContentProvider
D/ads-notify-fd5dfce4(31720): app: com.android.browser
E/ActivityThread(31720): Failed to find provider info for com.google.settings
E/ActivityThread(31720): Failed to find provider info for com.google.settings
D/ads-notify-fd5dfce4(31720): logSender: com.xiaomi.miui.pushads.sdk.a.c@418d9480
D/ads-notify-fd5dfce4(31720): com.android.browser--->init channel
D/ads-notify-fd5dfce4(31720): com.android.browser--->cahnel OK
D/ads-notify-fd5dfce4(31720): app_resultCode: 0 thread: main
D/ads-notify-fd5dfce4(31720): com.android.browser-->set alias: com.xiaomi.miui.pushads.sdk8732327 thread: main
D/ads-notify-fd5dfce4(31720): com.android.browser--->onCommandResult == set-alias resultCode: 0 reason: null
D/ads-notify-fd5dfce4(31720): param: com.xiaomi.miui.pushads.sdk8732327
D/ads-notify-fd5dfce4(31720): com.android.browser--->alias ok: com.xiaomi.miui.pushads.sdk8732327
I/ActivityManager(  468): Start proc android.process.media for broadcast com.android.providers.downloads/com.xiaomi.push.service.receivers.NetworkStatusReceiver: pid=31740 uid=10015 gids={1015, 1023, 1024, 1028, 2001, 3003, 3007}
E/Trace   (31740): error opening trace file: No such file or directory (2)
D/ActivityThread(31740): setTargetHeapUtilization:0.25
D/ActivityThread(31740): setTargetHeapIdealFree:8388608
D/ActivityThread(31740): setTargetHeapConcurrentStart:2097152
I/ActivityThread(31740): Pub downloads: com.android.providers.downloads.DownloadProvider
I/DownloadManager(31740): in removeSpuriousFiles
I/ActivityThread(31740): Pub drm: com.android.providers.drm.DrmProvider
I/ActivityThread(31740): Pub media: com.android.providers.media.MediaProvider
E/SQLiteLog(31740): (5) statement aborts at 1: [PRAGMA journal_mode=TRUNCATE;] 
I/ActivityManager(  468): Start proc com.miui.video for broadcast com.miui.video/com.xiaomi.push.service.receivers.NetworkStatusReceiver: pid=31757 uid=10049 gids={1023, 3003, 1028, 1015, 1007}
E/Trace   (31757): error opening trace file: No such file or directory (2)
D/ActivityThread(31757): setTargetHeapUtilization:0.25
D/ActivityThread(31757): setTargetHeapIdealFree:8388608
D/ActivityThread(31757): setTargetHeapConcurrentStart:2097152
D/dalvikvm(31757): WAIT_FOR_CONCURRENT_GC blocked 0ms
E/LSH:Dispatcher(31167): http exception
E/LSH:Dispatcher(31167): dispatcher result:null
E/LSH:Dispatcher(31167): http response == null
I/ActivityThread(31757): Pub com.miui.video.provider.MediaInfoForPlayerProvider: com.duokan.tv.video.provider.MediaInfoForPlayerProvider
E/DownloadManager(31740): Unknown domain for uri: non-dwnldmngr-download-dont-retry2download
I/ActivityManager(  468): Process com.android.browser (pid 31720) has died.
E/DownloadManager(31740): Unknown domain for uri: non-dwnldmngr-download-dont-retry2download
E/DownloadManager(31740): Unknown domain for uri: non-dwnldmngr-download-dont-retry2download
E/DownloadManager(31740): Unknown domain for uri: non-dwnldmngr-download-dont-retry2download
I/DKApp   (31757): onCreate()
E/DownloadManager(31740): Unknown domain for uri: non-dwnldmngr-download-dont-retry2download
D/com.duokan.tv.video.common.Q(31757): androidId : 609b6150580080a1
E/DownloadManager(31740): Unknown domain for uri: non-dwnldmngr-download-dont-retry2download
E/B       (31757): java.io.FileNotFoundException: /data/data/com.miui.video/files/tv_play_history.xml: open failed: ENOENT (No such file or directory)
I/com.duokan.tv.video.common.ad(31757): loadPlayHistory time = 23
E/com.duokan.tv.video.common.P(31757): java.io.FileNotFoundException: /data/data/com.miui.video/files/myfavorite/8732327_myfavorite.xml: open failed: ENOENT (No such file or directory)
E/com.duokan.tv.video.common.P(31757): loadMyFavorite t2 - t1 = 2
E/com.duokan.tv.video.common.o(31757): failed to read object from /data/data/com.miui.video/files/cache/data/token_info.cache
E/com.duokan.tv.video.common.o(31757): failed to read object from /data/data/com.miui.video/files/cache/data/sync_recentplayhistory.cache
E/com.duokan.tv.video.common.o(31757): failed to read object from /data/data/com.miui.video/files/cache/data/sync_myfavorite.cache
E/com.duokan.tv.video.common.o(31757): failed to read object from /data/data/com.miui.video/files/cache/data/source_info.cache
E/com.duokan.tv.video.common.o(31757): failed to read object from /data/data/com.miui.video/files/cacheaddon_list.cache
D/dalvikvm(  146): WAIT_FOR_CONCURRENT_GC blocked 0ms
I/ActivityManager(  468): Start proc com.xiaomi.payment for broadcast com.xiaomi.payment/com.xiaomi.push.service.receivers.NetworkStatusReceiver: pid=31777 uid=10050 gids={3003, 1015, 1006, 1028}
D/dalvikvm(  146): GC_EXPLICIT freed 38K, 60% free 6278K/15427K, paused 2ms+3ms, total 33ms
D/dalvikvm(  146): WAIT_FOR_CONCURRENT_GC blocked 0ms
D/dalvikvm(  146): GC_EXPLICIT freed <1K, 60% free 6278K/15427K, paused 1ms+2ms, total 23ms
D/dalvikvm(  146): WAIT_FOR_CONCURRENT_GC blocked 0ms
E/Trace   (31777): error opening trace file: No such file or directory (2)
D/ActivityThread(31777): setTargetHeapUtilization:0.25
D/ActivityThread(31777): setTargetHeapIdealFree:8388608
D/ActivityThread(31777): setTargetHeapConcurrentStart:2097152
D/dalvikvm(  146): GC_EXPLICIT freed <1K, 60% free 6278K/15427K, paused 1ms+3ms, total 22ms
E/DownloadManager(31740): Unknown domain for uri: non-dwnldmngr-download-dont-retry2download
D/dalvikvm(  468): WAIT_FOR_CONCURRENT_GC blocked 0ms
D/dalvikvm(  468): GC_EXPLICIT freed 571K, 46% free 25363K/46343K, paused 6ms+20ms, total 248ms
E/DownloadManager(31740): Unknown domain for uri: non-dwnldmngr-download-dont-retry2download
D/ads-notify-fd5dfce4(31777): app: com.xiaomi.payment
I/ActivityManager(  468): Process com.miui.video (pid 31757) has died.
D/ads-notify-fd5dfce4(31777): logSender: com.xiaomi.miui.pushads.sdk.trace.AdsLogSender@41847e70
D/ads-notify-fd5dfce4(31777): com.xiaomi.payment--->init channel
D/ads-notify-fd5dfce4(31777): com.xiaomi.payment--->cahnel OK
I/ActivityManager(  468): Process com.sina.weibo (pid 31167) has died.
W/ActivityManager(  468): Scheduling restart of crashed service com.sina.weibo/.weiyou.refactor.service.DMService in 218160ms
D/ads-notify-fd5dfce4(31777): com.xiaomi.payment-->set alias: com.xiaomi.miui.pushads.sdk8732327 thread: main
D/ads-notify-fd5dfce4(31777): com.xiaomi.payment--->onCommandResult == set-alias resultCode: 0 reason: null
D/ads-notify-fd5dfce4(31777): param: com.xiaomi.miui.pushads.sdk8732327
D/ads-notify-fd5dfce4(31777): com.xiaomi.payment--->alias ok: com.xiaomi.miui.pushads.sdk8732327
I/ActivityManager(  468): Start proc com.xiaomi.market for broadcast com.xiaomi.market/com.xiaomi.push.service.receivers.NetworkStatusReceiver: pid=31793 uid=10042 gids={1015, 3003, 1028}
E/Trace   (31793): error opening trace file: No such file or directory (2)
D/ActivityThread(31793): setTargetHeapUtilization:0.25
D/ActivityThread(31793): setTargetHeapIdealFree:8388608
D/ActivityThread(31793): setTargetHeapConcurrentStart:2097152
I/ActivityThread(31793): Pub com.xiaomi.market.dbcache: com.xiaomi.market.db.MarketProvider
I/Adreno200-EGL(31793): <qeglDrvAPI_eglInitialize:299>: EGL 1.4 QUALCOMM build: AU_LINUX_ANDROID_JB_REL_RB1.04.01.01.06.041_msm8660_surf_JB_REL_RB1.2_Merge_release_AU (Merge)
I/Adreno200-EGL(31793): Build Date: 11/05/12 Mon
I/Adreno200-EGL(31793): Local Branch: mybranch425650
I/Adreno200-EGL(31793): Remote Branch: quic/jb_rel_rb1.2
I/Adreno200-EGL(31793): Local Patches: NONE
I/Adreno200-EGL(31793): Reconstruct Branch: AU_LINUX_ANDROID_JB_REL_RB1.04.01.01.06.041 +  NOTHING
D/ImageProcessor(31793): SetScreenshotHeight - 480
D/ads-notify-fd5dfce4(31793): app: com.xiaomi.market
D/ads-notify-fd5dfce4(31793): logSender: com.xiaomi.miui.pushads.sdk.a.e@418a9498
D/ads-notify-fd5dfce4(31793): com.xiaomi.market--->init channel
D/ads-notify-fd5dfce4(31793): com.xiaomi.market--->cahnel OK
D/MarketLoginManager(31793): account has login
D/ads-notify-fd5dfce4(31793): com.xiaomi.market-->set alias: com.xiaomi.miui.pushads.sdk8732327 thread: main
D/ads-notify-fd5dfce4(31793): com.xiaomi.market--->onCommandResult == set-alias resultCode: 0 reason: null
D/ads-notify-fd5dfce4(31793): param: com.xiaomi.miui.pushads.sdk8732327
D/ads-notify-fd5dfce4(31793): com.xiaomi.market--->alias ok: com.xiaomi.miui.pushads.sdk8732327
D/ads-notify-fd5dfce4(31793): com.xiaomi.market--->set topic com.xiaomi.miui.pushads.sdksubject_push
D/ads-notify-fd5dfce4(31793): com.xiaomi.market--->topic resultCode: 0 reason: null topic: com.xiaomi.miui.pushads.sdksubject_push
I/ActivityManager(  468): Start proc com.android.thememanager for broadcast com.android.thememanager/com.xiaomi.push.service.receivers.NetworkStatusReceiver: pid=31814 uid=9801 gids={2001, 3003, 1015, 1028}
E/Trace   (31814): error opening trace file: No such file or directory (2)
D/ActivityThread(31814): setTargetHeapUtilization:0.25
D/ActivityThread(31814): setTargetHeapIdealFree:8388608
D/ActivityThread(31814): setTargetHeapConcurrentStart:2097152
D/dalvikvm(31740): WAIT_FOR_CONCURRENT_GC blocked 0ms
D/dalvikvm(31740): GC_EXPLICIT freed 1180K, 50% free 7829K/15427K, paused 5ms+14ms, total 74ms
I/ActivityThread(31814): Pub com.android.thememanager.provider: com.android.thememanager.service.ThemeRuntimeDataProvider
I/Theme   (31814): loginManager: account has changed, current account: 8732327
D/dalvikvm(  468): WAIT_FOR_CONCURRENT_GC blocked 0ms
D/dalvikvm(  468): GC_EXPLICIT freed 247K, 46% free 25350K/46343K, paused 8ms+20ms, total 221ms
D/ads-notify-fd5dfce4(31814): app: com.android.thememanager
I/ActivityManager(  468): Process com.xiaomi.market (pid 31793) has died.
D/ads-notify-fd5dfce4(31814): logSender: com.xiaomi.miui.pushads.sdk.trace.AdsLogSender@41887b50
I/ActivityManager(  468): Start proc com.sina.weibo:remote for service com.sina.weibo/.localpush.LocalPushService: pid=31833 uid=10053 gids={1006, 3003, 1015, 1007, 1028}
D/ads-notify-fd5dfce4(31814): com.android.thememanager--->init channel
D/ads-notify-fd5dfce4(31814): com.android.thememanager--->cahnel OK
E/Trace   (31833): error opening trace file: No such file or directory (2)
D/ActivityThread(31833): setTargetHeapUtilization:0.25
D/ActivityThread(31833): setTargetHeapIdealFree:8388608
D/ActivityThread(31833): setTargetHeapConcurrentStart:2097152
D/ads-notify-fd5dfce4(31814): com.android.thememanager-->set alias: com.xiaomi.miui.pushads.sdk8732327 thread: main
D/ads-notify-fd5dfce4(31814): com.android.thememanager--->onCommandResult == set-alias resultCode: 0 reason: null
D/ads-notify-fd5dfce4(31814): param: com.xiaomi.miui.pushads.sdk8732327
D/ads-notify-fd5dfce4(31814): com.android.thememanager--->alias ok: com.xiaomi.miui.pushads.sdk8732327
I/ActivityManager(  468): Start proc com.android.updater for broadcast com.android.updater/com.xiaomi.push.service.receivers.NetworkStatusReceiver: pid=31848 uid=9802 gids={3003, 1015, 2001, 1007, 1028}
E/Trace   (31848): error opening trace file: No such file or directory (2)
D/ActivityThread(31848): setTargetHeapUtilization:0.25
D/ActivityThread(31848): setTargetHeapIdealFree:8388608
D/ActivityThread(31848): setTargetHeapConcurrentStart:2097152
I/PushUpdater(31848): Register topic : updater_JMACNBH14_0
D/ads-notify-fd5dfce4(31848): app: com.android.updater
D/ads-notify-fd5dfce4(31848): logSender: com.xiaomi.miui.pushads.sdk.a.e@4183b968
D/ads-notify-fd5dfce4(31848): com.android.updater--->init channel
I/ActivityManager(  468): Process com.android.thememanager (pid 31814) has died.
D/ads-notify-fd5dfce4(31848): com.android.updater--->cahnel OK
I/PushUpdater(31848): Push Channel is connected!
D/ads-notify-fd5dfce4(31848): com.android.updater-->set alias: com.xiaomi.miui.pushads.sdk8732327 thread: main
D/ads-notify-fd5dfce4(31848): com.android.updater--->onCommandResult == set-alias resultCode: 0 reason: null
D/ads-notify-fd5dfce4(31848): param: com.xiaomi.miui.pushads.sdk8732327
D/ads-notify-fd5dfce4(31848): com.android.updater--->alias ok: com.xiaomi.miui.pushads.sdk8732327
D/ads-notify-fd5dfce4(31848): com.android.updater--->set topic com.xiaomi.miui.pushads.sdkupdater_JMACNBH14_0
D/ads-notify-fd5dfce4(31848): com.android.updater--->topic resultCode: 0 reason: null topic: com.xiaomi.miui.pushads.sdkupdater_JMACNBH14_0
I/ActivityManager(  468): Start proc com.xiaomi.gamecenter for broadcast com.xiaomi.gamecenter/com.xiaomi.push.service.receivers.NetworkStatusReceiver: pid=31863 uid=10055 gids={3003, 1015, 2001, 1007, 1028}
E/Trace   (31863): error opening trace file: No such file or directory (2)
D/ActivityThread(31863): setTargetHeapUtilization:0.25
D/ActivityThread(31863): setTargetHeapIdealFree:8388608
D/ActivityThread(31863): setTargetHeapConcurrentStart:2097152
D/dalvikvm(31863): WAIT_FOR_CONCURRENT_GC blocked 0ms
I/ActivityThread(31833): Pub com.sina.push.pushprovider.1004: com.sina.push.datacenter.PushProvider
I/ActivityManager(  468): Start proc com.sina.weibo for content provider com.sina.weibo/.datasource.SinaWeiboSPProvider: pid=31879 uid=10053 gids={1006, 3003, 1015, 1007, 1028}
I/ActivityManager(  468): Process com.xiaomi.payment (pid 31777) has died.
E/Trace   (31879): error opening trace file: No such file or directory (2)
D/ActivityThread(31879): setTargetHeapUtilization:0.25
D/ActivityThread(31879): setTargetHeapIdealFree:8388608
D/ActivityThread(31879): setTargetHeapConcurrentStart:2097152
I/ActivityManager(  468): Process com.android.updater (pid 31848) has died.
I/ActivityThread(31863): Pub com.xiaomi.gamecenter.miui.recommend: com.xiaomi.gamecenter.db.MiuiRecommendProvider
I/ActivityThread(31863): Pub com.xiaomi.gamecenter.vip.dbcache: com.xiaomi.gamecenter.vip.db.VipCenterProdiver
I/ActivityThread(31863): Pub com.xiaomi.gamecenter.dbcache: com.xiaomi.gamecenter.db.GameCenterProdiver
I/ActivityManager(  468): Start proc com.miui.antispam for broadcast com.miui.antispam/.receiver.NetRreceiver: pid=31896 uid=1000 gids={3006, 3002, 3001, 1015, 1006, 1007, 1028, 3003, 3007}
E/Trace   (31896): error opening trace file: No such file or directory (2)
D/ActivityThread(31896): setTargetHeapUtilization:0.25
D/ActivityThread(31896): setTargetHeapIdealFree:8388608
D/ActivityThread(31896): setTargetHeapConcurrentStart:2097152
I/ActivityManager(  468): Process com.xiaomi.gamecenter (pid 31863) has died.
I/ActivityThread(31879): Pub com.sina.weibo.userlog: com.sina.weibo.log.UserLogProvider
I/ActivityThread(31879): Pub com.sina.weibo.spProvider: com.sina.weibo.datasource.SinaWeiboSPProvider
I/ActivityThread(31879): Pub com.sina.weibo.blogProvider: com.sina.weibo.datasource.SinaWeiboDBProvider
I/ActivityManager(  468): Start proc com.miui.backup for broadcast com.miui.backup/com.miui.milk.auto.AutoBackupReceiver: pid=31913 uid=9800 gids={1015, 3003, 1028}
E/Trace   (31913): error opening trace file: No such file or directory (2)
D/ActivityThread(31913): setTargetHeapUtilization:0.25
D/ActivityThread(31913): setTargetHeapIdealFree:8388608
D/ActivityThread(31913): setTargetHeapConcurrentStart:2097152
I/ActivityManager(  468): Process com.miui.antispam (pid 31896) has died.
I/ActivityThread(31879): Pub com.sina.weibo.sdkProvider: com.sina.weibo.datasource.SinaWeiboSdkProvider
I/ActivityThread(31879): Pub com.sina.weibo.picListProvider: com.sina.weibo.PictureListProvider
D/dalvikvm(  468): WAIT_FOR_CONCURRENT_GC blocked 0ms
I/ActivityManager(  468): Process com.storm.smart.playsdk.dl (pid 30630) has died.
W/ActivityManager(  468): Scheduling restart of crashed service com.baidu.video/com.storm.smart.playsdk.download.DownloadManager in 64502ms
D/dalvikvm(  468): GC_EXPLICIT freed 282K, 46% free 25370K/46343K, paused 5ms+15ms, total 197ms
I/ActivityManager(  468): Start proc com.miui.cloudservice for broadcast com.miui.cloudservice/.push.ConnectionChangeReceiver: pid=31927 uid=10012 gids={3003, 2001, 1028}
E/Trace   (31927): error opening trace file: No such file or directory (2)
D/ActivityThread(31927): setTargetHeapUtilization:0.25
D/ActivityThread(31927): setTargetHeapIdealFree:8388608
D/ActivityThread(31927): setTargetHeapConcurrentStart:2097152
I/ActivityThread(31927): Pub com.miui.cloudservice: com.miui.cloudservice.push.MicloudPushProviderImpl
W/ActivityManager(  468): Unable to start service Intent { act=sina.push.action.service.null (has extras) }: not found
I/ActivityManager(  468): Start proc com.android.fileexplorer:remote for broadcast com.android.fileexplorer/cn.kuaipan.android.service.NetChangeReceiver: pid=31955 uid=10018 gids={3003, 1015, 1023, 1028}
E/Trace   (31955): error opening trace file: No such file or directory (2)
D/ActivityThread(31955): setTargetHeapUtilization:0.25
D/ActivityThread(31955): setTargetHeapIdealFree:8388608
D/ActivityThread(31955): setTargetHeapConcurrentStart:2097152
D/dalvikvm(31955): WAIT_FOR_CONCURRENT_GC blocked 0ms
W/ActivityManager(  468): Unable to start service Intent { act=sina.push.action.service.null (has extras) }: not found
D/dalvikvm(29634): GC_CONCURRENT freed 6377K, 28% free 20750K/28551K, paused 2ms+52ms, total 181ms
I/ActivityThread(31955): Pub com.android.fileexplorer.kssdata: cn.kuaipan.android.provider.KssProvider
I/ActivityManager(  468): Process com.sina.weibo (pid 31879) has died.
V/KscService(31955): Not found createProvider(KssProvicer, String) in service: local_file
V/KscService(31955): Not found createProvider(KssProvicer, String) in service: file_oper
I/ActivityManager(  468): Process android.process.media (pid 31740) has died.
V/KscService(31955): Not found createProvider(KssProvicer, String) in service: file_push
V/KscService(31955): Not found createProvider(KssProvicer, String) in service: thumb
V/FileExplorerApplication(31955): Application Created.
D/dalvikvm(31955): GC_CONCURRENT freed 7513K, 56% free 6908K/15427K, paused 12ms+6ms, total 72ms
V/ServiceManager(31955): Process: com.android.fileexplorer:remote started
D/dalvikvm(  146): WAIT_FOR_CONCURRENT_GC blocked 0ms
I/ActivityManager(  468): Start proc com.miui.gallery for broadcast com.miui.gallery/.cloud.AlbumShareInvitationReceiver: pid=31985 uid=10028 gids={3003, 1028, 1015, 1023, 1006}
D/dalvikvm(  146): GC_EXPLICIT freed 39K, 60% free 6278K/15427K, paused 4ms+3ms, total 29ms
D/dalvikvm(  146): WAIT_FOR_CONCURRENT_GC blocked 0ms
E/Trace   (31985): error opening trace file: No such file or directory (2)
D/ActivityThread(31985): setTargetHeapUtilization:0.25
D/ActivityThread(31985): setTargetHeapIdealFree:8388608
D/ActivityThread(31985): setTargetHeapConcurrentStart:2097152
D/dalvikvm(  146): GC_EXPLICIT freed <1K, 60% free 6278K/15427K, paused 2ms+2ms, total 25ms
D/dalvikvm(  146): WAIT_FOR_CONCURRENT_GC blocked 0ms
D/dalvikvm(  146): GC_EXPLICIT freed <1K, 60% free 6278K/15427K, paused 2ms+2ms, total 20ms
W/KscHttpTransmitter(31955): Meet exception when execute a KscHttpRequest.
W/OAuthApiExecutor(31955): API exception:
W/KscAccountService(31955): Failed on do ApiAction in AccountServ for action:0
I/ActivityThread(31985): Pub com.miui.gallery.cloud.provider: com.miui.gallery.provider.GalleryCloudProvider
I/ActivityThread(31985): Pub com.miui.gallery.cloud.push: com.miui.gallery.provider.GalleryCloudPushProvider
I/ActivityThread(31985): Pub com.miui.gallery.provider: com.miui.gallery.provider.GalleryProvider
D/ApplicationHelper(31985): Create ApplicationHelper successfully, class=com.miui.gallery.util.deviceprovider.PhoneApplicationHelper@417f1a18
I/ActivityManager(  468): Process com.miui.backup (pid 31913) has died.
I/ActivityManager(  468): Process com.miui.cloudservice (pid 31927) has died.
V/SimpleConfigParser(31985): start
V/SimpleConfigParser(31985): invalid line (comment or empty) """# '#'"""
V/SimpleConfigParser(31985): invalid line (comment or empty) """# {...}GalleryAppImplSD"""
V/SimpleConfigParser(31985): invalid line (comment or empty) """"""
V/SimpleConfigParser(31985): invalid line (comment or empty) """# samples"""
V/SimpleConfigParser(31985): invalid line (comment or empty) """#{SD}"""
V/SimpleConfigParser(31985): invalid line (comment or empty) """#{SD}/DCIM/Camera"""
V/SimpleConfigParser(31985): invalid line (comment or empty) """"""
V/SimpleConfigParser(31985): invalid line (comment or empty) """#"""
V/SimpleConfigParser(31985): pre-processed line ==> {SD}/Download
V/SimpleConfigParser(31985): compile to """/storage/sdcard0/Download"""
V/SimpleConfigParser(31985): invalid line (comment or empty) """"""
V/SimpleConfigParser(31985): invalid line (comment or empty) """#UC"""
V/SimpleConfigParser(31985): pre-processed line ==> {SD}/Ucdownloads/screenshot
V/SimpleConfigParser(31985): compile to """/storage/sdcard0/Ucdownloads/screenshot"""
W/WhiteListObserver(31985): please add exist folder! [/storage/sdcard0/Ucdownloads/screenshot]
V/SimpleConfigParser(31985): invalid line (comment or empty) """"""
V/SimpleConfigParser(31985): invalid line (comment or empty) """#QQ2012"""
V/SimpleConfigParser(31985): pre-processed line ==> {SD}/Tencent/MobileQQImgSave/
V/SimpleConfigParser(31985): compile to """/storage/sdcard0/Tencent/MobileQQImgSave/"""
W/WhiteListObserver(31985): please add exist folder! [/storage/sdcard0/Tencent/MobileQQImgSave/]
V/SimpleConfigParser(31985): invalid line (comment or empty) """"""
D/AlbumShareInvitationReceiver(31985): AlbumShareInvitationReceiveronReceive = android.net.conn.CONNECTIVITY_CHANGE
V/SimpleConfigParser(31985): invalid line (comment or empty) """#"""
V/SimpleConfigParser(31985): pre-processed line ==> {SD}/androidesk/wallpapers
V/SimpleConfigParser(31985): compile to """/storage/sdcard0/androidesk/wallpapers"""
W/WhiteListObserver(31985): please add exist folder! [/storage/sdcard0/androidesk/wallpapers]
V/SimpleConfigParser(31985): invalid line (comment or empty) """"""
V/SimpleConfigParser(31985): invalid line (comment or empty) """#Q"""
V/SimpleConfigParser(31985): pre-processed line ==> {SD}/DCIM/OpaiPic
V/SimpleConfigParser(31985): compile to """/storage/sdcard0/DCIM/OpaiPic"""
W/WhiteListObserver(31985): please add exist folder! [/storage/sdcard0/DCIM/OpaiPic]
V/SimpleConfigParser(31985): invalid line (comment or empty) """"""
V/SimpleConfigParser(31985): invalid line (comment or empty) """#"""
V/SimpleConfigParser(31985): pre-processed line ==> {SD}/MTXX
V/SimpleConfigParser(31985): compile to """/storage/sdcard0/MTXX"""
W/WhiteListObserver(31985): please add exist folder! [/storage/sdcard0/MTXX]
V/SimpleConfigParser(31985): invalid line (comment or empty) """"""
V/SimpleConfigParser(31985): invalid line (comment or empty) """#"""
V/SimpleConfigParser(31985): pre-processed line ==> {SD}/miliao/saved/
V/SimpleConfigParser(31985): compile to """/storage/sdcard0/miliao/saved/"""
W/WhiteListObserver(31985): please add exist folder! [/storage/sdcard0/miliao/saved/]
V/SimpleConfigParser(31985): invalid line (comment or empty) """"""
V/SimpleConfigParser(31985): invalid line (comment or empty) """#QQ HD"""
V/SimpleConfigParser(31985): pre-processed line ==> {SD}/Tencent/QQHD_pic/
V/SimpleConfigParser(31985): compile to """/storage/sdcard0/Tencent/QQHD_pic/"""
W/WhiteListObserver(31985): please add exist folder! [/storage/sdcard0/Tencent/QQHD_pic/]
V/SimpleConfigParser(31985): invalid line (comment or empty) """"""
V/SimpleConfigParser(31985): invalid line (comment or empty) """#"""
V/SimpleConfigParser(31985): pre-processed line ==> {SD}/immomo/camera/
V/SimpleConfigParser(31985): compile to """/storage/sdcard0/immomo/camera/"""
D/AlbumShareInvitationReceiver(31985): connect changed, but not available
W/WhiteListObserver(31985): please add exist folder! [/storage/sdcard0/immomo/camera/]
V/SimpleConfigParser(31985): invalid line (comment or empty) """"""
V/SimpleConfigParser(31985): invalid line (comment or empty) """#"""
V/SimpleConfigParser(31985): pre-processed line ==> {SD}/weikan/weikan
V/SimpleConfigParser(31985): compile to """/storage/sdcard0/weikan/weikan"""
W/WhiteListObserver(31985): please add exist folder! [/storage/sdcard0/weikan/weikan]
V/SimpleConfigParser(31985): invalid line (comment or empty) """"""
V/SimpleConfigParser(31985): invalid line (comment or empty) """#QQ"""
V/SimpleConfigParser(31985): pre-processed line ==> {SD}/tencent/QzonePic
V/SimpleConfigParser(31985): compile to """/storage/sdcard0/tencent/QzonePic"""
W/WhiteListObserver(31985): please add exist folder! [/storage/sdcard0/tencent/QzonePic]
V/SimpleConfigParser(31985): invalid line (comment or empty) """"""
V/SimpleConfigParser(31985): invalid line (comment or empty) """#"""
V/SimpleConfigParser(31985): pre-processed line ==> {SD}/qsbk/save
V/SimpleConfigParser(31985): compile to """/storage/sdcard0/qsbk/save"""
W/WhiteListObserver(31985): please add exist folder! [/storage/sdcard0/qsbk/save]
V/SimpleConfigParser(31985): invalid line (comment or empty) """"""
V/SimpleConfigParser(31985): invalid line (comment or empty) """#"""
V/SimpleConfigParser(31985): pre-processed line ==> {SD}/sina/weibo/save
V/SimpleConfigParser(31985): compile to """/storage/sdcard0/sina/weibo/save"""
V/SimpleConfigParser(31985): invalid line (comment or empty) """"""
V/SimpleConfigParser(31985): invalid line (comment or empty) """#QQ"""
V/SimpleConfigParser(31985): pre-processed line ==> {SD}/QQBrowser/
V/SimpleConfigParser(31985): compile to """/storage/sdcard0/QQBrowser/"""
W/WhiteListObserver(31985): please add exist folder! [/storage/sdcard0/QQBrowser/]
V/SimpleConfigParser(31985): invalid line (comment or empty) """"""
V/SimpleConfigParser(31985): invalid line (comment or empty) """#"""
V/SimpleConfigParser(31985): pre-processed line ==> {SD}/Android/Tencent/tencentWeibo
V/SimpleConfigParser(31985): compile to """/storage/sdcard0/Android/Tencent/tencentWeibo"""
W/WhiteListObserver(31985): please add exist folder! [/storage/sdcard0/Android/Tencent/tencentWeibo]
V/SimpleConfigParser(31985): invalid line (comment or empty) """"""
V/SimpleConfigParser(31985): invalid line (comment or empty) """#"""
V/SimpleConfigParser(31985): pre-processed line ==> {SD}/netease/newsreader/netease_down_pic
V/SimpleConfigParser(31985): compile to """/storage/sdcard0/netease/newsreader/netease_down_pic"""
W/WhiteListObserver(31985): please add exist folder! [/storage/sdcard0/netease/newsreader/netease_down_pic]
V/SimpleConfigParser(31985): invalid line (comment or empty) """"""
V/SimpleConfigParser(31985): invalid line (comment or empty) """#"""
V/SimpleConfigParser(31985): pre-processed line ==> {SD}/Renren/image
V/SimpleConfigParser(31985): compile to """/storage/sdcard0/Renren/image"""
W/WhiteListObserver(31985): please add exist folder! [/storage/sdcard0/Renren/image]
V/SimpleConfigParser(31985): invalid line (comment or empty) """"""
V/SimpleConfigParser(31985): invalid line (comment or empty) """#"""
V/SimpleConfigParser(31985): pre-processed line ==> {SD}/ppmm_gallery
V/SimpleConfigParser(31985): compile to """/storage/sdcard0/ppmm_gallery"""
W/WhiteListObserver(31985): please add exist folder! [/storage/sdcard0/ppmm_gallery]
V/SimpleConfigParser(31985): invalid line (comment or empty) """"""
V/SimpleConfigParser(31985): invalid line (comment or empty) """#"""
V/SimpleConfigParser(31985): pre-processed line ==> {SD}/DCIM/100MEDIA/
V/SimpleConfigParser(31985): compile to """/storage/sdcard0/DCIM/100MEDIA/"""
W/WhiteListObserver(31985): please add exist folder! [/storage/sdcard0/DCIM/100MEDIA/]
V/SimpleConfigParser(31985): invalid line (comment or empty) """"""
V/SimpleConfigParser(31985): invalid line (comment or empty) """#"""
V/SimpleConfigParser(31985): pre-processed line ==> {SD}/beautyPhone
V/SimpleConfigParser(31985): compile to """/storage/sdcard0/beautyPhone"""
W/WhiteListObserver(31985): please add exist folder! [/storage/sdcard0/beautyPhone]
V/SimpleConfigParser(31985): invalid line (comment or empty) """"""
V/SimpleConfigParser(31985): invalid line (comment or empty) """#VIVA"""
V/SimpleConfigParser(31985): pre-processed line ==> {SD}/DCIM/viva-pics
V/SimpleConfigParser(31985): compile to """/storage/sdcard0/DCIM/viva-pics"""
W/WhiteListObserver(31985): please add exist folder! [/storage/sdcard0/DCIM/viva-pics]
V/SimpleConfigParser(31985): invalid line (comment or empty) """"""
V/SimpleConfigParser(31985): invalid line (comment or empty) """#"""
V/SimpleConfigParser(31985): pre-processed line ==> {SD}/baidu/flyflow/downloads
V/SimpleConfigParser(31985): compile to """/storage/sdcard0/baidu/flyflow/downloads"""
W/WhiteListObserver(31985): please add exist folder! [/storage/sdcard0/baidu/flyflow/downloads]
V/SimpleConfigParser(31985): invalid line (comment or empty) """"""
V/SimpleConfigParser(31985): invalid line (comment or empty) """#GIF"""
V/SimpleConfigParser(31985): pre-processed line ==> {SD}/MTGIF
V/SimpleConfigParser(31985): compile to """/storage/sdcard0/MTGIF"""
W/WhiteListObserver(31985): please add exist folder! [/storage/sdcard0/MTGIF]
V/SimpleConfigParser(31985): invalid line (comment or empty) """"""
V/SimpleConfigParser(31985): invalid line (comment or empty) """#"""
D/StateMachine(  468): handleMessage: E msg.what=196613
D/StateMachine(  468): processMsg: ObtainingIpState
D/WifiStateMachine(  468): ObtainingIpState{ what=196613 when=0 arg1=1 obj=addr: 10.0.1.77/24 mRoutes: 0.0.0.0/0 -> 10.0.1.1 |  dns: 10.0.1.1, dhcpServer: 10.0.1.1 leaseDuration: 86400 }
D/StateMachine(  468): processMsg: L2ConnectedState
D/WifiStateMachine(  468): L2ConnectedState{ what=196613 when=-1ms arg1=1 obj=addr: 10.0.1.77/24 mRoutes: 0.0.0.0/0 -> 10.0.1.1 |  dns: 10.0.1.1, dhcpServer: 10.0.1.1 leaseDuration: 86400 }
D/wpa_supplicant( 5958): wpa_s 0x41f78648 cmd SET ps 1
D/wpa_supplicant( 5958): CTRL_IFACE SET 'ps'='1'
D/wpa_supplicant( 5958): nl80211: set_p2p_powersave (legacy_ps=1 opp_ps=-1 ctwindow=-1)
D/wpa_supplicant( 5958): wpa_s 0x41f78648 cmd DRIVER BTCOEXMODE 2
V/SimpleConfigParser(31985): pre-processed line ==> {SD}/autohomemain
V/SimpleConfigParser(31985): compile to """/storage/sdcard0/autohomemain"""
W/WhiteListObserver(31985): please add exist folder! [/storage/sdcard0/autohomemain]
V/SimpleConfigParser(31985): invalid line (comment or empty) """"""
V/SimpleConfigParser(31985): invalid line (comment or empty) """#"""
V/SimpleConfigParser(31985): pre-processed line ==> {SD}/baidu/bdmobile/downloads
V/SimpleConfigParser(31985): compile to """/storage/sdcard0/baidu/bdmobile/downloads"""
W/WhiteListObserver(31985): please add exist folder! [/storage/sdcard0/baidu/bdmobile/downloads]
V/SimpleConfigParser(31985): invalid line (comment or empty) """"""
V/SimpleConfigParser(31985): invalid line (comment or empty) """#"""
V/SimpleConfigParser(31985): pre-processed line ==> {SD}/tieba
V/SimpleConfigParser(31985): compile to """/storage/sdcard0/tieba"""
W/WhiteListObserver(31985): please add exist folder! [/storage/sdcard0/tieba]
V/SimpleConfigParser(31985): invalid line (comment or empty) """"""
V/SimpleConfigParser(31985): invalid line (comment or empty) """#JeffreyZhang.LongWB"""
V/SimpleConfigParser(31985): pre-processed line ==> {SD}/LongWB
V/SimpleConfigParser(31985): compile to """/storage/sdcard0/LongWB"""
W/WhiteListObserver(31985): please add exist folder! [/storage/sdcard0/LongWB]
V/SimpleConfigParser(31985): finish
I/ActivityManager(  468): Start proc com.xiaomi.payment for broadcast com.xiaomi.payment/.receiver.ConnectivityChangedReceiver: pid=32029 uid=10050 gids={3003, 1015, 1006, 1028}
D/WhiteListObserver(31985): /storage/sdcard0/sina/weibo/save is old dir, skip it.
D/WifiStateMachine(  468): DHCP successful
D/DhcpInfoInternal(  468): makeLinkProperties with empty dns2!
D/DhcpInfoInternal(  468): makeLinkProperties with empty dns2!
D/WifiStateMachine(  468): persist.wifi.v6:false
D/WifiStateMachine(  468): netId=30 Link configured: InterfaceName: wlan0 LinkAddresses: [10.0.1.77/24,] Routes: [0.0.0.0/0 -> 10.0.1.1,] DnsAddresses: [10.0.1.1,] HttpProxy: [ProxyProperties.mHost == null] 
D/StateMachine(  468): transitionTo: destState=VerifyingLinkState
D/StateMachine(  468): handleMessage: new destination call exit
D/StateMachine(  468): setupTempStateStackWithStatesToEnter: X mTempStateStackCount=1,curStateInfo: state=L2ConnectedState,active=true,parent=ConnectModeState
D/StateMachine(  468): invokeExitMethods: ObtainingIpState
D/StateMachine(  468): moveTempStackToStateStack: i=0,j=5
D/StateMachine(  468): moveTempStackToStateStack: X mStateStackTop=5,startingIndex=5,Top=VerifyingLinkState
D/StateMachine(  468): invokeEnterMethods: VerifyingLinkState
D/WifiStateMachine(  468): VerifyingLinkState
D/WifiStateMachine(  468): setDetailed state, old =OBTAINING_IPADDR and new state=VERIFYING_POOR_LINK
D/StateMachine(  468): handleMessage: X
D/WhiteListObserver(31985): /storage/sdcard0/Download is old dir, skip it.
E/Trace   (32029): error opening trace file: No such file or directory (2)
D/ActivityThread(32029): setTargetHeapUtilization:0.25
D/ActivityThread(32029): setTargetHeapIdealFree:8388608
D/ActivityThread(32029): setTargetHeapConcurrentStart:2097152
D/StateMachine(  468): handleMessage: E msg.what=196613
D/StateMachine(  468): processMsg: VerifyingLinkState
D/StateMachine(  468): processMsg: L2ConnectedState
D/WifiStateMachine(  468): L2ConnectedState{ what=196613 when=0 arg1=1 obj=addr: 10.0.1.77/24 mRoutes: 0.0.0.0/0 -> 10.0.1.1 |  dns: 10.0.1.1, dhcpServer: 10.0.1.1 leaseDuration: 86400 }
D/wpa_supplicant( 5958): wpa_s 0x41f78648 cmd SET ps 1
D/wpa_supplicant( 5958): CTRL_IFACE SET 'ps'='1'
D/wpa_supplicant( 5958): nl80211: set_p2p_powersave (legacy_ps=1 opp_ps=-1 ctwindow=-1)
D/wpa_supplicant( 5958): wpa_s 0x41f78648 cmd DRIVER BTCOEXMODE 2
D/WifiStateMachine(  468): DHCP successful
D/DhcpInfoInternal(  468): makeLinkProperties with empty dns2!
D/DhcpInfoInternal(  468): makeLinkProperties with empty dns2!
D/WifiStateMachine(  468): persist.wifi.v6:false
D/WifiStateMachine(  468): netId=30 Link configured: InterfaceName: wlan0 LinkAddresses: [10.0.1.77/24,] Routes: [0.0.0.0/0 -> 10.0.1.1,] DnsAddresses: [10.0.1.1,] HttpProxy: [ProxyProperties.mHost == null] 
D/StateMachine(  468): transitionTo: destState=VerifyingLinkState
D/StateMachine(  468): handleMessage: new destination call exit
D/StateMachine(  468): setupTempStateStackWithStatesToEnter: X mTempStateStackCount=1,curStateInfo: state=L2ConnectedState,active=true,parent=ConnectModeState
D/StateMachine(  468): invokeExitMethods: VerifyingLinkState
D/StateMachine(  468): moveTempStackToStateStack: i=0,j=5
D/StateMachine(  468): moveTempStackToStateStack: X mStateStackTop=5,startingIndex=5,Top=VerifyingLinkState
D/StateMachine(  468): invokeEnterMethods: VerifyingLinkState
D/WifiStateMachine(  468): VerifyingLinkState
D/WifiStateMachine(  468): setDetailed state, old =VERIFYING_POOR_LINK and new state=VERIFYING_POOR_LINK
D/StateMachine(  468): handleMessage: X
D/ads-notify-fd5dfce4(32029): app: com.xiaomi.payment
I/ActivityManager(  468): Process com.miui.gallery (pid 31985) has died.
D/ads-notify-fd5dfce4(32029): logSender: com.xiaomi.miui.pushads.sdk.trace.AdsLogSender@4183f0f8
D/ads-notify-fd5dfce4(32029): com.xiaomi.payment--->init channel
D/ads-notify-fd5dfce4(32029): com.xiaomi.payment--->cahnel OK
D/ads-notify-fd5dfce4(32029): com.xiaomi.payment-->set alias: com.xiaomi.miui.pushads.sdk8732327 thread: main
D/ads-notify-fd5dfce4(32029): com.xiaomi.payment--->onCommandResult == set-alias resultCode: 0 reason: null
D/ads-notify-fd5dfce4(32029): param: com.xiaomi.miui.pushads.sdk8732327
D/ads-notify-fd5dfce4(32029): com.xiaomi.payment--->alias ok: com.xiaomi.miui.pushads.sdk8732327
I/ActivityManager(  468): Start proc com.xiaomi.market for broadcast com.xiaomi.market/.data.ConnectivityChangedReceiver: pid=32045 uid=10042 gids={1015, 3003, 1028}
E/Trace   (32045): error opening trace file: No such file or directory (2)
D/ActivityThread(32045): setTargetHeapUtilization:0.25
D/ActivityThread(32045): setTargetHeapIdealFree:8388608
D/ActivityThread(32045): setTargetHeapConcurrentStart:2097152
I/ActivityThread(32045): Pub com.xiaomi.market.dbcache: com.xiaomi.market.db.MarketProvider
I/Adreno200-EGL(32045): <qeglDrvAPI_eglInitialize:299>: EGL 1.4 QUALCOMM build: AU_LINUX_ANDROID_JB_REL_RB1.04.01.01.06.041_msm8660_surf_JB_REL_RB1.2_Merge_release_AU (Merge)
I/Adreno200-EGL(32045): Build Date: 11/05/12 Mon
I/Adreno200-EGL(32045): Local Branch: mybranch425650
I/Adreno200-EGL(32045): Remote Branch: quic/jb_rel_rb1.2
I/Adreno200-EGL(32045): Local Patches: NONE
I/Adreno200-EGL(32045): Reconstruct Branch: AU_LINUX_ANDROID_JB_REL_RB1.04.01.01.06.041 +  NOTHING
D/ImageProcessor(32045): SetScreenshotHeight - 480
I/ActivityManager(  468): Process com.xiaomi.payment (pid 32029) has died.
D/ads-notify-fd5dfce4(32045): app: com.xiaomi.market
I/ActivityManager(  468): Start proc android.process.media for content provider com.android.providers.downloads/.DownloadProvider: pid=32063 uid=10015 gids={1015, 1023, 1024, 1028, 2001, 3003, 3007}
E/Trace   (32063): error opening trace file: No such file or directory (2)
D/ActivityThread(32063): setTargetHeapUtilization:0.25
D/ActivityThread(32063): setTargetHeapIdealFree:8388608
D/ActivityThread(32063): setTargetHeapConcurrentStart:2097152
D/ads-notify-fd5dfce4(32045): logSender: com.xiaomi.miui.pushads.sdk.a.e@418a8ec8
D/ads-notify-fd5dfce4(32045): com.xiaomi.market--->init channel
D/ads-notify-fd5dfce4(32045): com.xiaomi.market--->cahnel OK
D/MarketLoginManager(32045): account has login
D/ads-notify-fd5dfce4(32045): com.xiaomi.market-->set alias: com.xiaomi.miui.pushads.sdk8732327 thread: main
D/ads-notify-fd5dfce4(32045): com.xiaomi.market--->onCommandResult == set-alias resultCode: 0 reason: null
D/ads-notify-fd5dfce4(32045): param: com.xiaomi.miui.pushads.sdk8732327
D/ads-notify-fd5dfce4(32045): com.xiaomi.market--->alias ok: com.xiaomi.miui.pushads.sdk8732327
D/ads-notify-fd5dfce4(32045): com.xiaomi.market--->set topic com.xiaomi.miui.pushads.sdksubject_push
D/ads-notify-fd5dfce4(32045): com.xiaomi.market--->topic resultCode: 0 reason: null topic: com.xiaomi.miui.pushads.sdksubject_push
I/ActivityManager(  468): Start proc com.android.updater for broadcast com.android.updater/.receiver.ConnectivityChangedReceiver: pid=32077 uid=9802 gids={3003, 1015, 2001, 1007, 1028}
I/ActivityManager(  468): Process com.xiaomi.market (pid 32045) has died.
E/Trace   (32077): error opening trace file: No such file or directory (2)
D/ActivityThread(32077): setTargetHeapUtilization:0.25
D/ActivityThread(32077): setTargetHeapIdealFree:8388608
D/ActivityThread(32077): setTargetHeapConcurrentStart:2097152
I/ActivityThread(32063): Pub downloads: com.android.providers.downloads.DownloadProvider
I/ActivityThread(32063): Pub drm: com.android.providers.drm.DrmProvider
I/DownloadManager(32063): in removeSpuriousFiles
I/ActivityThread(32063): Pub media: com.android.providers.media.MediaProvider
I/PushUpdater(32077): Register topic : updater_JMACNBH14_0
D/ads-notify-fd5dfce4(32077): app: com.android.updater
I/ActivityManager(  468): Process sina.mobile.tianqitong (pid 29083) has died.
W/ActivityManager(  468): Scheduling restart of crashed service sina.mobile.tianqitong/com.sina.tianqitong.service.TQTService in 71068ms
D/ads-notify-fd5dfce4(32077): logSender: com.xiaomi.miui.pushads.sdk.a.e@41846c88
D/ads-notify-fd5dfce4(32077): com.android.updater--->init channel
D/ads-notify-fd5dfce4(32077): com.android.updater--->cahnel OK
E/SQLiteLog(32063): (5) statement aborts at 1: [PRAGMA journal_mode=TRUNCATE;] 
I/PushUpdater(32077): Push Channel is connected!
D/ads-notify-fd5dfce4(32077): com.android.updater-->set alias: com.xiaomi.miui.pushads.sdk8732327 thread: main
D/ads-notify-fd5dfce4(32077): com.android.updater--->onCommandResult == set-alias resultCode: 0 reason: null
D/ads-notify-fd5dfce4(32077): param: com.xiaomi.miui.pushads.sdk8732327
D/ads-notify-fd5dfce4(32077): com.android.updater--->alias ok: com.xiaomi.miui.pushads.sdk8732327
D/ads-notify-fd5dfce4(32077): com.android.updater--->set topic com.xiaomi.miui.pushads.sdkupdater_JMACNBH14_0
D/ads-notify-fd5dfce4(32077): com.android.updater--->topic resultCode: 0 reason: null topic: com.xiaomi.miui.pushads.sdkupdater_JMACNBH14_0
I/ActivityManager(  468): Start proc com.miui.providers.weather:receiverupdateweather for broadcast com.miui.providers.weather/.ReceiverUpdateWeather: pid=32097 uid=10046 gids={3003, 1028}
E/Trace   (32097): error opening trace file: No such file or directory (2)
D/ActivityThread(32097): setTargetHeapUtilization:0.25
D/ActivityThread(32097): setTargetHeapIdealFree:8388608
D/ActivityThread(32097): setTargetHeapConcurrentStart:2097152
I/ActivityManager(  468): Process com.miui.providers.weather:receiverupdateweather (pid 32097) has died.
E/DownloadManager(32063): Unknown domain for uri: non-dwnldmngr-download-dont-retry2download
E/DownloadManager(32063): Unknown domain for uri: non-dwnldmngr-download-dont-retry2download
W/KscService(31955): Meet exception when destroy subservice - transport
W/KscService(31955): java.lang.IllegalMonitorStateException
W/KscService(31955): 	at java.util.concurrent.locks.ReentrantLock$Sync.tryRelease(ReentrantLock.java:126)
W/KscService(31955): 	at java.util.concurrent.locks.AbstractQueuedSynchronizer.release(AbstractQueuedSynchronizer.java:1239)
W/KscService(31955): 	at java.util.concurrent.locks.ReentrantLock.unlock(ReentrantLock.java:431)
W/KscService(31955): 	at cn.kuaipan.android.service.impl.KscTransportService$DatabaseCommitManager.recyle(KscTransportService.java:698)
W/KscService(31955): 	at cn.kuaipan.android.service.impl.KscTransportService.onDestroy(KscTransportService.java:183)
W/KscService(31955): 	at cn.kuaipan.android.service.KscService.destroySubService(KscService.java:345)
W/KscService(31955): 	at cn.kuaipan.android.service.KscService.onDestroy(KscService.java:240)
W/KscService(31955): 	at android.app.ActivityThread.handleStopService(ActivityThread.java:2542)
W/KscService(31955): 	at android.app.ActivityThread.access$2000(ActivityThread.java:137)
W/KscService(31955): 	at android.app.ActivityThread$H.handleMessage(ActivityThread.java:1304)
W/KscService(31955): 	at android.os.Handler.dispatchMessage(Handler.java:99)
W/KscService(31955): 	at android.os.Looper.loop(Looper.java:137)
W/KscService(31955): 	at android.app.ActivityThread.main(ActivityThread.java:4819)
W/KscService(31955): 	at java.lang.reflect.Method.invokeNative(Native Method)
W/KscService(31955): 	at java.lang.reflect.Method.invoke(Method.java:511)
W/KscService(31955): 	at com.android.internal.os.ZygoteInit$MethodAndArgsCaller.run(ZygoteInit.java:793)
W/KscService(31955): 	at com.android.internal.os.ZygoteInit.main(ZygoteInit.java:560)
W/KscService(31955): 	at dalvik.system.NativeStart.main(Native Method)
E/DownloadManager(32063): Unknown domain for uri: non-dwnldmngr-download-dont-retry2download
E/DownloadManager(32063): Unknown domain for uri: non-dwnldmngr-download-dont-retry2download
E/DownloadManager(32063): Unknown domain for uri: non-dwnldmngr-download-dont-retry2download
E/DownloadManager(32063): Unknown domain for uri: non-dwnldmngr-download-dont-retry2download
D/dalvikvm(  468): WAIT_FOR_CONCURRENT_GC blocked 0ms
D/dalvikvm(  468): GC_EXPLICIT freed 768K, 46% free 25380K/46343K, paused 5ms+16ms, total 177ms
E/DownloadManager(32063): Unknown domain for uri: non-dwnldmngr-download-dont-retry2download
E/DownloadManager(32063): Unknown domain for uri: non-dwnldmngr-download-dont-retry2download
I/ActivityManager(  468): Process com.android.fileexplorer:remote (pid 31955) has died.
D/dalvikvm(  468): WAIT_FOR_CONCURRENT_GC blocked 0ms
D/dalvikvm(  468): GC_EXPLICIT freed 123K, 46% free 25346K/46343K, paused 5ms+15ms, total 173ms
D/dalvikvm(32063): WAIT_FOR_CONCURRENT_GC blocked 0ms
D/dalvikvm(32063): GC_EXPLICIT freed 1161K, 50% free 7855K/15427K, paused 2ms+12ms, total 43ms
W/PushService(  683): 2014-11-27 16:08:50,050 - [WARN::PushService] - network changed, no active network
W/PushService(  683): 2014-11-27 16:08:50,060 - [WARN::PushService] - JOB: disconnect the connection.
W/PushService(  683): 2014-11-27 16:08:50,061 - [WARN::PushService] - disconnect 1099143448, null
I/ActivityManager(  468): Start proc com.xiaomi.gamecenter for broadcast com.xiaomi.gamecenter/.service.GlobalReceiver: pid=32114 uid=10055 gids={3003, 1015, 2001, 1007, 1028}
E/Trace   (32114): error opening trace file: No such file or directory (2)
D/ActivityThread(32114): setTargetHeapUtilization:0.25
D/ActivityThread(32114): setTargetHeapIdealFree:8388608
D/ActivityThread(32114): setTargetHeapConcurrentStart:2097152
D/dalvikvm(32114): WAIT_FOR_CONCURRENT_GC blocked 0ms
I/ActivityThread(32114): Pub com.xiaomi.gamecenter.miui.recommend: com.xiaomi.gamecenter.db.MiuiRecommendProvider
I/ActivityThread(32114): Pub com.xiaomi.gamecenter.vip.dbcache: com.xiaomi.gamecenter.vip.db.VipCenterProdiver
I/ActivityThread(32114): Pub com.xiaomi.gamecenter.dbcache: com.xiaomi.gamecenter.db.GameCenterProdiver
I/ActivityManager(  468): Start proc com.sina.weibo for broadcast com.sina.weibo/.gowidget.GoWidgetProvider: pid=32133 uid=10053 gids={1006, 3003, 1015, 1007, 1028}
E/Trace   (32133): error opening trace file: No such file or directory (2)
D/ActivityThread(32133): setTargetHeapUtilization:0.25
D/ActivityThread(32133): setTargetHeapIdealFree:8388608
D/ActivityThread(32133): setTargetHeapConcurrentStart:2097152
D/StateMachine(  468): handleMessage: E msg.what=131143
D/StateMachine(  468): processMsg: VerifyingLinkState
D/StateMachine(  468): processMsg: L2ConnectedState
D/WifiStateMachine(  468): L2ConnectedState{ what=131143 when=0 arg1=2 }
D/wpa_supplicant( 5958): wpa_s 0x41f78648 cmd AP_SCAN 2
D/StateMachine(  468): processMsg: ConnectModeState
D/WifiStateMachine(  468): ConnectModeState{ what=131143 when=-1ms arg1=2 }
D/StateMachine(  468): processMsg: DriverStartedState
D/WifiStateMachine(  468): DriverStartedState{ what=131143 when=-1ms arg1=2 }
D/wpa_supplicant( 5958): wpa_s 0x41f78648 cmd SCAN
D/wpa_supplicant( 5958): WPS: Building WPS IE for Probe Request
D/wpa_supplicant( 5958): WPS:  * Version (hardcoded 0x10)
D/wpa_supplicant( 5958): WPS:  * Request Type
D/wpa_supplicant( 5958): WPS:  * Config Methods (4388)
D/wpa_supplicant( 5958): WPS:  * UUID-E
D/wpa_supplicant( 5958): WPS:  * Primary Device Type
D/wpa_supplicant( 5958): WPS:  * RF Bands (1)
D/wpa_supplicant( 5958): WPS:  * Association State
D/wpa_supplicant( 5958): WPS:  * Configuration Error (0)
D/wpa_supplicant( 5958): WPS:  * Device Password ID (0)
D/wpa_supplicant( 5958): WPS:  * Manufacturer
D/wpa_supplicant( 5958): WPS:  * Model Name
D/wpa_supplicant( 5958): WPS:  * Model Number
D/wpa_supplicant( 5958): WPS:  * Device Name
D/wpa_supplicant( 5958): WPS:  * Version2 (0x20)
D/wpa_supplicant( 5958): P2P: * P2P IE header
D/wpa_supplicant( 5958): P2P: * Capability dev=23 group=00
D/wpa_supplicant( 5958): P2P: * Listen Channel: Regulatory Class 81 Channel 11
