--------- beginning of /dev/log/system
I/ActivityManager(  468): Process com.baidu.wenku (pid 22238) has died.
I/ActivityManager(  468): Start proc com.sina.weibo for service com.sina.weibo/.weiyou.refactor.service.DMService: pid=22296 uid=10053 gids={1006, 3003, 1015, 1007, 1028}
I/ActivityManager(  468): Start proc com.baidu.wenku for broadcast com.baidu.wenku/com.baidu.sapi2.share.ShareReceiver: pid=22324 uid=10186 gids={1015, 3001, 3002, 1007, 3003, 1028}
I/ActivityManager(  468): Process com.baidu.travel (pid 22274) has died.
I/ActivityManager(  468): Start proc com.baidu.travel for broadcast com.baidu.travel/.receiver.AccountChangedReceiver: pid=22343 uid=10222 gids={3003, 1015, 1006, 1007, 1028}
I/ActivityManager(  468): Process com.baidu.wenku (pid 22324) has died.
W/ActivityManager(  468): Unable to start service Intent { act=sina.push.action.service.null (has extras) }: not found
I/ActivityManager(  468): Start proc com.sina.weibo:remote for content provider com.sina.weibo/com.sina.push.datacenter.PushProvider: pid=22380 uid=10053 gids={1006, 3003, 1015, 1007, 1028}
I/ActivityManager(  468): Process cn.etouch.ecalendar (pid 22254) has died.
I/ActivityManager(  468): Process com.qihoo.appstore (pid 21871) has died.
W/ActivityManager(  468): Scheduling restart of crashed service com.qihoo.appstore/.express.DownloadCoreService in 37662ms
I/ActivityManager(  468): Start proc com.baidu.wenku for broadcast com.baidu.wenku/com.baidu.sapi2.share.ShareReceiver: pid=22420 uid=10186 gids={1015, 3001, 3002, 1007, 3003, 1028}
I/ActivityManager(  468): Process com.baidu.travel (pid 22343) has died.
I/ActivityManager(  468): Start proc com.baidu.travel for broadcast com.baidu.travel/.receiver.AccountChangedReceiver: pid=22452 uid=10222 gids={3003, 1015, 1006, 1007, 1028}
I/ActivityManager(  468): Process com.baidu.wenku (pid 22420) has died.
W/ActivityManager(  468): Unable to start service Intent { act=sina.push.action.service.null (has extras) }: not found
I/ActivityManager(  468): Start proc com.baidu.wenku for broadcast com.baidu.wenku/com.baidu.sapi2.share.ShareReceiver: pid=22504 uid=10186 gids={1015, 3001, 3002, 1007, 3003, 1028}
I/ActivityManager(  468): Process com.baidu.travel (pid 22452) has died.
I/ActivityManager(  468): Start proc com.baidu.travel for broadcast com.baidu.travel/.receiver.AccountChangedReceiver: pid=22524 uid=10222 gids={3003, 1015, 1006, 1007, 1028}
I/ActivityManager(  468): Process com.baidu.wenku (pid 22504) has died.
I/ActivityManager(  468): Start proc cn.etouch.ecalendar for broadcast cn.etouch.ecalendar/.widget.myWidget_weather2: pid=22566 uid=10152 gids={3003, 1015, 1007, 1028}
I/ActivityManager(  468): Process com.baidu.travel (pid 22524) has died.
I/ActivityManager(  468): Start proc com.qihoo.appstore for service com.qihoo.appstore/.express.DownloadCoreService: pid=22599 uid=10094 gids={3003, 1015, 3002, 1006, 3001, 1028}
I/ActivityManager(  468): Start proc com.android.email for service com.android.email/.service.MailService: pid=22638 uid=10016 gids={3003, 1015, 1028}
I/ActivityManager(  468): Process cn.etouch.ecalendar (pid 22566) has died.
D/ActivityThread(22638): Loading provider com.android.email.provider;com.android.email.notifier: com.android.email.provider.EmailProvider
D/ActivityThread(22638): Loading provider com.android.email.provider;com.android.email.notifier: com.android.email.provider.EmailProvider
I/ActivityManager(  468): Process sina.mobile.tianqitong:remote (pid 21977) has died.
W/ActivityManager(  468): Scheduling restart of crashed service sina.mobile.tianqitong/com.sina.push.service.SinaPushService in 66484ms
I/ActivityManager(  468): Start proc com.android.exchange for service com.android.exchange/.ExchangeService: pid=22666 uid=10017 gids={3003, 1015, 1028}
I/ActivityManager(  468): Start proc cn.etouch.ecalendar for broadcast cn.etouch.ecalendar/.widget.myWidget_weather2: pid=22705 uid=10152 gids={3003, 1015, 1007, 1028}
I/ActivityManager(  468): Start proc com.baidu.video:bdservice_v1 for service com.baidu.video/com.baidu.android.moplus.MoPlusService: pid=22722 uid=10091 gids={1028, 1015, 3003, 3002, 3001}
I/ActivityManager(  468): Process cn.etouch.ecalendar (pid 22705) has died.
I/ActivityManager(  468): Process com.android.exchange (pid 22666) has died.
I/ActivityManager(  468): Process sina.mobile.tianqitong (pid 22119) has died.
W/ActivityManager(  468): Scheduling restart of crashed service sina.mobile.tianqitong/com.sina.tianqitong.service.TQTService in 5000ms
D/ActivityThread(22722): Loading provider com.baidu.video.bdprovider: com.baidu.video.db.provider.VideoContentProvider
I/ActivityManager(  468): Start proc sina.mobile.tianqitong for service sina.mobile.tianqitong/com.sina.tianqitong.service.TQTService: pid=22748 uid=10075 gids={3003, 1015, 1028}
I/ActivityManager(  468): Start proc cn.etouch.ecalendar for broadcast cn.etouch.ecalendar/.widget.myWidget_weather: pid=22760 uid=10152 gids={3003, 1015, 1007, 1028}
I/ActivityManager(  468): Process cn.etouch.ecalendar (pid 22760) has died.
I/ActivityManager(  468): Process com.baidu.video (pid 22073) has died.
W/ActivityManager(  468): Scheduling restart of crashed service com.baidu.video/.push.PushMessageService in 87758ms
D/PhoneStatusBar(  587): updateNotification pkg=sina.mobile.tianqitong;id=5
I/ActivityManager(  468): Start proc cn.etouch.ecalendar for broadcast cn.etouch.ecalendar/.widget.myWidget_weather2: pid=22795 uid=10152 gids={3003, 1015, 1007, 1028}
I/ActivityManager(  468): Start proc sina.mobile.tianqitong:remote for service sina.mobile.tianqitong/com.sina.push.service.SinaPushService: pid=22823 uid=10075 gids={3003, 1015, 1028}
I/ActivityManager(  468): Process com.android.email (pid 22638) has died.
D/PhoneStatusBar(  587): updateNotification pkg=sina.mobile.tianqitong;id=5
W/ActivityManager(  468): Unable to start service Intent { act=sina.push.action.service.null (has extras) }: not found
I/ActivityManager(  468): Start proc com.baidu.video:vsservice for service com.baidu.video/.push.VSPushService: pid=22874 uid=10091 gids={1028, 1015, 3003, 3002, 3001}
I/ActivityManager(  468): Process cn.etouch.ecalendar (pid 22795) has died.
D/ActivityThread(22874): Loading provider com.baidu.video.bdprovider: com.baidu.video.db.provider.VideoContentProvider
I/ActivityManager(  468): Start proc cn.etouch.ecalendar for broadcast cn.etouch.ecalendar/.widget.myWidget_weather: pid=22897 uid=10152 gids={3003, 1015, 1007, 1028}
I/ActivityManager(  468): Process cn.etouch.ecalendar (pid 22897) has died.
I/ActivityManager(  468): Start proc com.baidu.video for service com.baidu.video/.push.PushMessageService: pid=22914 uid=10091 gids={1028, 1015, 3003, 3002, 3001}
I/ActivityManager(  468): Process com.sina.weibo:remote (pid 22380) has died.
W/ActivityManager(  468): Scheduling restart of crashed service com.sina.weibo/com.sina.push.service.SinaPushService in 5000ms
W/ActivityManager(  468): Scheduling restart of crashed service com.sina.weibo/.localpush.LocalPushService in 15000ms
I/ActivityManager(  468): Start proc cn.etouch.ecalendar for broadcast cn.etouch.ecalendar/.widget.myWidget_weather2: pid=22927 uid=10152 gids={3003, 1015, 1007, 1028}
I/ActivityManager(  468): Process com.qihoo.appstore (pid 22599) has died.
W/ActivityManager(  468): Scheduling restart of crashed service com.qihoo.appstore/.express.DownloadCoreService in 23374ms
I/ActivityManager(  468): Process cn.etouch.ecalendar (pid 22927) has died.
I/ActivityManager(  468): Process com.sina.weibo (pid 22296) has died.
W/ActivityManager(  468): Scheduling restart of crashed service com.sina.weibo/.weiyou.refactor.service.DMService in 22458ms
I/ActivityManager(  468): Start proc com.baidu.travel for broadcast com.baidu.travel/com.baidu.sapi2.share.ShareReceiver: pid=22953 uid=10222 gids={3003, 1015, 1006, 1007, 1028}
I/ActivityManager(  468): Start proc com.baidu.wenku for broadcast com.baidu.wenku/com.baidu.sapi2.share.ShareReceiver: pid=22994 uid=10186 gids={1015, 3001, 3002, 1007, 3003, 1028}
I/ActivityManager(  468): Process com.baidu.travel (pid 22953) has died.
I/ActivityManager(  468): Start proc com.baidu.travel for broadcast com.baidu.travel/com.baidu.sapi2.share.ShareReceiver: pid=23010 uid=10222 gids={3003, 1015, 1006, 1007, 1028}
I/ActivityManager(  468): Process com.baidu.wenku (pid 22994) has died.
I/ActivityManager(  468): Start proc com.baidu.wenku for broadcast com.baidu.wenku/com.baidu.sapi2.share.ShareReceiver: pid=23054 uid=10186 gids={1015, 3001, 3002, 1007, 3003, 1028}
I/ActivityManager(  468): Process com.baidu.travel (pid 23010) has died.
I/ActivityManager(  468): Process com.baidu.video:bdservice_v1 (pid 22722) has died.
W/ActivityManager(  468): Scheduling restart of crashed service com.baidu.video/com.baidu.android.moplus.MoPlusService in 30065ms
I/ActivityManager(  468): Start proc com.sina.weibo:remote for service com.sina.weibo/com.sina.push.service.SinaPushService: pid=23067 uid=10053 gids={1006, 3003, 1015, 1007, 1028}
I/ActivityManager(  468): Start proc com.baidu.travel for broadcast com.baidu.travel/.receiver.AccountChangedReceiver: pid=23088 uid=10222 gids={3003, 1015, 1006, 1007, 1028}
I/ActivityManager(  468): Start proc com.sina.weibo for content provider com.sina.weibo/.datasource.SinaWeiboSPProvider: pid=23102 uid=10053 gids={1006, 3003, 1015, 1007, 1028}
I/ActivityManager(  468): Process com.baidu.wenku (pid 23054) has died.
W/ActivityManager(  468): Unable to start service Intent { act=sina.push.action.service.null (has extras) }: not found
I/ActivityManager(  468): Process com.storm.smart.playsdk.dl (pid 18268) has died.
W/ActivityManager(  468): Scheduling restart of crashed service com.baidu.video/com.storm.smart.playsdk.download.DownloadManager in 37585ms
I/ActivityManager(  468): Start proc com.baidu.wenku for broadcast com.baidu.wenku/com.baidu.sapi2.share.ShareReceiver: pid=23160 uid=10186 gids={1015, 3001, 3002, 1007, 3003, 1028}
W/ActivityManager(  468): Unable to start service Intent { act=sina.push.action.service.null (has extras) }: not found
I/ActivityManager(  468): Process com.baidu.travel (pid 23088) has died.
I/ActivityManager(  468): Start proc com.baidu.travel for broadcast com.baidu.travel/.receiver.AccountChangedReceiver: pid=23192 uid=10222 gids={3003, 1015, 1006, 1007, 1028}
I/ActivityManager(  468): Start proc com.qihoo.appstore for service com.qihoo.appstore/.express.DownloadCoreService: pid=23216 uid=10094 gids={3003, 1015, 3002, 1006, 3001, 1028}
I/ActivityManager(  468): Process com.baidu.wenku (pid 23160) has died.
I/ActivityManager(  468): Process com.sina.weibo (pid 23102) has died.
I/ActivityManager(  468): Start proc com.baidu.wenku for broadcast com.baidu.wenku/com.baidu.sapi2.share.ShareReceiver: pid=23249 uid=10186 gids={1015, 3001, 3002, 1007, 3003, 1028}
I/ActivityManager(  468): Process sina.mobile.tianqitong (pid 22748) has died.
W/ActivityManager(  468): Scheduling restart of crashed service sina.mobile.tianqitong/com.sina.tianqitong.service.TQTService in 45923ms
I/ActivityManager(  468): Start proc com.sina.weibo for broadcast com.sina.weibo/.weiyouinterface.WeiyouDispatchReceiver: pid=23276 uid=10053 gids={1006, 3003, 1015, 1007, 1028}
I/ActivityManager(  468): Process com.baidu.travel (pid 23192) has died.
W/ActivityManager(  468): Unable to start service Intent { act=sina.push.action.service.null (has extras) }: not found
I/ActivityManager(  468): Start proc cn.etouch.ecalendar for broadcast cn.etouch.ecalendar/.widget.myWidget_weather: pid=23327 uid=10152 gids={3003, 1015, 1007, 1028}
I/ActivityManager(  468): Start proc com.baidu.video:bdservice_v1 for service com.baidu.video/com.baidu.android.moplus.MoPlusService: pid=23356 uid=10091 gids={1028, 1015, 3003, 3002, 3001}
D/ActivityThread(23356): Loading provider com.baidu.video.bdprovider: com.baidu.video.db.provider.VideoContentProvider
I/ActivityManager(  468): Process com.baidu.wenku (pid 23249) has died.
I/ActivityManager(  468): Start proc com.storm.smart.playsdk.dl for service com.baidu.video/com.storm.smart.playsdk.download.DownloadManager: pid=23383 uid=10091 gids={1028, 1015, 3003, 3002, 3001}
I/ActivityManager(  468): Process cn.etouch.ecalendar (pid 23327) has died.
I/ActivityManager(  468): Process sina.mobile.tianqitong:remote (pid 22823) has died.
W/ActivityManager(  468): Scheduling restart of crashed service sina.mobile.tianqitong/com.sina.push.service.SinaPushService in 19508ms
D/ActivityThread(23383): Loading provider com.baidu.video.bdprovider: com.baidu.video.db.provider.VideoContentProvider
D/ActivityThread(23383): Loading provider com.storm.smart.download.baidusdkprovider: com.storm.smart.dl.database.DownloadProvider
I/ActivityManager(  468): Process com.baidu.video:vsservice (pid 22874) has died.
W/ActivityManager(  468): Scheduling restart of crashed service com.baidu.video/.push.AllertService in 28692ms
W/ActivityManager(  468): Canceling start item Intent { cmp=com.baidu.video/.push.VSPushService } in service ComponentInfo{com.baidu.video/com.baidu.video.push.VSPushService}
W/ActivityManager(  468): Scheduling restart of crashed service com.baidu.video/.push.VSPushService in 3292288ms
I/ActivityManager(  468): Start proc cn.etouch.ecalendar for broadcast cn.etouch.ecalendar/.widget.myWidget_weather: pid=23399 uid=10152 gids={3003, 1015, 1007, 1028}
I/ActivityManager(  468): Start proc sina.mobile.tianqitong for service sina.mobile.tianqitong/com.sina.tianqitong.service.TQTService: pid=23411 uid=10075 gids={3003, 1015, 1028}
D/PhoneStatusBar(  587): updateNotification pkg=sina.mobile.tianqitong;id=5
I/ActivityManager(  468): Start proc sina.mobile.tianqitong:remote for service sina.mobile.tianqitong/com.sina.push.service.SinaPushService: pid=23447 uid=10075 gids={3003, 1015, 1028}
I/ActivityManager(  468): Process cn.etouch.ecalendar (pid 23399) has died.
I/ActivityManager(  468): Process com.baidu.video (pid 22914) has died.
W/ActivityManager(  468): Scheduling restart of crashed service com.baidu.video/.push.PushMessageService in 5000ms
D/PhoneStatusBar(  587): updateNotification pkg=sina.mobile.tianqitong;id=5
W/ActivityManager(  468): Unable to start service Intent { act=sina.push.action.service.null (has extras) }: not found
I/ActivityManager(  468): Start proc com.baidu.video for service com.baidu.video/.push.PushMessageService: pid=23491 uid=10091 gids={1028, 1015, 3003, 3002, 3001}
I/ActivityManager(  468): Start proc cn.etouch.ecalendar for broadcast cn.etouch.ecalendar/.widget.myWidget_weather: pid=23503 uid=10152 gids={3003, 1015, 1007, 1028}
I/ActivityManager(  468): Process cn.etouch.ecalendar (pid 23503) has died.
I/ActivityManager(  468): Start proc com.baidu.travel for broadcast com.baidu.travel/com.baidu.sapi2.share.ShareReceiver: pid=23532 uid=10222 gids={3003, 1015, 1006, 1007, 1028}
I/ActivityManager(  468): Process com.sina.weibo (pid 23276) has died.
W/ActivityManager(  468): Scheduling restart of crashed service com.sina.weibo/.weiyou.refactor.service.DMService in 5000ms
I/ActivityManager(  468): Process com.sina.weibo:remote (pid 23067) has died.
W/ActivityManager(  468): Scheduling restart of crashed service com.sina.weibo/com.sina.push.service.SinaPushService in 14085ms
W/ActivityManager(  468): Scheduling restart of crashed service com.sina.weibo/.localpush.LocalPushService in 24085ms
I/ActivityManager(  468): Start proc com.baidu.wenku for broadcast com.baidu.wenku/com.baidu.sapi2.share.ShareReceiver: pid=23572 uid=10186 gids={1015, 3001, 3002, 1007, 3003, 1028}
I/ActivityManager(  468): Process com.baidu.travel (pid 23532) has died.
I/ActivityManager(  468): Start proc com.baidu.travel for broadcast com.baidu.travel/com.baidu.sapi2.share.ShareReceiver: pid=23589 uid=10222 gids={3003, 1015, 1006, 1007, 1028}
I/ActivityManager(  468): Process com.baidu.wenku (pid 23572) has died.
I/ActivityManager(  468): Start proc com.baidu.wenku for broadcast com.baidu.wenku/com.baidu.sapi2.share.ShareReceiver: pid=23631 uid=10186 gids={1015, 3001, 3002, 1007, 3003, 1028}
I/ActivityManager(  468): Process com.baidu.travel (pid 23589) has died.
I/ActivityManager(  468): Start proc com.baidu.travel for broadcast com.baidu.travel/.receiver.AccountChangedReceiver: pid=23651 uid=10222 gids={3003, 1015, 1006, 1007, 1028}
W/SocketClient(  142): write error (Broken pipe)
W/SocketClient(  142): write error (Broken pipe)
I/ActivityManager(  468): Process com.baidu.wenku (pid 23631) has died.
I/ActivityManager(  468): Start proc com.baidu.wenku for broadcast com.baidu.wenku/com.baidu.sapi2.share.ShareReceiver: pid=23689 uid=10186 gids={1015, 3001, 3002, 1007, 3003, 1028}
I/ActivityManager(  468): Process com.baidu.travel (pid 23651) has died.
I/ActivityManager(  468): Start proc com.baidu.travel for broadcast com.baidu.travel/.receiver.AccountChangedReceiver: pid=23711 uid=10222 gids={3003, 1015, 1006, 1007, 1028}
I/ActivityManager(  468): Start proc com.sina.weibo for service com.sina.weibo/.weiyou.refactor.service.DMService: pid=23733 uid=10053 gids={1006, 3003, 1015, 1007, 1028}
I/ActivityManager(  468): Process com.baidu.wenku (pid 23689) has died.
I/ActivityManager(  468): Start proc com.baidu.wenku for broadcast com.baidu.wenku/com.baidu.sapi2.share.ShareReceiver: pid=23766 uid=10186 gids={1015, 3001, 3002, 1007, 3003, 1028}
I/ActivityManager(  468): Process com.baidu.travel (pid 23711) has died.
I/ActivityManager(  468): Start proc com.baidu.travel for broadcast com.baidu.travel/.receiver.AccountChangedReceiver: pid=23787 uid=10222 gids={3003, 1015, 1006, 1007, 1028}
W/ActivityManager(  468): Unable to start service Intent { act=sina.push.action.service.null (has extras) }: not found
I/ActivityManager(  468): Process com.baidu.wenku (pid 23766) has died.
I/ActivityManager(  468): Start proc com.sina.weibo:remote for content provider com.sina.weibo/com.sina.push.datacenter.PushProvider: pid=23815 uid=10053 gids={1006, 3003, 1015, 1007, 1028}
I/ActivityManager(  468): Process com.baidu.video:bdservice_v1 (pid 23356) has died.
W/ActivityManager(  468): Scheduling restart of crashed service com.baidu.video/com.baidu.android.moplus.MoPlusService in 28097ms
I/ActivityManager(  468): Start proc com.baidu.wenku for broadcast com.baidu.wenku/com.baidu.sapi2.share.ShareReceiver: pid=23872 uid=10186 gids={1015, 3001, 3002, 1007, 3003, 1028}
I/ActivityManager(  468): Process com.sina.weibo:remote (pid 23815) has died.
I/ActivityManager(  468): Process com.baidu.travel (pid 23787) has died.
I/ActivityManager(  468): Start proc com.baidu.travel for broadcast com.baidu.travel/.receiver.AccountChangedReceiver: pid=23891 uid=10222 gids={3003, 1015, 1006, 1007, 1028}
I/ActivityManager(  468): Start proc cn.etouch.ecalendar for broadcast cn.etouch.ecalendar/.widget.myWidget_weather2: pid=23937 uid=10152 gids={3003, 1015, 1007, 1028}
I/ActivityManager(  468): Process com.baidu.wenku (pid 23872) has died.
I/ActivityManager(  468): Process com.qihoo.appstore (pid 23216) has died.
W/ActivityManager(  468): Scheduling restart of crashed service com.qihoo.appstore/.express.DownloadCoreService in 34880ms
I/ActivityManager(  468): Process com.baidu.travel (pid 23891) has died.
I/ActivityManager(  468): Start proc com.sina.weibo:remote for service com.sina.weibo/com.sina.push.service.SinaPushService: pid=23955 uid=10053 gids={1006, 3003, 1015, 1007, 1028}
W/ActivityManager(  468): Unable to start service Intent { act=sina.push.action.service.null (has extras) }: not found
I/ActivityManager(  468): Start proc com.miui.cloudservice for broadcast com.miui.cloudservice/.push.PushServiceStartedReceiver: pid=23994 uid=10012 gids={3003, 2001, 1028}
I/ActivityManager(  468): Start proc com.android.browser for content provider com.android.browser/.PushProvider: pid=24014 uid=10003 gids={3003, 1015, 1007, 1028}
E/ActivityThread(24014): Failed to find provider info for com.google.settings
E/ActivityThread(24014): Failed to find provider info for com.google.settings
I/ActivityManager(  468): Start proc com.miui.notes for content provider com.miui.notes/.data.NotesProvider: pid=24033 uid=10035 gids={1015, 3003, 1028}
I/ActivityManager(  468): Process com.android.browser (pid 24014) has died.
I/ActivityManager(  468): Process cn.etouch.ecalendar (pid 23937) has died.
I/ActivityManager(  468): Start proc com.miui.gallery for content provider com.miui.gallery/.provider.GalleryCloudPushProvider: pid=24052 uid=10028 gids={3003, 1028, 1015, 1023, 1006}
I/ActivityManager(  468): Start proc com.miui.player for content provider com.miui.player/.cloud.MusicCloudPushProvider: pid=24064 uid=10032 gids={3003, 1015, 1023, 1006, 1028}
I/ActivityManager(  468): Process com.miui.gallery (pid 24052) has died.
I/ActivityManager(  468): Process com.miui.notes (pid 24033) has died.
I/ActivityManager(  468): Start proc com.baidu.video:bdservice_v1 for service com.baidu.video/com.baidu.android.moplus.MoPlusService: pid=24082 uid=10091 gids={1028, 1015, 3003, 3002, 3001}
I/ActivityManager(  468): Process com.miui.player (pid 24064) has died.
D/ActivityThread(24082): Loading provider com.baidu.video.bdprovider: com.baidu.video.db.provider.VideoContentProvider
I/ActivityManager(  468): Process com.miui.cloudservice (pid 23994) has died.
I/ActivityManager(  468): Process sina.mobile.tianqitong (pid 23411) has died.
W/ActivityManager(  468): Scheduling restart of crashed service sina.mobile.tianqitong/com.sina.tianqitong.service.TQTService in 5000ms
I/ActivityManager(  468): Start proc cn.etouch.ecalendar for broadcast cn.etouch.ecalendar/.widget.myWidget_weather: pid=24112 uid=10152 gids={3003, 1015, 1007, 1028}
I/ActivityManager(  468): Start proc sina.mobile.tianqitong for service sina.mobile.tianqitong/com.sina.tianqitong.service.TQTService: pid=24123 uid=10075 gids={3003, 1015, 1028}
W/ThrottleService(  468): unable to find stats for iface rmnet0
I/ActivityManager(  468): Process cn.etouch.ecalendar (pid 24112) has died.
I/ActivityManager(  468): Process sina.mobile.tianqitong:remote (pid 23447) has died.
W/ActivityManager(  468): Scheduling restart of crashed service sina.mobile.tianqitong/com.sina.push.service.SinaPushService in 78032ms
D/PhoneStatusBar(  587): updateNotification pkg=sina.mobile.tianqitong;id=5
I/ActivityManager(  468): Start proc cn.etouch.ecalendar for broadcast cn.etouch.ecalendar/.widget.myWidget_weather2: pid=24159 uid=10152 gids={3003, 1015, 1007, 1028}
I/ActivityManager(  468): Start proc com.qihoo.appstore for service com.qihoo.appstore/.express.DownloadCoreService: pid=24176 uid=10094 gids={3003, 1015, 3002, 1006, 3001, 1028}
I/ActivityManager(  468): Process cn.etouch.ecalendar (pid 24159) has died.
I/ActivityManager(  468): Start proc cn.etouch.ecalendar for broadcast cn.etouch.ecalendar/.widget.myWidget_weather: pid=24202 uid=10152 gids={3003, 1015, 1007, 1028}
I/ActivityManager(  468): Process cn.etouch.ecalendar (pid 24202) has died.
I/ActivityManager(  468): Start proc cn.etouch.ecalendar for broadcast cn.etouch.ecalendar/.widget.myWidget_weather2: pid=24224 uid=10152 gids={3003, 1015, 1007, 1028}
I/ActivityManager(  468): Process cn.etouch.ecalendar (pid 24224) has died.
I/ActivityManager(  468): Start proc cn.etouch.ecalendar for broadcast cn.etouch.ecalendar/.widget.myWidget_weather: pid=24241 uid=10152 gids={3003, 1015, 1007, 1028}
I/ActivityManager(  468): Process cn.etouch.ecalendar (pid 24241) has died.
I/ActivityManager(  468): Start proc cn.etouch.ecalendar for broadcast cn.etouch.ecalendar/.widget.myWidget_weather2: pid=24258 uid=10152 gids={3003, 1015, 1007, 1028}
I/ActivityManager(  468): Process cn.etouch.ecalendar (pid 24258) has died.
I/ActivityManager(  468): Start proc cn.etouch.ecalendar for broadcast cn.etouch.ecalendar/.widget.myWidget_weather: pid=24278 uid=10152 gids={3003, 1015, 1007, 1028}
I/ActivityManager(  468): Process cn.etouch.ecalendar (pid 24278) has died.
I/ActivityManager(  468): Start proc cn.etouch.ecalendar for broadcast cn.etouch.ecalendar/.widget.myWidget_weather2: pid=24295 uid=10152 gids={3003, 1015, 1007, 1028}
I/ActivityManager(  468): Process com.baidu.video (pid 23491) has died.
W/ActivityManager(  468): Scheduling restart of crashed service com.baidu.video/.push.PushMessageService in 19193ms
I/ActivityManager(  468): Start proc sina.mobile.tianqitong:remote for service sina.mobile.tianqitong/com.sina.push.service.SinaPushService: pid=24312 uid=10075 gids={3003, 1015, 1028}
D/PhoneStatusBar(  587): updateNotification pkg=sina.mobile.tianqitong;id=5
W/ActivityManager(  468): Unable to start service Intent { act=sina.push.action.service.null (has extras) }: not found
I/ActivityManager(  468): Start proc com.baidu.video for service com.baidu.video/.push.PushMessageService: pid=24359 uid=10091 gids={1028, 1015, 3003, 3002, 3001}
I/ActivityManager(  468): Process cn.etouch.ecalendar (pid 24295) has died.
I/ActivityManager(  468): Start proc cn.etouch.ecalendar for broadcast cn.etouch.ecalendar/.widget.myWidget_weather2: pid=24371 uid=10152 gids={3003, 1015, 1007, 1028}
I/ActivityManager(  468): Process cn.etouch.ecalendar (pid 24371) has died.
I/ActivityManager(  468): Process com.sina.weibo:remote (pid 23955) has died.
W/ActivityManager(  468): Scheduling restart of crashed service com.sina.weibo/com.sina.push.service.SinaPushService in 5000ms
W/ActivityManager(  468): Scheduling restart of crashed service com.sina.weibo/.localpush.LocalPushService in 15000ms
I/ActivityManager(  468): Start proc com.baidu.travel for broadcast com.baidu.travel/com.baidu.sapi2.share.ShareReceiver: pid=24398 uid=10222 gids={3003, 1015, 1006, 1007, 1028}
I/ActivityManager(  468): Process com.sina.weibo (pid 23733) has died.
W/ActivityManager(  468): Scheduling restart of crashed service com.sina.weibo/.weiyou.refactor.service.DMService in 23647ms
I/ActivityManager(  468): Process com.baidu.video:bdservice_v1 (pid 24082) has died.
W/ActivityManager(  468): Scheduling restart of crashed service com.baidu.video/com.baidu.android.moplus.MoPlusService in 32900ms
I/ActivityManager(  468): Start proc com.baidu.wenku for broadcast com.baidu.wenku/com.baidu.sapi2.share.ShareReceiver: pid=24438 uid=10186 gids={1015, 3001, 3002, 1007, 3003, 1028}
I/ActivityManager(  468): Process com.baidu.travel (pid 24398) has died.
I/ActivityManager(  468): Start proc com.baidu.travel for broadcast com.baidu.travel/com.baidu.sapi2.share.ShareReceiver: pid=24458 uid=10222 gids={3003, 1015, 1006, 1007, 1028}
I/ActivityManager(  468): Process com.baidu.travel (pid 24458) has died.
I/ActivityManager(  468): Start proc com.baidu.travel for broadcast com.baidu.travel/.receiver.AccountChangedReceiver: pid=24500 uid=10222 gids={3003, 1015, 1006, 1007, 1028}
I/ActivityManager(  468): Process com.baidu.travel (pid 24500) has died.
I/ActivityManager(  468): Start proc com.sina.weibo:remote for service com.sina.weibo/com.sina.push.service.SinaPushService: pid=24539 uid=10053 gids={1006, 3003, 1015, 1007, 1028}
I/ActivityManager(  468): Start proc com.sina.weibo for content provider com.sina.weibo/.datasource.SinaWeiboSPProvider: pid=24552 uid=10053 gids={1006, 3003, 1015, 1007, 1028}
I/ActivityManager(  468): Process com.baidu.wenku (pid 24438) has died.
W/ActivityManager(  468): Unable to start service Intent { act=sina.push.action.service.null (has extras) }: not found
W/ActivityManager(  468): Unable to start service Intent { act=sina.push.action.service.null (has extras) }: not found
I/ActivityManager(  468): Start proc cn.etouch.ecalendar for broadcast cn.etouch.ecalendar/.widget.myWidget_weather: pid=24619 uid=10152 gids={3003, 1015, 1007, 1028}
I/ActivityManager(  468): Process cn.etouch.ecalendar (pid 24619) has died.
I/ActivityManager(  468): Start proc cn.etouch.ecalendar for broadcast cn.etouch.ecalendar/.widget.myWidget_weather2: pid=24637 uid=10152 gids={3003, 1015, 1007, 1028}
I/ActivityManager(  468): Process cn.etouch.ecalendar (pid 24637) has died.
I/ActivityManager(  468): Start proc com.baidu.video:bdservice_v1 for service com.baidu.video/com.baidu.android.moplus.MoPlusService: pid=24659 uid=10091 gids={1028, 1015, 3003, 3002, 3001}
D/ActivityThread(24659): Loading provider com.baidu.video.bdprovider: com.baidu.video.db.provider.VideoContentProvider
I/ActivityManager(  468): Process sina.mobile.tianqitong (pid 24123) has died.
W/ActivityManager(  468): Scheduling restart of crashed service sina.mobile.tianqitong/com.sina.tianqitong.service.TQTService in 5000ms
I/ActivityManager(  468): Process com.qihoo.appstore (pid 24176) has died.
W/ActivityManager(  468): Scheduling restart of crashed service com.qihoo.appstore/.express.DownloadCoreService in 14398ms
I/ActivityManager(  468): Start proc cn.etouch.ecalendar for broadcast cn.etouch.ecalendar/.widget.myWidget_weather2: pid=24685 uid=10152 gids={3003, 1015, 1007, 1028}
I/ActivityManager(  468): Start proc sina.mobile.tianqitong for service sina.mobile.tianqitong/com.sina.tianqitong.service.TQTService: pid=24700 uid=10075 gids={3003, 1015, 1028}
I/ActivityManager(  468): Process sina.mobile.tianqitong (pid 24700) has died.
I/ActivityManager(  468): Process cn.etouch.ecalendar (pid 24685) has died.
I/ActivityManager(  468): Start proc com.qihoo.appstore for service com.qihoo.appstore/.express.DownloadCoreService: pid=24731 uid=10094 gids={3003, 1015, 3002, 1006, 3001, 1028}
I/ActivityManager(  468): Start proc cn.etouch.ecalendar for broadcast cn.etouch.ecalendar/.widget.myWidget_weather: pid=24758 uid=10152 gids={3003, 1015, 1007, 1028}
I/ActivityManager(  468): Start proc sina.mobile.tianqitong for service sina.mobile.tianqitong/com.sina.tianqitong.service.TQTService: pid=24785 uid=10075 gids={3003, 1015, 1028}
I/ActivityManager(  468): Process cn.etouch.ecalendar (pid 24758) has died.
I/ActivityManager(  468): Process sina.mobile.tianqitong:remote (pid 24312) has died.
W/ActivityManager(  468): Scheduling restart of crashed service sina.mobile.tianqitong/com.sina.push.service.SinaPushService in 5000ms
D/PhoneStatusBar(  587): updateNotification pkg=sina.mobile.tianqitong;id=5
I/ActivityManager(  468): Start proc sina.mobile.tianqitong:remote for service sina.mobile.tianqitong/com.sina.push.service.SinaPushService: pid=24816 uid=10075 gids={3003, 1015, 1028}
I/ActivityManager(  468): Process com.baidu.video (pid 24359) has died.
W/ActivityManager(  468): Scheduling restart of crashed service com.baidu.video/.push.PushMessageService in 5000ms
D/PhoneStatusBar(  587): updateNotification pkg=sina.mobile.tianqitong;id=5
W/ActivityManager(  468): Unable to start service Intent { act=sina.push.action.service.null (has extras) }: not found
I/ActivityManager(  468): Start proc cn.etouch.ecalendar for broadcast cn.etouch.ecalendar/.widget.myWidget_weather2: pid=24862 uid=10152 gids={3003, 1015, 1007, 1028}
I/ActivityManager(  468): Start proc com.baidu.video for service com.baidu.video/.push.PushMessageService: pid=24887 uid=10091 gids={1028, 1015, 3003, 3002, 3001}
I/ActivityManager(  468): Process cn.etouch.ecalendar (pid 24862) has died.
I/ActivityManager(  468): Process com.sina.weibo:remote (pid 24539) has died.
W/ActivityManager(  468): Scheduling restart of crashed service com.sina.weibo/com.sina.push.service.SinaPushService in 5000ms
W/ActivityManager(  468): Scheduling restart of crashed service com.sina.weibo/.localpush.LocalPushService in 15000ms
I/ActivityManager(  468): Start proc com.baidu.travel for broadcast com.baidu.travel/com.baidu.sapi2.share.ShareReceiver: pid=24910 uid=10222 gids={3003, 1015, 1006, 1007, 1028}
I/ActivityManager(  468): Process com.sina.weibo (pid 24552) has died.
W/ActivityManager(  468): Scheduling restart of crashed service com.sina.weibo/.weiyou.refactor.service.DMService in 24490ms
I/ActivityManager(  468): Start proc com.baidu.wenku for broadcast com.baidu.wenku/com.baidu.sapi2.share.ShareReceiver: pid=24950 uid=10186 gids={1015, 3001, 3002, 1007, 3003, 1028}
I/ActivityManager(  468): Process com.baidu.travel (pid 24910) has died.
I/ActivityManager(  468): Start proc com.baidu.travel for broadcast com.baidu.travel/.receiver.AccountChangedReceiver: pid=24973 uid=10222 gids={3003, 1015, 1006, 1007, 1028}
I/ActivityManager(  468): Process com.baidu.wenku (pid 24950) has died.
I/ActivityManager(  468): Start proc com.baidu.wenku for broadcast com.baidu.wenku/com.baidu.sapi2.share.ShareReceiver: pid=25012 uid=10186 gids={1015, 3001, 3002, 1007, 3003, 1028}
I/ActivityManager(  468): Process com.baidu.travel (pid 24973) has died.
I/ActivityManager(  468): Process com.baidu.video:bdservice_v1 (pid 24659) has died.
W/ActivityManager(  468): Scheduling restart of crashed service com.baidu.video/com.baidu.android.moplus.MoPlusService in 32218ms
I/ActivityManager(  468): Start proc com.baidu.travel for broadcast com.baidu.travel/.receiver.AccountChangedReceiver: pid=25033 uid=10222 gids={3003, 1015, 1006, 1007, 1028}
I/ActivityManager(  468): Process com.baidu.travel (pid 25033) has died.
I/ActivityManager(  468): Start proc com.sina.weibo:remote for service com.sina.weibo/com.sina.push.service.SinaPushService: pid=25075 uid=10053 gids={1006, 3003, 1015, 1007, 1028}
I/ActivityManager(  468): Start proc com.sina.weibo for content provider com.sina.weibo/.datasource.SinaWeiboSPProvider: pid=25088 uid=10053 gids={1006, 3003, 1015, 1007, 1028}
I/ActivityManager(  468): Start proc cn.etouch.ecalendar for broadcast cn.etouch.ecalendar/.widget.myWidget_weather: pid=25100 uid=10152 gids={3003, 1015, 1007, 1028}
W/SocketClient(  142): write error (Broken pipe)
W/SocketClient(  142): write error (Broken pipe)
W/ActivityManager(  468): Unable to start service Intent { act=sina.push.action.service.null (has extras) }: not found
I/ActivityManager(  468): Process com.baidu.wenku (pid 25012) has died.
W/ActivityManager(  468): Unable to start service Intent { act=sina.push.action.service.null (has extras) }: not found
W/SocketClient(  142): write error (Broken pipe)
I/ActivityManager(  468): Start proc com.baidu.video:bdservice_v1 for service com.baidu.video/com.baidu.android.moplus.MoPlusService: pid=25179 uid=10091 gids={1028, 1015, 3003, 3002, 3001}
I/ActivityManager(  468): Process cn.etouch.ecalendar (pid 25100) has died.
D/ActivityThread(25179): Loading provider com.baidu.video.bdprovider: com.baidu.video.db.provider.VideoContentProvider
I/ActivityManager(  468): Process com.qihoo.appstore (pid 24731) has died.
W/ActivityManager(  468): Scheduling restart of crashed service com.qihoo.appstore/.express.DownloadCoreService in 5000ms
I/ActivityManager(  468): Start proc cn.etouch.ecalendar for broadcast cn.etouch.ecalendar/.widget.myWidget_weather2: pid=25204 uid=10152 gids={3003, 1015, 1007, 1028}
I/ActivityManager(  468): Process cn.etouch.ecalendar (pid 25204) has died.
I/ActivityManager(  468): Start proc cn.etouch.ecalendar for broadcast cn.etouch.ecalendar/.widget.myWidget_weather: pid=25221 uid=10152 gids={3003, 1015, 1007, 1028}
I/ActivityManager(  468): Start proc com.qihoo.appstore for service com.qihoo.appstore/.express.DownloadCoreService: pid=25240 uid=10094 gids={3003, 1015, 3002, 1006, 3001, 1028}
I/ActivityManager(  468): Process cn.etouch.ecalendar (pid 25221) has died.
I/ActivityManager(  468): Process sina.mobile.tianqitong (pid 24785) has died.
W/ActivityManager(  468): Scheduling restart of crashed service sina.mobile.tianqitong/com.sina.tianqitong.service.TQTService in 5000ms
I/ActivityManager(  468): Start proc cn.etouch.ecalendar for broadcast cn.etouch.ecalendar/.widget.myWidget_weather: pid=25267 uid=10152 gids={3003, 1015, 1007, 1028}
I/ActivityManager(  468): Start proc sina.mobile.tianqitong for service sina.mobile.tianqitong/com.sina.tianqitong.service.TQTService: pid=25285 uid=10075 gids={3003, 1015, 1028}
I/ActivityManager(  468): Process cn.etouch.ecalendar (pid 25267) has died.
I/ActivityManager(  468): Process sina.mobile.tianqitong (pid 25285) has died.
I/ActivityManager(  468): Start proc cn.etouch.ecalendar for broadcast cn.etouch.ecalendar/.widget.myWidget_weather2: pid=25313 uid=10152 gids={3003, 1015, 1007, 1028}
I/ActivityManager(  468): Start proc com.miui.providers.weather:receiverupdateweather for broadcast com.miui.providers.weather/.ReceiverUpdateWeather: pid=25332 uid=10046 gids={3003, 1028}
I/ActivityManager(  468): Start proc com.miui.weather2:weatherservice for service com.miui.weather2/.service.UpdateService: pid=25344 uid=10081 gids={3003, 1015, 1028}
I/ActivityManager(  468): Process com.miui.providers.weather:receiverupdateweather (pid 25332) has died.
I/ActivityManager(  468): Process cn.etouch.ecalendar (pid 25313) has died.
I/ActivityManager(  468): Start proc cn.etouch.ecalendar for broadcast cn.etouch.ecalendar/.widget.myWidget_weather2: pid=25358 uid=10152 gids={3003, 1015, 1007, 1028}
I/ActivityManager(  468): Process cn.etouch.ecalendar (pid 25358) has died.
I/ActivityManager(  468): Start proc cn.etouch.ecalendar for broadcast cn.etouch.ecalendar/.widget.myWidget_weather: pid=25379 uid=10152 gids={3003, 1015, 1007, 1028}
I/ActivityManager(  468): Start proc sina.mobile.tianqitong for service sina.mobile.tianqitong/com.sina.tianqitong.service.TQTService: pid=25391 uid=10075 gids={3003, 1015, 1028}
I/ActivityManager(  468): Process com.miui.weather2:weatherservice (pid 25344) has died.
I/ActivityManager(  468): Process cn.etouch.ecalendar (pid 25379) has died.
I/ActivityManager(  468): Process sina.mobile.tianqitong:remote (pid 24816) has died.
W/ActivityManager(  468): Scheduling restart of crashed service sina.mobile.tianqitong/com.sina.push.service.SinaPushService in 5000ms
D/PhoneStatusBar(  587): updateNotification pkg=sina.mobile.tianqitong;id=5
I/ActivityManager(  468): Start proc sina.mobile.tianqitong:remote for service sina.mobile.tianqitong/com.sina.push.service.SinaPushService: pid=25425 uid=10075 gids={3003, 1015, 1028}
I/ActivityManager(  468): Process com.miui.guardprovider (pid 16997) has died.
W/ActivityManager(  468): Scheduling restart of crashed service com.miui.guardprovider/.SecureService in 5000ms
D/PhoneStatusBar(  587): updateNotification pkg=sina.mobile.tianqitong;id=5
W/ActivityManager(  468): Unable to start service Intent { act=sina.push.action.service.null (has extras) }: not found
I/ActivityManager(  468): Start proc cn.etouch.ecalendar for broadcast cn.etouch.ecalendar/.widget.myWidget_weather2: pid=25468 uid=10152 gids={3003, 1015, 1007, 1028}
I/ActivityManager(  468): Process com.baidu.video (pid 24887) has died.
W/ActivityManager(  468): Scheduling restart of crashed service com.baidu.video/.push.PushMessageService in 11724ms
I/ActivityManager(  468): Start proc com.miui.guardprovider for service com.miui.guardprovider/.SecureService: pid=25484 uid=10020 gids={3003, 1015, 1028}
I/ActivityManager(  468): Start proc com.baidu.video for service com.baidu.video/.push.PushMessageService: pid=25503 uid=10091 gids={1028, 1015, 3003, 3002, 3001}
I/ActivityManager(  468): Process cn.etouch.ecalendar (pid 25468) has died.
I/ActivityManager(  468): Process com.sina.weibo (pid 25088) has died.
W/ActivityManager(  468): Scheduling restart of crashed service com.sina.weibo/.weiyou.refactor.service.DMService in 5000ms
I/ActivityManager(  468): Start proc com.baidu.travel for broadcast com.baidu.travel/com.baidu.sapi2.share.ShareReceiver: pid=25526 uid=10222 gids={3003, 1015, 1006, 1007, 1028}
I/ActivityManager(  468): Process com.baidu.video:bdservice_v1 (pid 25179) has died.
W/ActivityManager(  468): Scheduling restart of crashed service com.baidu.video/com.baidu.android.moplus.MoPlusService in 14032ms
I/ActivityManager(  468): Start proc com.baidu.wenku for broadcast com.baidu.wenku/com.baidu.sapi2.share.ShareReceiver: pid=25566 uid=10186 gids={1015, 3001, 3002, 1007, 3003, 1028}
I/ActivityManager(  468): Process com.baidu.travel (pid 25526) has died.
I/ActivityManager(  468): Start proc com.baidu.travel for broadcast com.baidu.travel/com.baidu.sapi2.share.ShareReceiver: pid=25585 uid=10222 gids={3003, 1015, 1006, 1007, 1028}
I/ActivityManager(  468): Process com.baidu.wenku (pid 25566) has died.
I/ActivityManager(  468): Start proc com.baidu.wenku for broadcast com.baidu.wenku/com.baidu.sapi2.share.ShareReceiver: pid=25628 uid=10186 gids={1015, 3001, 3002, 1007, 3003, 1028}
I/ActivityManager(  468): Process com.baidu.travel (pid 25585) has died.
I/ActivityManager(  468): Start proc com.baidu.travel for broadcast com.baidu.travel/.receiver.AccountChangedReceiver: pid=25651 uid=10222 gids={3003, 1015, 1006, 1007, 1028}
I/ActivityManager(  468): Process com.baidu.wenku (pid 25628) has died.
I/ActivityManager(  468): Start proc com.baidu.wenku for broadcast com.baidu.wenku/com.baidu.sapi2.share.ShareReceiver: pid=25690 uid=10186 gids={1015, 3001, 3002, 1007, 3003, 1028}
I/ActivityManager(  468): Process com.baidu.travel (pid 25651) has died.
I/ActivityManager(  468): Start proc com.baidu.travel for broadcast com.baidu.travel/.receiver.AccountChangedReceiver: pid=25711 uid=10222 gids={3003, 1015, 1006, 1007, 1028}
I/ActivityManager(  468): Start proc com.sina.weibo for service com.sina.weibo/.weiyou.refactor.service.DMService: pid=25727 uid=10053 gids={1006, 3003, 1015, 1007, 1028}
I/ActivityManager(  468): Process com.baidu.wenku (pid 25690) has died.
I/ActivityManager(  468): Start proc com.baidu.wenku for broadcast com.baidu.wenku/com.baidu.sapi2.share.ShareReceiver: pid=25775 uid=10186 gids={1015, 3001, 3002, 1007, 3003, 1028}
W/ActivityManager(  468): Unable to start service Intent { act=sina.push.action.service.null (has extras) }: not found
I/ActivityManager(  468): Process com.baidu.travel (pid 25711) has died.
I/ActivityManager(  468): Start proc com.baidu.travel for broadcast com.baidu.travel/.receiver.AccountChangedReceiver: pid=25808 uid=10222 gids={3003, 1015, 1006, 1007, 1028}
I/ActivityManager(  468): Process com.baidu.wenku (pid 25775) has died.
I/ActivityManager(  468): Start proc com.baidu.wenku for broadcast com.baidu.wenku/com.baidu.sapi2.share.ShareReceiver: pid=25856 uid=10186 gids={1015, 3001, 3002, 1007, 3003, 1028}
I/ActivityManager(  468): Process com.baidu.travel (pid 25808) has died.
I/ActivityManager(  468): Start proc com.baidu.travel for broadcast com.baidu.travel/.receiver.AccountChangedReceiver: pid=25873 uid=10222 gids={3003, 1015, 1006, 1007, 1028}
I/ActivityManager(  468): Process com.baidu.wenku (pid 25856) has died.
I/ActivityManager(  468): Start proc cn.etouch.ecalendar for broadcast cn.etouch.ecalendar/.widget.myWidget_weather2: pid=25915 uid=10152 gids={3003, 1015, 1007, 1028}
I/ActivityManager(  468): Process com.baidu.travel (pid 25873) has died.
I/ActivityManager(  468): Start proc com.baidu.video:bdservice_v1 for service com.baidu.video/com.baidu.android.moplus.MoPlusService: pid=25933 uid=10091 gids={1028, 1015, 3003, 3002, 3001}
D/ActivityThread(25933): Loading provider com.baidu.video.bdprovider: com.baidu.video.db.provider.VideoContentProvider
I/ActivityManager(  468): Process cn.etouch.ecalendar (pid 25915) has died.
I/ActivityManager(  468): Process sina.mobile.tianqitong (pid 25391) has died.
W/ActivityManager(  468): Scheduling restart of crashed service sina.mobile.tianqitong/com.sina.tianqitong.service.TQTService in 5000ms
I/ActivityManager(  468): Start proc sina.mobile.tianqitong for service sina.mobile.tianqitong/com.sina.tianqitong.service.TQTService: pid=25959 uid=10075 gids={3003, 1015, 1028}
D/PhoneStatusBar(  587): updateNotification pkg=sina.mobile.tianqitong;id=5
I/ActivityManager(  468): Start proc cn.etouch.ecalendar for broadcast cn.etouch.ecalendar/.widget.myWidget_weather2: pid=25990 uid=10152 gids={3003, 1015, 1007, 1028}
I/ActivityManager(  468): Process sina.mobile.tianqitong (pid 25959) has died.
I/ActivityManager(  468): Start proc sina.mobile.tianqitong for service sina.mobile.tianqitong/com.sina.tianqitong.service.TQTService: pid=26009 uid=10075 gids={3003, 1015, 1028}
I/ActivityManager(  468): Process cn.etouch.ecalendar (pid 25990) has died.
I/ActivityManager(  468): Process sina.mobile.tianqitong:remote (pid 25425) has died.
W/ActivityManager(  468): Scheduling restart of crashed service sina.mobile.tianqitong/com.sina.push.service.SinaPushService in 20000ms
D/PhoneStatusBar(  587): updateNotification pkg=sina.mobile.tianqitong;id=5
I/ActivityManager(  468): Start proc cn.etouch.ecalendar for broadcast cn.etouch.ecalendar/.widget.myWidget_weather2: pid=26042 uid=10152 gids={3003, 1015, 1007, 1028}
I/ActivityManager(  468): Start proc sina.mobile.tianqitong:remote for service sina.mobile.tianqitong/com.sina.push.service.SinaPushService: pid=26059 uid=10075 gids={3003, 1015, 1028}
I/ActivityManager(  468): Process cn.etouch.ecalendar (pid 26042) has died.
D/PhoneStatusBar(  587): updateNotification pkg=sina.mobile.tianqitong;id=5
I/ActivityManager(  468): Process com.qihoo.appstore (pid 25240) has died.
W/ActivityManager(  468): Scheduling restart of crashed service com.qihoo.appstore/.express.DownloadCoreService in 5000ms
W/ActivityManager(  468): Unable to start service Intent { act=sina.push.action.service.null (has extras) }: not found
I/ActivityManager(  468): Start proc cn.etouch.ecalendar for broadcast cn.etouch.ecalendar/.widget.myWidget_weather2: pid=26105 uid=10152 gids={3003, 1015, 1007, 1028}
I/ActivityManager(  468): Start proc com.qihoo.appstore for service com.qihoo.appstore/.express.DownloadCoreService: pid=26135 uid=10094 gids={3003, 1015, 3002, 1006, 3001, 1028}
I/ActivityManager(  468): Process cn.etouch.ecalendar (pid 26105) has died.
I/ActivityManager(  468): Start proc cn.etouch.ecalendar for broadcast cn.etouch.ecalendar/.widget.myWidget_weather: pid=26162 uid=10152 gids={3003, 1015, 1007, 1028}
I/ActivityManager(  468): Process cn.etouch.ecalendar (pid 26162) has died.
I/ActivityManager(  468): Start proc cn.etouch.ecalendar for broadcast cn.etouch.ecalendar/.widget.myWidget_weather2: pid=26181 uid=10152 gids={3003, 1015, 1007, 1028}
I/ActivityManager(  468): Process cn.etouch.ecalendar (pid 26181) has died.
I/ActivityManager(  468): Start proc cn.etouch.ecalendar for broadcast cn.etouch.ecalendar/.widget.myWidget_weather: pid=26199 uid=10152 gids={3003, 1015, 1007, 1028}
I/ActivityManager(  468): Process cn.etouch.ecalendar (pid 26199) has died.
I/ActivityManager(  468): Start proc cn.etouch.ecalendar for broadcast cn.etouch.ecalendar/.widget.myWidget_weather2: pid=26216 uid=10152 gids={3003, 1015, 1007, 1028}
I/ActivityManager(  468): Process cn.etouch.ecalendar (pid 26216) has died.
I/ActivityManager(  468): Start proc cn.etouch.ecalendar for broadcast cn.etouch.ecalendar/.widget.myWidget_weather: pid=26233 uid=10152 gids={3003, 1015, 1007, 1028}
I/ActivityManager(  468): Process cn.etouch.ecalendar (pid 26233) has died.
I/ActivityManager(  468): Start proc cn.etouch.ecalendar for broadcast cn.etouch.ecalendar/.widget.myWidget_weather2: pid=26250 uid=10152 gids={3003, 1015, 1007, 1028}
I/ActivityManager(  468): Process cn.etouch.ecalendar (pid 26250) has died.
I/ActivityManager(  468): Process com.iflytek.speechcloud (pid 18012) has died.
W/ActivityManager(  468): Scheduling restart of crashed service com.iflytek.speechcloud/com.iflytek.business.BusinessService in 5000ms
I/ActivityManager(  468): Process com.baidu.video (pid 25503) has died.
W/ActivityManager(  468): Scheduling restart of crashed service com.baidu.video/.push.PushMessageService in 14495ms
I/ActivityManager(  468): Start proc cn.etouch.ecalendar for broadcast cn.etouch.ecalendar/.widget.myWidget_weather: pid=26272 uid=10152 gids={3003, 1015, 1007, 1028}
I/ActivityManager(  468): Start proc com.iflytek.speechcloud for service com.iflytek.speechcloud/com.iflytek.business.BusinessService: pid=26287 uid=10063 gids={3003, 1015, 1007, 1028}
W/ActivityManager(  468): Unable to start service Intent { act=com.iflytek.business.plusbusinessservice }: not found
I/ActivityManager(  468): Start proc com.baidu.video for service com.baidu.video/.push.PushMessageService: pid=26305 uid=10091 gids={1028, 1015, 3003, 3002, 3001}
I/ActivityManager(  468): Start proc com.baidu.travel for broadcast com.baidu.travel/com.baidu.sapi2.share.ShareReceiver: pid=26329 uid=10222 gids={3003, 1015, 1006, 1007, 1028}
I/ActivityManager(  468): Process cn.etouch.ecalendar (pid 26272) has died.
I/ActivityManager(  468): Process com.example.killedapplication:MyTestService (pid 18171) has died.
W/ActivityManager(  468): Scheduling restart of crashed service com.example.killedapplication/.MyTestService in 5000ms
I/ActivityManager(  468): Process com.sina.weibo (pid 25727) has died.
W/ActivityManager(  468): Scheduling restart of crashed service com.sina.weibo/.weiyou.refactor.service.DMService in 14702ms
I/ActivityManager(  468): Start proc com.baidu.wenku for broadcast com.baidu.wenku/com.baidu.sapi2.share.ShareReceiver: pid=26369 uid=10186 gids={1015, 3001, 3002, 1007, 3003, 1028}
I/ActivityManager(  468): Process com.baidu.travel (pid 26329) has died.
I/ActivityManager(  468): Start proc com.baidu.travel for broadcast com.baidu.travel/com.baidu.sapi2.share.ShareReceiver: pid=26388 uid=10222 gids={3003, 1015, 1006, 1007, 1028}
I/ActivityManager(  468): Process com.baidu.wenku (pid 26369) has died.
I/ActivityManager(  468): Process com.baidu.video:bdservice_v1 (pid 25933) has died.
W/ActivityManager(  468): Scheduling restart of crashed service com.baidu.video/com.baidu.android.moplus.MoPlusService in 23013ms
I/ActivityManager(  468): Start proc com.baidu.wenku for broadcast com.baidu.wenku/com.baidu.sapi2.share.ShareReceiver: pid=26430 uid=10186 gids={1015, 3001, 3002, 1007, 3003, 1028}
I/ActivityManager(  468): Start proc com.example.killedapplication:MyTestService for service com.example.killedapplication/.MyTestService: pid=26456 uid=10089 gids={1028}
I/ActivityManager(  468): Process com.baidu.travel (pid 26388) has died.
I/ActivityManager(  468): Start proc cn.etouch.ecalendar for broadcast cn.etouch.ecalendar/.widget.myWidget_weather: pid=26471 uid=10152 gids={3003, 1015, 1007, 1028}
